Archive member included to satisfy reference by file (symbol)

c:/program files (x86)/arm gnu toolchain arm-none-eabi/12.3 rel1/bin/../lib/gcc/arm-none-eabi/12.3.1/thumb/v7ve+simd/hard\libgcc.a(_aeabi_uldivmod.o)
                              build/obj/Drivers/STM32MP13xx_HAL_Driver/Src/stm32mp13xx_hal.o (__aeabi_uldivmod)
c:/program files (x86)/arm gnu toolchain arm-none-eabi/12.3 rel1/bin/../lib/gcc/arm-none-eabi/12.3.1/thumb/v7ve+simd/hard\libgcc.a(_udivmoddi4.o)
                              c:/program files (x86)/arm gnu toolchain arm-none-eabi/12.3 rel1/bin/../lib/gcc/arm-none-eabi/12.3.1/thumb/v7ve+simd/hard\libgcc.a(_aeabi_uldivmod.o) (__udivmoddi4)
c:/program files (x86)/arm gnu toolchain arm-none-eabi/12.3 rel1/bin/../lib/gcc/arm-none-eabi/12.3.1/thumb/v7ve+simd/hard\libgcc.a(_dvmd_tls.o)
                              c:/program files (x86)/arm gnu toolchain arm-none-eabi/12.3 rel1/bin/../lib/gcc/arm-none-eabi/12.3.1/thumb/v7ve+simd/hard\libgcc.a(_aeabi_uldivmod.o) (__aeabi_ldiv0)
c:/program files (x86)/arm gnu toolchain arm-none-eabi/12.3 rel1/bin/../lib/gcc/arm-none-eabi/12.3.1/thumb/v7ve+simd/hard\libc_nano.a(libc_a-printf.o)
                              build/obj/Src/main.o (printf)
c:/program files (x86)/arm gnu toolchain arm-none-eabi/12.3 rel1/bin/../lib/gcc/arm-none-eabi/12.3.1/thumb/v7ve+simd/hard\libc_nano.a(libc_a-memset.o)
                              build/obj/Src/main.o (memset)
c:/program files (x86)/arm gnu toolchain arm-none-eabi/12.3 rel1/bin/../lib/gcc/arm-none-eabi/12.3.1/thumb/v7ve+simd/hard\libc_nano.a(libc_a-impure.o)
                              c:/program files (x86)/arm gnu toolchain arm-none-eabi/12.3 rel1/bin/../lib/gcc/arm-none-eabi/12.3.1/thumb/v7ve+simd/hard\libc_nano.a(libc_a-printf.o) (_impure_ptr)
c:/program files (x86)/arm gnu toolchain arm-none-eabi/12.3 rel1/bin/../lib/gcc/arm-none-eabi/12.3.1/thumb/v7ve+simd/hard\libc_nano.a(libc_a-errno.o)
                              build/obj/Drivers/syscalls.o (__errno)
c:/program files (x86)/arm gnu toolchain arm-none-eabi/12.3 rel1/bin/../lib/gcc/arm-none-eabi/12.3.1/thumb/v7ve+simd/hard\libc_nano.a(libc_a-init.o)
                              build/obj/Drivers/startup_stm32mp135fxx_ca7.o (__libc_init_array)
c:/program files (x86)/arm gnu toolchain arm-none-eabi/12.3 rel1/bin/../lib/gcc/arm-none-eabi/12.3.1/thumb/v7ve+simd/hard\libc_nano.a(libc_a-nano-vfprintf.o)
                              c:/program files (x86)/arm gnu toolchain arm-none-eabi/12.3 rel1/bin/../lib/gcc/arm-none-eabi/12.3.1/thumb/v7ve+simd/hard\libc_nano.a(libc_a-printf.o) (_vfprintf_r)
c:/program files (x86)/arm gnu toolchain arm-none-eabi/12.3 rel1/bin/../lib/gcc/arm-none-eabi/12.3.1/thumb/v7ve+simd/hard\libc_nano.a(libc_a-nano-vfprintf_i.o)
                              c:/program files (x86)/arm gnu toolchain arm-none-eabi/12.3 rel1/bin/../lib/gcc/arm-none-eabi/12.3.1/thumb/v7ve+simd/hard\libc_nano.a(libc_a-nano-vfprintf.o) (_printf_i)
c:/program files (x86)/arm gnu toolchain arm-none-eabi/12.3 rel1/bin/../lib/gcc/arm-none-eabi/12.3.1/thumb/v7ve+simd/hard\libc_nano.a(libc_a-findfp.o)
                              c:/program files (x86)/arm gnu toolchain arm-none-eabi/12.3 rel1/bin/../lib/gcc/arm-none-eabi/12.3.1/thumb/v7ve+simd/hard\libc_nano.a(libc_a-nano-vfprintf.o) (__sinit)
c:/program files (x86)/arm gnu toolchain arm-none-eabi/12.3 rel1/bin/../lib/gcc/arm-none-eabi/12.3.1/thumb/v7ve+simd/hard\libc_nano.a(libc_a-fvwrite.o)
                              c:/program files (x86)/arm gnu toolchain arm-none-eabi/12.3 rel1/bin/../lib/gcc/arm-none-eabi/12.3.1/thumb/v7ve+simd/hard\libc_nano.a(libc_a-nano-vfprintf.o) (__sfvwrite_r)
c:/program files (x86)/arm gnu toolchain arm-none-eabi/12.3 rel1/bin/../lib/gcc/arm-none-eabi/12.3.1/thumb/v7ve+simd/hard\libc_nano.a(libc_a-fwalk.o)
                              c:/program files (x86)/arm gnu toolchain arm-none-eabi/12.3 rel1/bin/../lib/gcc/arm-none-eabi/12.3.1/thumb/v7ve+simd/hard\libc_nano.a(libc_a-findfp.o) (_fwalk_sglue)
c:/program files (x86)/arm gnu toolchain arm-none-eabi/12.3 rel1/bin/../lib/gcc/arm-none-eabi/12.3.1/thumb/v7ve+simd/hard\libc_nano.a(libc_a-stdio.o)
                              c:/program files (x86)/arm gnu toolchain arm-none-eabi/12.3 rel1/bin/../lib/gcc/arm-none-eabi/12.3.1/thumb/v7ve+simd/hard\libc_nano.a(libc_a-findfp.o) (__sread)
c:/program files (x86)/arm gnu toolchain arm-none-eabi/12.3 rel1/bin/../lib/gcc/arm-none-eabi/12.3.1/thumb/v7ve+simd/hard\libc_nano.a(libc_a-wbuf.o)
                              c:/program files (x86)/arm gnu toolchain arm-none-eabi/12.3 rel1/bin/../lib/gcc/arm-none-eabi/12.3.1/thumb/v7ve+simd/hard\libc_nano.a(libc_a-nano-vfprintf.o) (__swbuf_r)
c:/program files (x86)/arm gnu toolchain arm-none-eabi/12.3 rel1/bin/../lib/gcc/arm-none-eabi/12.3.1/thumb/v7ve+simd/hard\libc_nano.a(libc_a-wsetup.o)
[...]
Memory Configuration

Name             Origin             Length             Attributes
SYSRAM_BASE      0x2ffe0000         0x00020000         xrw
SRAM1_BASE       0x30000000         0x00004000         xrw
SRAM2_BASE       0x30004000         0x00002000         xrw
SRAM3_BASE       0x30006000         0x00002000         xrw
DDR_BASE         0xc0000000         0x20000000         xrw
*default*        0x00000000         0xffffffff

Linker script and memory map

LOAD build/obj/Src/main.o
LOAD build/obj/Drivers/syscalls.o
LOAD build/obj/Drivers/stm32mp13xx_hal_msp.o
LOAD build/obj/Drivers/stm32mp13xx_it.o
LOAD build/obj/Drivers/mmu_stm32mp13xx.o
LOAD build/obj/Drivers/system_stm32mp13xx_A7.o
LOAD build/obj/Drivers/startup_stm32mp135fxx_ca7.o
LOAD build/obj/Drivers/CMSIS/Core_A/Source/irq_ctrl_gic.o
LOAD build/obj/Drivers/STM32MP13xx_HAL_Driver/Src/stm32mp13xx_hal.o
LOAD build/obj/Drivers/STM32MP13xx_HAL_Driver/Src/stm32mp13xx_hal_dma.o
LOAD build/obj/Drivers/STM32MP13xx_HAL_Driver/Src/stm32mp13xx_hal_dma_ex.o
LOAD build/obj/Drivers/STM32MP13xx_HAL_Driver/Src/stm32mp13xx_hal_exti.o
LOAD build/obj/Drivers/STM32MP13xx_HAL_Driver/Src/stm32mp13xx_hal_gpio.o
LOAD build/obj/Drivers/STM32MP13xx_HAL_Driver/Src/stm32mp13xx_hal_i2c.o
LOAD build/obj/Drivers/STM32MP13xx_HAL_Driver/Src/stm32mp13xx_hal_rcc.o
LOAD build/obj/Drivers/STM32MP13xx_HAL_Driver/Src/stm32mp13xx_hal_rcc_ex.o
LOAD build/obj/Drivers/STM32MP13xx_HAL_Driver/Src/stm32mp13xx_hal_uart.o
LOAD build/obj/Drivers/STM32MP13xx_HAL_Driver/Src/stm32mp13xx_hal_uart_ex.o
LOAD build/obj/Drivers/STM32MP13xx_DISCO/stm32mp13xx_disco.o
LOAD build/obj/Drivers/STM32MP13xx_DISCO/stm32mp13xx_disco_bus.o
LOAD build/obj/Drivers/STM32MP13xx_DISCO/stm32mp13xx_disco_stpmic1.o
START GROUP
LOAD c:/program files (x86)/arm gnu toolchain arm-none-eabi/12.3 rel1/bin/../lib/gcc/arm-none-eabi/12.3.1/thumb/v7ve+simd/hard\libgcc.a
LOAD c:/program files (x86)/arm gnu toolchain arm-none-eabi/12.3 rel1/bin/../lib/gcc/arm-none-eabi/12.3.1/thumb/v7ve+simd/hard\libc_nano.a
END GROUP
START GROUP
LOAD c:/program files (x86)/arm gnu toolchain arm-none-eabi/12.3 rel1/bin/../lib/gcc/arm-none-eabi/12.3.1/thumb/v7ve+simd/hard\libgcc.a
LOAD c:/program files (x86)/arm gnu toolchain arm-none-eabi/12.3 rel1/bin/../lib/gcc/arm-none-eabi/12.3.1/thumb/v7ve+simd/hard\libc_nano.a
LOAD c:/program files (x86)/arm gnu toolchain arm-none-eabi/12.3 rel1/bin/../lib/gcc/arm-none-eabi/12.3.1/thumb/v7ve+simd/hard\libnosys.a
END GROUP
START GROUP
LOAD c:/program files (x86)/arm gnu toolchain arm-none-eabi/12.3 rel1/bin/../lib/gcc/arm-none-eabi/12.3.1/thumb/v7ve+simd/hard\libgcc.a
LOAD c:/program files (x86)/arm gnu toolchain arm-none-eabi/12.3 rel1/bin/../lib/gcc/arm-none-eabi/12.3.1/thumb/v7ve+simd/hard\libc_nano.a
LOAD c:/program files (x86)/arm gnu toolchain arm-none-eabi/12.3 rel1/bin/../lib/gcc/arm-none-eabi/12.3.1/thumb/v7ve+simd/hard\libnosys.a
END GROUP
                0x00000200                        _Min_Heap_Size = 0x200
                0x00000400                        _Min_Stack_Size = 0x400
                0x00004000                        TTB_L1_SIZE = 0x4000
                0x00000400                        TTB_L2_SIZE = 0x400
                0x00000000                        START_OFFSET = 0x0
                0x2ffe0000                        __MEM_START__ = (ORIGIN (RAM) + START_OFFSET)
                0x00020000                        __MEM_SIZE__ = (LENGTH (RAM) - START_OFFSET)
                0x00000400                        __FIQ_STACK_SIZE = 0x400
                0x00000400                        __IRQ_STACK_SIZE = 0x400
                0x00000400                        __ABT_STACK_SIZE = 0x400
                0x00000400                        __SVC_STACK_SIZE = 0x400
                0x00000400                        __UND_STACK_SIZE = 0x400
                0x30000000                        FIQ_STACK = (__MEM_START__ + __MEM_SIZE__)
                0x2ffffc00                        IRQ_STACK = (FIQ_STACK - __FIQ_STACK_SIZE)
                0x2ffff800                        ABT_STACK = (IRQ_STACK - __IRQ_STACK_SIZE)
                0x2ffff400                        SVC_STACK = (ABT_STACK - __ABT_STACK_SIZE)
                0x2ffff000                        UND_STACK = (SVC_STACK - __SVC_STACK_SIZE)
                0x2fffec00                        SYS_STACK = (UND_STACK - __UND_STACK_SIZE)
                0x2ffe0000                        . = __MEM_START__

.RESET          0x2ffe0000    0x10000
                0x2ffe0000                        __TEXT_START__ = .
 *(.text.Reset_Handler)
 .text.Reset_Handler
                0x2ffe0000       0xb4 build/obj/Drivers/startup_stm32mp135fxx_ca7.o
                0x2ffe0000                Reset_Handler
 *(RESET)
 *fill*         0x2ffe00b4       0x4c 
 RESET          0x2ffe0100       0x44 build/obj/Drivers/startup_stm32mp135fxx_ca7.o
                0x2ffe0100                Vectors
 *(.text*)
 .text.main     0x2ffe0144       0x68 build/obj/Src/main.o
                0x2ffe0144                main
 .text.SystemClock_Config
                0x2ffe01ac      0x268 build/obj/Src/main.o
                0x2ffe01ac                SystemClock_Config
 .text.PeriphCommonClock_Config
                0x2ffe0414      0x304 build/obj/Src/main.o
                0x2ffe0414                PeriphCommonClock_Config
 .text.MX_GPIO_Init
                0x2ffe0718       0x18 build/obj/Src/main.o
 .text.MX_UART4_Init
                0x2ffe0730      0x140 build/obj/Src/main.o
 .text.__write  0x2ffe0870       0x40 build/obj/Src/main.o
                0x2ffe0870                __write
 .text.__io_putchar
                0x2ffe08b0       0x34 build/obj/Src/main.o
                0x2ffe08b0                __io_putchar
 .text.__io_getchar
                0x2ffe08e4       0x68 build/obj/Src/main.o
                0x2ffe08e4                __io_getchar
 .text.Error_Handler
                0x2ffe094c       0x18 build/obj/Src/main.o
                0x2ffe094c                Error_Handler
 .text._read    0x2ffe0964       0x6c build/obj/Drivers/syscalls.o
                0x2ffe0964                _read
 .text._write   0x2ffe09d0       0x68 build/obj/Drivers/syscalls.o
                0x2ffe09d0                _write
 .text._close   0x2ffe0a38       0x24 build/obj/Drivers/syscalls.o
                0x2ffe0a38                _close
 .text._fstat   0x2ffe0a5c       0x34 build/obj/Drivers/syscalls.o
                0x2ffe0a5c                _fstat
 .text._isatty  0x2ffe0a90       0x24 build/obj/Drivers/syscalls.o
                0x2ffe0a90                _isatty
 .text._lseek   0x2ffe0ab4       0x2c build/obj/Drivers/syscalls.o
                0x2ffe0ab4                _lseek
 .text._init    0x2ffe0ae0       0x18 build/obj/Drivers/syscalls.o
                0x2ffe0ae0                _init
 .text.HAL_MspInit
                0x2ffe0af8       0x18 build/obj/Drivers/stm32mp13xx_hal_msp.o
                0x2ffe0af8                HAL_MspInit
 .text.HAL_UART_MspInit
                0x2ffe0b10       0xdc build/obj/Drivers/stm32mp13xx_hal_msp.o
                0x2ffe0b10                HAL_UART_MspInit
 .text.__FPU_Enable
                0x2ffe0bec       0xcc build/obj/Drivers/system_stm32mp13xx_A7.o
 .text.PL1_SetLoadValue
                0x2ffe0cb8       0x3c build/obj/Drivers/system_stm32mp13xx_A7.o
 .text.PL1_GetCurrentValue
                0x2ffe0cf4       0x28 build/obj/Drivers/system_stm32mp13xx_A7.o
 .text.MMU_InvalidateTLB
                0x2ffe0d1c       0x40 build/obj/Drivers/system_stm32mp13xx_A7.o
 .text.SystemInit_IRQ_ErrorHandler
                0x2ffe0d5c        0xc build/obj/Drivers/system_stm32mp13xx_A7.o
 .text.SecurePhysicalTimer_IRQHandler
                0x2ffe0d68       0x30 build/obj/Drivers/system_stm32mp13xx_A7.o
                0x2ffe0d68                SecurePhysicalTimer_IRQHandler
 .text.IRQ_Handler
                0x2ffe0d98       0xa0 build/obj/Drivers/system_stm32mp13xx_A7.o
                0x2ffe0d98                IRQ_Handler
 .text.ZeroBss  0x2ffe0e38       0x4c build/obj/Drivers/system_stm32mp13xx_A7.o
                0x2ffe0e38                ZeroBss
 .text.SystemInit
                0x2ffe0e84      0x3c0 build/obj/Drivers/system_stm32mp13xx_A7.o
                0x2ffe0e84                SystemInit
 .text.RESERVED_IRQHandler
                0x2ffe1244       0x18 build/obj/Drivers/startup_stm32mp135fxx_ca7.o
                0x2ffe1244                RESERVED_IRQHandler
 .text.SGI0_IRQHandler
                0x2ffe125c       0x18 build/obj/Drivers/startup_stm32mp135fxx_ca7.o
                0x2ffe125c                SGI0_IRQHandler
 .text.SGI1_IRQHandler
                0x2ffe1274       0x18 build/obj/Drivers/startup_stm32mp135fxx_ca7.o
                0x2ffe1274                SGI1_IRQHandler
 .text.SGI2_IRQHandler
                0x2ffe128c       0x18 build/obj/Drivers/startup_stm32mp135fxx_ca7.o
                0x2ffe128c                SGI2_IRQHandler
 .text.SGI3_IRQHandler
                0x2ffe12a4       0x18 build/obj/Drivers/startup_stm32mp135fxx_ca7.o
                0x2ffe12a4                SGI3_IRQHandler
 .text.SGI4_IRQHandler
                0x2ffe12bc       0x18 build/obj/Drivers/startup_stm32mp135fxx_ca7.o
                0x2ffe12bc                SGI4_IRQHandler
 .text.SGI5_IRQHandler
                0x2ffe12d4       0x18 build/obj/Drivers/startup_stm32mp135fxx_ca7.o
                0x2ffe12d4                SGI5_IRQHandler
 .text.SGI6_IRQHandler
                0x2ffe12ec       0x18 build/obj/Drivers/startup_stm32mp135fxx_ca7.o
                0x2ffe12ec                SGI6_IRQHandler
 .text.SGI7_IRQHandler
                0x2ffe1304       0x18 build/obj/Drivers/startup_stm32mp135fxx_ca7.o
                0x2ffe1304                SGI7_IRQHandler
 .text.SGI8_IRQHandler
                0x2ffe131c       0x18 build/obj/Drivers/startup_stm32mp135fxx_ca7.o
                0x2ffe131c                SGI8_IRQHandler
 .text.SGI9_IRQHandler
                0x2ffe1334       0x18 build/obj/Drivers/startup_stm32mp135fxx_ca7.o
                0x2ffe1334                SGI9_IRQHandler
 .text.SGI10_IRQHandler
                0x2ffe134c       0x18 build/obj/Drivers/startup_stm32mp135fxx_ca7.o
                0x2ffe134c                SGI10_IRQHandler
 .text.SGI11_IRQHandler
                0x2ffe1364       0x18 build/obj/Drivers/startup_stm32mp135fxx_ca7.o
                0x2ffe1364                SGI11_IRQHandler
 .text.SGI12_IRQHandler
                0x2ffe137c       0x18 build/obj/Drivers/startup_stm32mp135fxx_ca7.o
                0x2ffe137c                SGI12_IRQHandler
 .text.SGI13_IRQHandler
                0x2ffe1394       0x18 build/obj/Drivers/startup_stm32mp135fxx_ca7.o
                0x2ffe1394                SGI13_IRQHandler
 .text.SGI14_IRQHandler
                0x2ffe13ac       0x18 build/obj/Drivers/startup_stm32mp135fxx_ca7.o
                0x2ffe13ac                SGI14_IRQHandler
 .text.SGI15_IRQHandler
                0x2ffe13c4       0x18 build/obj/Drivers/startup_stm32mp135fxx_ca7.o
                0x2ffe13c4                SGI15_IRQHandler
 .text.VirtualMaintenanceInterrupt_IRQHandler
                0x2ffe13dc       0x18 build/obj/Drivers/startup_stm32mp135fxx_ca7.o
                0x2ffe13dc                VirtualMaintenanceInterrupt_IRQHandler
 .text.HypervisorTimer_IRQHandler
                0x2ffe13f4       0x18 build/obj/Drivers/startup_stm32mp135fxx_ca7.o
                0x2ffe13f4                HypervisorTimer_IRQHandler
 .text.VirtualTimer_IRQHandler
                0x2ffe140c       0x18 build/obj/Drivers/startup_stm32mp135fxx_ca7.o
                0x2ffe140c                VirtualTimer_IRQHandler
 .text.Legacy_nFIQ_IRQHandler
                0x2ffe1424       0x18 build/obj/Drivers/startup_stm32mp135fxx_ca7.o
                0x2ffe1424                Legacy_nFIQ_IRQHandler
 .text.NonSecurePhysicalTimer_IRQHandler
                0x2ffe143c       0x18 build/obj/Drivers/startup_stm32mp135fxx_ca7.o
                0x2ffe143c                NonSecurePhysicalTimer_IRQHandler
 .text.Legacy_nIRQ_IRQHandler
                0x2ffe1454       0x18 build/obj/Drivers/startup_stm32mp135fxx_ca7.o
                0x2ffe1454                Legacy_nIRQ_IRQHandler
 .text.PVD_AVD_IRQHandler
                0x2ffe146c       0x18 build/obj/Drivers/startup_stm32mp135fxx_ca7.o
                0x2ffe146c                PVD_AVD_IRQHandler
 .text.TAMP_IRQHandler
                0x2ffe1484       0x18 build/obj/Drivers/startup_stm32mp135fxx_ca7.o
                0x2ffe1484                TAMP_IRQHandler
 .text.RTC_WKUP_ALARM_IRQHandler
                0x2ffe149c       0x18 build/obj/Drivers/startup_stm32mp135fxx_ca7.o
                0x2ffe149c                RTC_WKUP_ALARM_IRQHandler
 .text.TZC_IT_IRQHandler
                0x2ffe14b4       0x18 build/obj/Drivers/startup_stm32mp135fxx_ca7.o
                0x2ffe14b4                TZC_IT_IRQHandler
 .text.RCC_IRQHandler
                0x2ffe14cc       0x18 build/obj/Drivers/startup_stm32mp135fxx_ca7.o
                0x2ffe14cc                RCC_IRQHandler
 .text.EXTI0_IRQHandler
                0x2ffe14e4       0x18 build/obj/Drivers/startup_stm32mp135fxx_ca7.o
                0x2ffe14e4                EXTI0_IRQHandler
 .text.EXTI1_IRQHandler
                0x2ffe14fc       0x18 build/obj/Drivers/startup_stm32mp135fxx_ca7.o
                0x2ffe14fc                EXTI1_IRQHandler
 .text.EXTI2_IRQHandler
                0x2ffe1514       0x18 build/obj/Drivers/startup_stm32mp135fxx_ca7.o
                0x2ffe1514                EXTI2_IRQHandler
 .text.EXTI3_IRQHandler
                0x2ffe152c       0x18 build/obj/Drivers/startup_stm32mp135fxx_ca7.o
                0x2ffe152c                EXTI3_IRQHandler
 .text.EXTI4_IRQHandler
                0x2ffe1544       0x18 build/obj/Drivers/startup_stm32mp135fxx_ca7.o
                0x2ffe1544                EXTI4_IRQHandler
 .text.DMA1_Stream0_IRQHandler
                0x2ffe155c       0x18 build/obj/Drivers/startup_stm32mp135fxx_ca7.o
                0x2ffe155c                DMA1_Stream0_IRQHandler
 .text.DMA1_Stream1_IRQHandler
                0x2ffe1574       0x18 build/obj/Drivers/startup_stm32mp135fxx_ca7.o
                0x2ffe1574                DMA1_Stream1_IRQHandler
 .text.DMA1_Stream2_IRQHandler
                0x2ffe158c       0x18 build/obj/Drivers/startup_stm32mp135fxx_ca7.o
                0x2ffe158c                DMA1_Stream2_IRQHandler
 .text.DMA1_Stream3_IRQHandler
                0x2ffe15a4       0x18 build/obj/Drivers/startup_stm32mp135fxx_ca7.o
                0x2ffe15a4                DMA1_Stream3_IRQHandler
 .text.DMA1_Stream4_IRQHandler
                0x2ffe15bc       0x18 build/obj/Drivers/startup_stm32mp135fxx_ca7.o
                0x2ffe15bc                DMA1_Stream4_IRQHandler
 .text.DMA1_Stream5_IRQHandler
                0x2ffe15d4       0x18 build/obj/Drivers/startup_stm32mp135fxx_ca7.o
                0x2ffe15d4                DMA1_Stream5_IRQHandler
 .text.DMA1_Stream6_IRQHandler
                0x2ffe15ec       0x18 build/obj/Drivers/startup_stm32mp135fxx_ca7.o
                0x2ffe15ec                DMA1_Stream6_IRQHandler
 .text.ADC1_IRQHandler
                0x2ffe1604       0x18 build/obj/Drivers/startup_stm32mp135fxx_ca7.o
                0x2ffe1604                ADC1_IRQHandler
 .text.ADC2_IRQHandler
                0x2ffe161c       0x18 build/obj/Drivers/startup_stm32mp135fxx_ca7.o
                0x2ffe161c                ADC2_IRQHandler
 .text.FDCAN1_IT0_IRQHandler
                0x2ffe1634       0x18 build/obj/Drivers/startup_stm32mp135fxx_ca7.o
                0x2ffe1634                FDCAN1_IT0_IRQHandler
 .text.FDCAN2_IT0_IRQHandler
                0x2ffe164c       0x18 build/obj/Drivers/startup_stm32mp135fxx_ca7.o
                0x2ffe164c                FDCAN2_IT0_IRQHandler
 .text.FDCAN1_IT1_IRQHandler
                0x2ffe1664       0x18 build/obj/Drivers/startup_stm32mp135fxx_ca7.o
                0x2ffe1664                FDCAN1_IT1_IRQHandler
 .text.FDCAN2_IT1_IRQHandler
                0x2ffe167c       0x18 build/obj/Drivers/startup_stm32mp135fxx_ca7.o
                0x2ffe167c                FDCAN2_IT1_IRQHandler
 .text.EXTI5_IRQHandler
                0x2ffe1694       0x18 build/obj/Drivers/startup_stm32mp135fxx_ca7.o
                0x2ffe1694                EXTI5_IRQHandler
 .text.TIM1_BRK_IRQHandler
                0x2ffe16ac       0x18 build/obj/Drivers/startup_stm32mp135fxx_ca7.o
                0x2ffe16ac                TIM1_BRK_IRQHandler
 .text.TIM1_UP_IRQHandler
                0x2ffe16c4       0x18 build/obj/Drivers/startup_stm32mp135fxx_ca7.o
                0x2ffe16c4                TIM1_UP_IRQHandler
 .text.TIM1_TRG_COM_IRQHandler
                0x2ffe16dc       0x18 build/obj/Drivers/startup_stm32mp135fxx_ca7.o
                0x2ffe16dc                TIM1_TRG_COM_IRQHandler
 .text.TIM1_CC_IRQHandler
                0x2ffe16f4       0x18 build/obj/Drivers/startup_stm32mp135fxx_ca7.o
                0x2ffe16f4                TIM1_CC_IRQHandler
 .text.TIM2_IRQHandler
                0x2ffe170c       0x18 build/obj/Drivers/startup_stm32mp135fxx_ca7.o
                0x2ffe170c                TIM2_IRQHandler
 .text.TIM3_IRQHandler
                0x2ffe1724       0x18 build/obj/Drivers/startup_stm32mp135fxx_ca7.o
                0x2ffe1724                TIM3_IRQHandler
 .text.TIM4_IRQHandler
                0x2ffe173c       0x18 build/obj/Drivers/startup_stm32mp135fxx_ca7.o
                0x2ffe173c                TIM4_IRQHandler
 .text.I2C1_EV_IRQHandler
                0x2ffe1754       0x18 build/obj/Drivers/startup_stm32mp135fxx_ca7.o
                0x2ffe1754                I2C1_EV_IRQHandler
 .text.I2C1_ER_IRQHandler
                0x2ffe176c       0x18 build/obj/Drivers/startup_stm32mp135fxx_ca7.o
                0x2ffe176c                I2C1_ER_IRQHandler
 .text.I2C2_EV_IRQHandler
                0x2ffe1784       0x18 build/obj/Drivers/startup_stm32mp135fxx_ca7.o
                0x2ffe1784                I2C2_EV_IRQHandler
 .text.I2C2_ER_IRQHandler
                0x2ffe179c       0x18 build/obj/Drivers/startup_stm32mp135fxx_ca7.o
                0x2ffe179c                I2C2_ER_IRQHandler
 .text.SPI1_IRQHandler
                0x2ffe17b4       0x18 build/obj/Drivers/startup_stm32mp135fxx_ca7.o
                0x2ffe17b4                SPI1_IRQHandler
 .text.SPI2_IRQHandler
                0x2ffe17cc       0x18 build/obj/Drivers/startup_stm32mp135fxx_ca7.o
                0x2ffe17cc                SPI2_IRQHandler
 .text.USART1_IRQHandler
                0x2ffe17e4       0x18 build/obj/Drivers/startup_stm32mp135fxx_ca7.o
                0x2ffe17e4                USART1_IRQHandler
 .text.USART2_IRQHandler
                0x2ffe17fc       0x18 build/obj/Drivers/startup_stm32mp135fxx_ca7.o
                0x2ffe17fc                USART2_IRQHandler
 .text.USART3_IRQHandler
                0x2ffe1814       0x18 build/obj/Drivers/startup_stm32mp135fxx_ca7.o
                0x2ffe1814                USART3_IRQHandler
 .text.EXTI10_IRQHandler
                0x2ffe182c       0x18 build/obj/Drivers/startup_stm32mp135fxx_ca7.o
                0x2ffe182c                EXTI10_IRQHandler
 .text.RTC_TIMESTAMP_IRQHandler
                0x2ffe1844       0x18 build/obj/Drivers/startup_stm32mp135fxx_ca7.o
                0x2ffe1844                RTC_TIMESTAMP_IRQHandler
 .text.EXTI11_IRQHandler
                0x2ffe185c       0x18 build/obj/Drivers/startup_stm32mp135fxx_ca7.o
                0x2ffe185c                EXTI11_IRQHandler
 .text.TIM8_BRK_IRQHandler
                0x2ffe1874       0x18 build/obj/Drivers/startup_stm32mp135fxx_ca7.o
                0x2ffe1874                TIM8_BRK_IRQHandler
 .text.TIM8_UP_IRQHandler
                0x2ffe188c       0x18 build/obj/Drivers/startup_stm32mp135fxx_ca7.o
                0x2ffe188c                TIM8_UP_IRQHandler
 .text.TIM8_TRG_COM_IRQHandler
                0x2ffe18a4       0x18 build/obj/Drivers/startup_stm32mp135fxx_ca7.o
                0x2ffe18a4                TIM8_TRG_COM_IRQHandler
 .text.TIM8_CC_IRQHandler
                0x2ffe18bc       0x18 build/obj/Drivers/startup_stm32mp135fxx_ca7.o
                0x2ffe18bc                TIM8_CC_IRQHandler
 .text.DMA1_Stream7_IRQHandler
                0x2ffe18d4       0x18 build/obj/Drivers/startup_stm32mp135fxx_ca7.o
                0x2ffe18d4                DMA1_Stream7_IRQHandler
 .text.FMC_IRQHandler
                0x2ffe18ec       0x18 build/obj/Drivers/startup_stm32mp135fxx_ca7.o
                0x2ffe18ec                FMC_IRQHandler
 .text.SDMMC1_IRQHandler
                0x2ffe1904       0x18 build/obj/Drivers/startup_stm32mp135fxx_ca7.o
                0x2ffe1904                SDMMC1_IRQHandler
 .text.TIM5_IRQHandler
                0x2ffe191c       0x18 build/obj/Drivers/startup_stm32mp135fxx_ca7.o
                0x2ffe191c                TIM5_IRQHandler
 .text.SPI3_IRQHandler
                0x2ffe1934       0x18 build/obj/Drivers/startup_stm32mp135fxx_ca7.o
                0x2ffe1934                SPI3_IRQHandler
 .text.UART4_IRQHandler
                0x2ffe194c       0x18 build/obj/Drivers/startup_stm32mp135fxx_ca7.o
                0x2ffe194c                UART4_IRQHandler
 .text.UART5_IRQHandler
                0x2ffe1964       0x18 build/obj/Drivers/startup_stm32mp135fxx_ca7.o
                0x2ffe1964                UART5_IRQHandler
 .text.TIM6_IRQHandler
                0x2ffe197c       0x18 build/obj/Drivers/startup_stm32mp135fxx_ca7.o
                0x2ffe197c                TIM6_IRQHandler
 .text.TIM7_IRQHandler
                0x2ffe1994       0x18 build/obj/Drivers/startup_stm32mp135fxx_ca7.o
                0x2ffe1994                TIM7_IRQHandler
 .text.DMA2_Stream0_IRQHandler
                0x2ffe19ac       0x18 build/obj/Drivers/startup_stm32mp135fxx_ca7.o
                0x2ffe19ac                DMA2_Stream0_IRQHandler
 .text.DMA2_Stream1_IRQHandler
                0x2ffe19c4       0x18 build/obj/Drivers/startup_stm32mp135fxx_ca7.o
                0x2ffe19c4                DMA2_Stream1_IRQHandler
 .text.DMA2_Stream2_IRQHandler
                0x2ffe19dc       0x18 build/obj/Drivers/startup_stm32mp135fxx_ca7.o
                0x2ffe19dc                DMA2_Stream2_IRQHandler
 .text.DMA2_Stream3_IRQHandler
                0x2ffe19f4       0x18 build/obj/Drivers/startup_stm32mp135fxx_ca7.o
                0x2ffe19f4                DMA2_Stream3_IRQHandler
 .text.DMA2_Stream4_IRQHandler
                0x2ffe1a0c       0x18 build/obj/Drivers/startup_stm32mp135fxx_ca7.o
                0x2ffe1a0c                DMA2_Stream4_IRQHandler
 .text.ETH1_IRQHandler
                0x2ffe1a24       0x18 build/obj/Drivers/startup_stm32mp135fxx_ca7.o
                0x2ffe1a24                ETH1_IRQHandler
 .text.ETH1_WKUP_IRQHandler
                0x2ffe1a3c       0x18 build/obj/Drivers/startup_stm32mp135fxx_ca7.o
                0x2ffe1a3c                ETH1_WKUP_IRQHandler
 .text.FDCAN_CAL_IRQHandler
                0x2ffe1a54       0x18 build/obj/Drivers/startup_stm32mp135fxx_ca7.o
                0x2ffe1a54                FDCAN_CAL_IRQHandler
 .text.EXTI6_IRQHandler
                0x2ffe1a6c       0x18 build/obj/Drivers/startup_stm32mp135fxx_ca7.o
                0x2ffe1a6c                EXTI6_IRQHandler
 .text.EXTI7_IRQHandler
                0x2ffe1a84       0x18 build/obj/Drivers/startup_stm32mp135fxx_ca7.o
                0x2ffe1a84                EXTI7_IRQHandler
 .text.EXTI8_IRQHandler
                0x2ffe1a9c       0x18 build/obj/Drivers/startup_stm32mp135fxx_ca7.o
                0x2ffe1a9c                EXTI8_IRQHandler
 .text.EXTI9_IRQHandler
                0x2ffe1ab4       0x18 build/obj/Drivers/startup_stm32mp135fxx_ca7.o
                0x2ffe1ab4                EXTI9_IRQHandler
 .text.DMA2_Stream5_IRQHandler
                0x2ffe1acc       0x18 build/obj/Drivers/startup_stm32mp135fxx_ca7.o
                0x2ffe1acc                DMA2_Stream5_IRQHandler
 .text.DMA2_Stream6_IRQHandler
                0x2ffe1ae4       0x18 build/obj/Drivers/startup_stm32mp135fxx_ca7.o
                0x2ffe1ae4                DMA2_Stream6_IRQHandler
 .text.DMA2_Stream7_IRQHandler
                0x2ffe1afc       0x18 build/obj/Drivers/startup_stm32mp135fxx_ca7.o
                0x2ffe1afc                DMA2_Stream7_IRQHandler
 .text.USART6_IRQHandler
                0x2ffe1b14       0x18 build/obj/Drivers/startup_stm32mp135fxx_ca7.o
                0x2ffe1b14                USART6_IRQHandler
 .text.I2C3_EV_IRQHandler
                0x2ffe1b2c       0x18 build/obj/Drivers/startup_stm32mp135fxx_ca7.o
                0x2ffe1b2c                I2C3_EV_IRQHandler
 .text.I2C3_ER_IRQHandler
                0x2ffe1b44       0x18 build/obj/Drivers/startup_stm32mp135fxx_ca7.o
                0x2ffe1b44                I2C3_ER_IRQHandler
 .text.USBH_PORT1_IRQHandler
                0x2ffe1b5c       0x18 build/obj/Drivers/startup_stm32mp135fxx_ca7.o
                0x2ffe1b5c                USBH_PORT1_IRQHandler
 .text.USBH_PORT2_IRQHandler
                0x2ffe1b74       0x18 build/obj/Drivers/startup_stm32mp135fxx_ca7.o
                0x2ffe1b74                USBH_PORT2_IRQHandler
 .text.EXTI12_IRQHandler
                0x2ffe1b8c       0x18 build/obj/Drivers/startup_stm32mp135fxx_ca7.o
                0x2ffe1b8c                EXTI12_IRQHandler
 .text.EXTI13_IRQHandler
                0x2ffe1ba4       0x18 build/obj/Drivers/startup_stm32mp135fxx_ca7.o
                0x2ffe1ba4                EXTI13_IRQHandler
 .text.DCMIPP_IRQHandler
                0x2ffe1bbc       0x18 build/obj/Drivers/startup_stm32mp135fxx_ca7.o
                0x2ffe1bbc                DCMIPP_IRQHandler
 .text.CRYP1_IRQHandler
                0x2ffe1bd4       0x18 build/obj/Drivers/startup_stm32mp135fxx_ca7.o
                0x2ffe1bd4                CRYP1_IRQHandler
 .text.HASH1_IRQHandler
                0x2ffe1bec       0x18 build/obj/Drivers/startup_stm32mp135fxx_ca7.o
                0x2ffe1bec                HASH1_IRQHandler
 .text.SAES_IRQHandler
                0x2ffe1c04       0x18 build/obj/Drivers/startup_stm32mp135fxx_ca7.o
                0x2ffe1c04                SAES_IRQHandler
 .text.UART7_IRQHandler
                0x2ffe1c1c       0x18 build/obj/Drivers/startup_stm32mp135fxx_ca7.o
                0x2ffe1c1c                UART7_IRQHandler
 .text.UART8_IRQHandler
                0x2ffe1c34       0x18 build/obj/Drivers/startup_stm32mp135fxx_ca7.o
                0x2ffe1c34                UART8_IRQHandler
 .text.SPI4_IRQHandler
                0x2ffe1c4c       0x18 build/obj/Drivers/startup_stm32mp135fxx_ca7.o
                0x2ffe1c4c                SPI4_IRQHandler
 .text.SPI5_IRQHandler
                0x2ffe1c64       0x18 build/obj/Drivers/startup_stm32mp135fxx_ca7.o
                0x2ffe1c64                SPI5_IRQHandler
 .text.SAI1_IRQHandler
                0x2ffe1c7c       0x18 build/obj/Drivers/startup_stm32mp135fxx_ca7.o
                0x2ffe1c7c                SAI1_IRQHandler
 .text.LTDC_IRQHandler
                0x2ffe1c94       0x18 build/obj/Drivers/startup_stm32mp135fxx_ca7.o
                0x2ffe1c94                LTDC_IRQHandler
 .text.LTDC_ER_IRQHandler
                0x2ffe1cac       0x18 build/obj/Drivers/startup_stm32mp135fxx_ca7.o
                0x2ffe1cac                LTDC_ER_IRQHandler
 .text.SAI2_IRQHandler
                0x2ffe1cc4       0x18 build/obj/Drivers/startup_stm32mp135fxx_ca7.o
                0x2ffe1cc4                SAI2_IRQHandler
 .text.QUADSPI_IRQHandler
                0x2ffe1cdc       0x18 build/obj/Drivers/startup_stm32mp135fxx_ca7.o
                0x2ffe1cdc                QUADSPI_IRQHandler
 .text.LPTIM1_IRQHandler
                0x2ffe1cf4       0x18 build/obj/Drivers/startup_stm32mp135fxx_ca7.o
                0x2ffe1cf4                LPTIM1_IRQHandler
 .text.I2C4_EV_IRQHandler
                0x2ffe1d0c       0x18 build/obj/Drivers/startup_stm32mp135fxx_ca7.o
                0x2ffe1d0c                I2C4_EV_IRQHandler
 .text.I2C4_ER_IRQHandler
                0x2ffe1d24       0x18 build/obj/Drivers/startup_stm32mp135fxx_ca7.o
                0x2ffe1d24                I2C4_ER_IRQHandler
 .text.SPDIF_RX_IRQHandler
                0x2ffe1d3c       0x18 build/obj/Drivers/startup_stm32mp135fxx_ca7.o
                0x2ffe1d3c                SPDIF_RX_IRQHandler
 .text.OTG_IRQHandler
                0x2ffe1d54       0x18 build/obj/Drivers/startup_stm32mp135fxx_ca7.o
                0x2ffe1d54                OTG_IRQHandler
 .text.ETH2_IRQHandler
                0x2ffe1d6c       0x18 build/obj/Drivers/startup_stm32mp135fxx_ca7.o
                0x2ffe1d6c                ETH2_IRQHandler
 .text.ETH2_WKUP_IRQHandler
                0x2ffe1d84       0x18 build/obj/Drivers/startup_stm32mp135fxx_ca7.o
                0x2ffe1d84                ETH2_WKUP_IRQHandler
 .text.DMAMUX1_OVR_IRQHandler
                0x2ffe1d9c       0x18 build/obj/Drivers/startup_stm32mp135fxx_ca7.o
                0x2ffe1d9c                DMAMUX1_OVR_IRQHandler
 .text.DMAMUX2_OVR_IRQHandler
                0x2ffe1db4       0x18 build/obj/Drivers/startup_stm32mp135fxx_ca7.o
                0x2ffe1db4                DMAMUX2_OVR_IRQHandler
 .text.TIM15_IRQHandler
                0x2ffe1dcc       0x18 build/obj/Drivers/startup_stm32mp135fxx_ca7.o
                0x2ffe1dcc                TIM15_IRQHandler
 .text.TIM16_IRQHandler
                0x2ffe1de4       0x18 build/obj/Drivers/startup_stm32mp135fxx_ca7.o
                0x2ffe1de4                TIM16_IRQHandler
 .text.TIM17_IRQHandler
                0x2ffe1dfc       0x18 build/obj/Drivers/startup_stm32mp135fxx_ca7.o
                0x2ffe1dfc                TIM17_IRQHandler
 .text.TIM12_IRQHandler
                0x2ffe1e14       0x18 build/obj/Drivers/startup_stm32mp135fxx_ca7.o
                0x2ffe1e14                TIM12_IRQHandler
 .text.PKA_IRQHandler
                0x2ffe1e2c       0x18 build/obj/Drivers/startup_stm32mp135fxx_ca7.o
                0x2ffe1e2c                PKA_IRQHandler
 .text.EXTI14_IRQHandler
                0x2ffe1e44       0x18 build/obj/Drivers/startup_stm32mp135fxx_ca7.o
                0x2ffe1e44                EXTI14_IRQHandler
 .text.MDMA_IRQHandler
                0x2ffe1e5c       0x18 build/obj/Drivers/startup_stm32mp135fxx_ca7.o
                0x2ffe1e5c                MDMA_IRQHandler
 .text.SDMMC2_IRQHandler
                0x2ffe1e74       0x18 build/obj/Drivers/startup_stm32mp135fxx_ca7.o
                0x2ffe1e74                SDMMC2_IRQHandler
 .text.EXTI15_IRQHandler
                0x2ffe1e8c       0x18 build/obj/Drivers/startup_stm32mp135fxx_ca7.o
                0x2ffe1e8c                EXTI15_IRQHandler
 .text.MDMA_SEC_IT_IRQHandler
                0x2ffe1ea4       0x18 build/obj/Drivers/startup_stm32mp135fxx_ca7.o
                0x2ffe1ea4                MDMA_SEC_IT_IRQHandler
 .text.TIM13_IRQHandler
                0x2ffe1ebc       0x18 build/obj/Drivers/startup_stm32mp135fxx_ca7.o
                0x2ffe1ebc                TIM13_IRQHandler
 .text.TIM14_IRQHandler
                0x2ffe1ed4       0x18 build/obj/Drivers/startup_stm32mp135fxx_ca7.o
                0x2ffe1ed4                TIM14_IRQHandler
 .text.RNG1_IRQHandler
                0x2ffe1eec       0x18 build/obj/Drivers/startup_stm32mp135fxx_ca7.o
                0x2ffe1eec                RNG1_IRQHandler
 .text.I2C5_EV_IRQHandler
                0x2ffe1f04       0x18 build/obj/Drivers/startup_stm32mp135fxx_ca7.o
                0x2ffe1f04                I2C5_EV_IRQHandler
 .text.I2C5_ER_IRQHandler
                0x2ffe1f1c       0x18 build/obj/Drivers/startup_stm32mp135fxx_ca7.o
                0x2ffe1f1c                I2C5_ER_IRQHandler
 .text.LPTIM2_IRQHandler
                0x2ffe1f34       0x18 build/obj/Drivers/startup_stm32mp135fxx_ca7.o
                0x2ffe1f34                LPTIM2_IRQHandler
 .text.LPTIM3_IRQHandler
                0x2ffe1f4c       0x18 build/obj/Drivers/startup_stm32mp135fxx_ca7.o
                0x2ffe1f4c                LPTIM3_IRQHandler
 .text.LPTIM4_IRQHandler
                0x2ffe1f64       0x18 build/obj/Drivers/startup_stm32mp135fxx_ca7.o
                0x2ffe1f64                LPTIM4_IRQHandler
 .text.LPTIM5_IRQHandler
                0x2ffe1f7c       0x18 build/obj/Drivers/startup_stm32mp135fxx_ca7.o
                0x2ffe1f7c                LPTIM5_IRQHandler
 .text.ETH1_LPI_IRQHandler
                0x2ffe1f94       0x18 build/obj/Drivers/startup_stm32mp135fxx_ca7.o
                0x2ffe1f94                ETH1_LPI_IRQHandler
 .text.ETH2_LPI_IRQHandler
                0x2ffe1fac       0x18 build/obj/Drivers/startup_stm32mp135fxx_ca7.o
                0x2ffe1fac                ETH2_LPI_IRQHandler
 .text.RCC_WAKEUP_IRQHandler
                0x2ffe1fc4       0x18 build/obj/Drivers/startup_stm32mp135fxx_ca7.o
                0x2ffe1fc4                RCC_WAKEUP_IRQHandler
 .text.DTS_IRQHandler
                0x2ffe1fdc       0x18 build/obj/Drivers/startup_stm32mp135fxx_ca7.o
                0x2ffe1fdc                DTS_IRQHandler
 .text.MPU_WAKEUP_PIN_IRQHandler
                0x2ffe1ff4       0x18 build/obj/Drivers/startup_stm32mp135fxx_ca7.o
                0x2ffe1ff4                MPU_WAKEUP_PIN_IRQHandler
 .text.IWDG1_IRQHandler
                0x2ffe200c       0x18 build/obj/Drivers/startup_stm32mp135fxx_ca7.o
                0x2ffe200c                IWDG1_IRQHandler
 .text.IWDG2_IRQHandler
                0x2ffe2024       0x18 build/obj/Drivers/startup_stm32mp135fxx_ca7.o
                0x2ffe2024                IWDG2_IRQHandler
 .text.TAMP_SIRQHandler
                0x2ffe203c       0x18 build/obj/Drivers/startup_stm32mp135fxx_ca7.o
                0x2ffe203c                TAMP_SIRQHandler
 .text.RTC_WKUP_ALARM_S_IRQHandler
                0x2ffe2054       0x18 build/obj/Drivers/startup_stm32mp135fxx_ca7.o
                0x2ffe2054                RTC_WKUP_ALARM_S_IRQHandler
 .text.RTC_TS_S_IRQHandler
                0x2ffe206c       0x18 build/obj/Drivers/startup_stm32mp135fxx_ca7.o
                0x2ffe206c                RTC_TS_S_IRQHandler
 .text.LTDC_SEC_IRQHandler
                0x2ffe2084       0x18 build/obj/Drivers/startup_stm32mp135fxx_ca7.o
                0x2ffe2084                LTDC_SEC_IRQHandler
 .text.LTDC_SEC_ER_IRQHandler
                0x2ffe209c       0x18 build/obj/Drivers/startup_stm32mp135fxx_ca7.o
                0x2ffe209c                LTDC_SEC_ER_IRQHandler
 .text.PMUIRQ0_IRQHandler
                0x2ffe20b4       0x18 build/obj/Drivers/startup_stm32mp135fxx_ca7.o
                0x2ffe20b4                PMUIRQ0_IRQHandler
 .text.COMMRX0_IRQHandler
                0x2ffe20cc       0x18 build/obj/Drivers/startup_stm32mp135fxx_ca7.o
                0x2ffe20cc                COMMRX0_IRQHandler
 .text.COMMTX0_IRQHandler
                0x2ffe20e4       0x18 build/obj/Drivers/startup_stm32mp135fxx_ca7.o
                0x2ffe20e4                COMMTX0_IRQHandler
 .text.AXIERRIRQ_IRQHandler
                0x2ffe20fc       0x18 build/obj/Drivers/startup_stm32mp135fxx_ca7.o
                0x2ffe20fc                AXIERRIRQ_IRQHandler
 .text.DDRPERFM_IRQHandler
                0x2ffe2114       0x18 build/obj/Drivers/startup_stm32mp135fxx_ca7.o
                0x2ffe2114                DDRPERFM_IRQHandler
 .text.nCTIIRQ0_IRQHandler
                0x2ffe212c       0x18 build/obj/Drivers/startup_stm32mp135fxx_ca7.o
                0x2ffe212c                nCTIIRQ0_IRQHandler
 .text.MCE_IRQHandler
                0x2ffe2144       0x18 build/obj/Drivers/startup_stm32mp135fxx_ca7.o
                0x2ffe2144                MCE_IRQHandler
 .text.DFSDM1_IRQHandler
                0x2ffe215c       0x18 build/obj/Drivers/startup_stm32mp135fxx_ca7.o
                0x2ffe215c                DFSDM1_IRQHandler
 .text.DFSDM2_IRQHandler
                0x2ffe2174       0x18 build/obj/Drivers/startup_stm32mp135fxx_ca7.o
                0x2ffe2174                DFSDM2_IRQHandler
 .text.DMA3_Stream0_IRQHandler
                0x2ffe218c       0x18 build/obj/Drivers/startup_stm32mp135fxx_ca7.o
                0x2ffe218c                DMA3_Stream0_IRQHandler
 .text.DMA3_Stream1_IRQHandler
                0x2ffe21a4       0x18 build/obj/Drivers/startup_stm32mp135fxx_ca7.o
                0x2ffe21a4                DMA3_Stream1_IRQHandler
 .text.DMA3_Stream2_IRQHandler
                0x2ffe21bc       0x18 build/obj/Drivers/startup_stm32mp135fxx_ca7.o
                0x2ffe21bc                DMA3_Stream2_IRQHandler
 .text.DMA3_Stream3_IRQHandler
                0x2ffe21d4       0x18 build/obj/Drivers/startup_stm32mp135fxx_ca7.o
                0x2ffe21d4                DMA3_Stream3_IRQHandler
 .text.DMA3_Stream4_IRQHandler
                0x2ffe21ec       0x18 build/obj/Drivers/startup_stm32mp135fxx_ca7.o
                0x2ffe21ec                DMA3_Stream4_IRQHandler
 .text.DMA3_Stream5_IRQHandler
                0x2ffe2204       0x18 build/obj/Drivers/startup_stm32mp135fxx_ca7.o
                0x2ffe2204                DMA3_Stream5_IRQHandler
 .text.DMA3_Stream6_IRQHandler
                0x2ffe221c       0x18 build/obj/Drivers/startup_stm32mp135fxx_ca7.o
                0x2ffe221c                DMA3_Stream6_IRQHandler
 .text.DMA3_Stream7_IRQHandler
                0x2ffe2234       0x18 build/obj/Drivers/startup_stm32mp135fxx_ca7.o
                0x2ffe2234                DMA3_Stream7_IRQHandler
 .text.Default_Handler
                0x2ffe224c        0xc build/obj/Drivers/startup_stm32mp135fxx_ca7.o
                0x2ffe224c                Rsvd_Handler
                0x2ffe224c                Default_Handler
                0x2ffe224c                SVC_Handler
                0x2ffe224c                DAbt_Handler
                0x2ffe224c                FIQ_Handler
                0x2ffe224c                PAbt_Handler
                0x2ffe224c                Undef_Handler
 .text.GIC_EnableDistributor
                0x2ffe2258       0x34 build/obj/Drivers/CMSIS/Core_A/Source/irq_ctrl_gic.o
 .text.GIC_DisableDistributor
                0x2ffe228c       0x34 build/obj/Drivers/CMSIS/Core_A/Source/irq_ctrl_gic.o
 .text.GIC_DistributorInfo
                0x2ffe22c0       0x24 build/obj/Drivers/CMSIS/Core_A/Source/irq_ctrl_gic.o
 .text.GIC_SetTarget
                0x2ffe22e4       0xa4 build/obj/Drivers/CMSIS/Core_A/Source/irq_ctrl_gic.o
 .text.GIC_EnableInterface
                0x2ffe2388       0x34 build/obj/Drivers/CMSIS/Core_A/Source/irq_ctrl_gic.o
 .text.GIC_DisableInterface
                0x2ffe23bc       0x34 build/obj/Drivers/CMSIS/Core_A/Source/irq_ctrl_gic.o
 .text.GIC_AcknowledgePending
                0x2ffe23f0       0x28 build/obj/Drivers/CMSIS/Core_A/Source/irq_ctrl_gic.o
 .text.GIC_EndInterrupt
                0x2ffe2418       0x34 build/obj/Drivers/CMSIS/Core_A/Source/irq_ctrl_gic.o
 .text.GIC_EnableIRQ
                0x2ffe244c       0x54 build/obj/Drivers/CMSIS/Core_A/Source/irq_ctrl_gic.o
 .text.GIC_DisableIRQ
                0x2ffe24a0       0x54 build/obj/Drivers/CMSIS/Core_A/Source/irq_ctrl_gic.o
 .text.GIC_ClearPendingIRQ
                0x2ffe24f4       0x98 build/obj/Drivers/CMSIS/Core_A/Source/irq_ctrl_gic.o
 .text.GIC_SetConfiguration
                0x2ffe258c       0xac build/obj/Drivers/CMSIS/Core_A/Source/irq_ctrl_gic.o
 .text.GIC_SetPriority
                0x2ffe2638       0xa4 build/obj/Drivers/CMSIS/Core_A/Source/irq_ctrl_gic.o
 .text.GIC_GetPriority
                0x2ffe26dc       0x54 build/obj/Drivers/CMSIS/Core_A/Source/irq_ctrl_gic.o
 .text.GIC_SetInterfacePriorityMask
                0x2ffe2730       0x34 build/obj/Drivers/CMSIS/Core_A/Source/irq_ctrl_gic.o
 .text.GIC_SetBinaryPoint
                0x2ffe2764       0x34 build/obj/Drivers/CMSIS/Core_A/Source/irq_ctrl_gic.o
 .text.GIC_GetIRQStatus
                0x2ffe2798       0x94 build/obj/Drivers/CMSIS/Core_A/Source/irq_ctrl_gic.o
 .text.GIC_GetHighPendingIRQ
                0x2ffe282c       0x24 build/obj/Drivers/CMSIS/Core_A/Source/irq_ctrl_gic.o
 .text.GIC_DistInit
                0x2ffe2850       0xd4 build/obj/Drivers/CMSIS/Core_A/Source/irq_ctrl_gic.o
 .text.GIC_CPUInterfaceInit
                0x2ffe2924       0xb8 build/obj/Drivers/CMSIS/Core_A/Source/irq_ctrl_gic.o
 .text.GIC_Enable
                0x2ffe29dc       0x18 build/obj/Drivers/CMSIS/Core_A/Source/irq_ctrl_gic.o
 .text.IRQ_Initialize
                0x2ffe29f4       0x58 build/obj/Drivers/CMSIS/Core_A/Source/irq_ctrl_gic.o
                0x2ffe29f4                IRQ_Initialize
 .text.IRQ_SetHandler
                0x2ffe2a4c       0x68 build/obj/Drivers/CMSIS/Core_A/Source/irq_ctrl_gic.o
                0x2ffe2a4c                IRQ_SetHandler
 .text.IRQ_GetHandler
                0x2ffe2ab4       0x68 build/obj/Drivers/CMSIS/Core_A/Source/irq_ctrl_gic.o
                0x2ffe2ab4                IRQ_GetHandler
 .text.IRQ_Enable
                0x2ffe2b1c       0x5c build/obj/Drivers/CMSIS/Core_A/Source/irq_ctrl_gic.o
                0x2ffe2b1c                IRQ_Enable
 .text.IRQ_GetActiveIRQ
                0x2ffe2b78       0xc0 build/obj/Drivers/CMSIS/Core_A/Source/irq_ctrl_gic.o
                0x2ffe2b78                IRQ_GetActiveIRQ
 .text.IRQ_EndOfInterrupt
                0x2ffe2c38       0x88 build/obj/Drivers/CMSIS/Core_A/Source/irq_ctrl_gic.o
                0x2ffe2c38                IRQ_EndOfInterrupt
 .text.IRQ_ClearPending
                0x2ffe2cc0       0x5c build/obj/Drivers/CMSIS/Core_A/Source/irq_ctrl_gic.o
                0x2ffe2cc0                IRQ_ClearPending
 .text.IRQ_SetPriority
                0x2ffe2d1c       0x64 build/obj/Drivers/CMSIS/Core_A/Source/irq_ctrl_gic.o
                0x2ffe2d1c                IRQ_SetPriority
 .text.PL1_SetCounterFrequency
                0x2ffe2d80       0x3c build/obj/Drivers/STM32MP13xx_HAL_Driver/Src/stm32mp13xx_hal.o
 .text.PL1_SetLoadValue
                0x2ffe2dbc       0x3c build/obj/Drivers/STM32MP13xx_HAL_Driver/Src/stm32mp13xx_hal.o
 .text.PL1_GetCurrentPhysicalValue
                0x2ffe2df8       0x2c build/obj/Drivers/STM32MP13xx_HAL_Driver/Src/stm32mp13xx_hal.o
 .text.HAL_Init
                0x2ffe2e24       0x48 build/obj/Drivers/STM32MP13xx_HAL_Driver/Src/stm32mp13xx_hal.o
                0x2ffe2e24                HAL_Init
 .text.HAL_InitTick
                0x2ffe2e6c       0x34 build/obj/Drivers/STM32MP13xx_HAL_Driver/Src/stm32mp13xx_hal.o
                0x2ffe2e6c                HAL_InitTick
 .text.HAL_IncTick
                0x2ffe2ea0       0x44 build/obj/Drivers/STM32MP13xx_HAL_Driver/Src/stm32mp13xx_hal.o
                0x2ffe2ea0                HAL_IncTick
 .text.HAL_GetTick
                0x2ffe2ee4       0x60 build/obj/Drivers/STM32MP13xx_HAL_Driver/Src/stm32mp13xx_hal.o
                0x2ffe2ee4                HAL_GetTick
 .text.HAL_Delay
                0x2ffe2f44       0x78 build/obj/Drivers/STM32MP13xx_HAL_Driver/Src/stm32mp13xx_hal.o
                0x2ffe2f44                HAL_Delay
 .text.HAL_GPIO_Init
                0x2ffe2fbc      0x580 build/obj/Drivers/STM32MP13xx_HAL_Driver/Src/stm32mp13xx_hal_gpio.o
                0x2ffe2fbc                HAL_GPIO_Init
 .text.HAL_GPIO_WritePin
                0x2ffe353c       0x5c build/obj/Drivers/STM32MP13xx_HAL_Driver/Src/stm32mp13xx_hal_gpio.o
                0x2ffe353c                HAL_GPIO_WritePin
 .text.HAL_GPIO_TogglePin
                0x2ffe3598       0x60 build/obj/Drivers/STM32MP13xx_HAL_Driver/Src/stm32mp13xx_hal_gpio.o
                0x2ffe3598                HAL_GPIO_TogglePin
 .text.HAL_I2C_Init
                0x2ffe35f8      0x220 build/obj/Drivers/STM32MP13xx_HAL_Driver/Src/stm32mp13xx_hal_i2c.o
                0x2ffe35f8                HAL_I2C_Init
 .text.HAL_I2C_MspInit
                0x2ffe3818       0x20 build/obj/Drivers/STM32MP13xx_HAL_Driver/Src/stm32mp13xx_hal_i2c.o
                0x2ffe3818                HAL_I2C_MspInit
 .text.HAL_I2C_Mem_Write
                0x2ffe3838      0x3e0 build/obj/Drivers/STM32MP13xx_HAL_Driver/Src/stm32mp13xx_hal_i2c.o
                0x2ffe3838                HAL_I2C_Mem_Write
 .text.HAL_I2C_Mem_Read
                0x2ffe3c18      0x3f8 build/obj/Drivers/STM32MP13xx_HAL_Driver/Src/stm32mp13xx_hal_i2c.o
                0x2ffe3c18                HAL_I2C_Mem_Read
 .text.HAL_I2C_IsDeviceReady
                0x2ffe4010      0x31c build/obj/Drivers/STM32MP13xx_HAL_Driver/Src/stm32mp13xx_hal_i2c.o
                0x2ffe4010                HAL_I2C_IsDeviceReady
 .text.HAL_I2C_GetState
                0x2ffe432c       0x2c build/obj/Drivers/STM32MP13xx_HAL_Driver/Src/stm32mp13xx_hal_i2c.o
                0x2ffe432c                HAL_I2C_GetState
 .text.HAL_I2C_GetError
                0x2ffe4358       0x28 build/obj/Drivers/STM32MP13xx_HAL_Driver/Src/stm32mp13xx_hal_i2c.o
                0x2ffe4358                HAL_I2C_GetError
 .text.I2C_RequestMemoryWrite
                0x2ffe4380      0x134 build/obj/Drivers/STM32MP13xx_HAL_Driver/Src/stm32mp13xx_hal_i2c.o
 .text.I2C_RequestMemoryRead
                0x2ffe44b4      0x134 build/obj/Drivers/STM32MP13xx_HAL_Driver/Src/stm32mp13xx_hal_i2c.o
 .text.I2C_Flush_TXDR
                0x2ffe45e8       0x7c build/obj/Drivers/STM32MP13xx_HAL_Driver/Src/stm32mp13xx_hal_i2c.o
 .text.I2C_WaitOnFlagUntilTimeout
                0x2ffe4664      0x13c build/obj/Drivers/STM32MP13xx_HAL_Driver/Src/stm32mp13xx_hal_i2c.o
 .text.I2C_WaitOnTXISFlagUntilTimeout
                0x2ffe47a0       0xf4 build/obj/Drivers/STM32MP13xx_HAL_Driver/Src/stm32mp13xx_hal_i2c.o
 .text.I2C_WaitOnSTOPFlagUntilTimeout
                0x2ffe4894       0xe8 build/obj/Drivers/STM32MP13xx_HAL_Driver/Src/stm32mp13xx_hal_i2c.o
 .text.I2C_IsErrorOccurred
                0x2ffe497c      0x2dc build/obj/Drivers/STM32MP13xx_HAL_Driver/Src/stm32mp13xx_hal_i2c.o
 .text.I2C_TransferConfig
                0x2ffe4c58       0xa4 build/obj/Drivers/STM32MP13xx_HAL_Driver/Src/stm32mp13xx_hal_i2c.o
 .text.HAL_RCC_DeInit
                0x2ffe4cfc      0x5ac build/obj/Drivers/STM32MP13xx_HAL_Driver/Src/stm32mp13xx_hal_rcc.o
                0x2ffe4cfc                HAL_RCC_DeInit
 .text.HAL_RCC_OscConfig
                0x2ffe52a8      0x918 build/obj/Drivers/STM32MP13xx_HAL_Driver/Src/stm32mp13xx_hal_rcc.o
                0x2ffe52a8                HAL_RCC_OscConfig
 .text.HAL_RCC_HSEConfig
                0x2ffe5bc0      0x130 build/obj/Drivers/STM32MP13xx_HAL_Driver/Src/stm32mp13xx_hal_rcc.o
                0x2ffe5bc0                HAL_RCC_HSEConfig
 .text.HAL_RCC_LSEConfig
                0x2ffe5cf0      0x148 build/obj/Drivers/STM32MP13xx_HAL_Driver/Src/stm32mp13xx_hal_rcc.o
                0x2ffe5cf0                HAL_RCC_LSEConfig
 .text.RCC_PLL1_Config
                0x2ffe5e38      0x42c build/obj/Drivers/STM32MP13xx_HAL_Driver/Src/stm32mp13xx_hal_rcc.o
                0x2ffe5e38                RCC_PLL1_Config
 .text.HAL_RCC_ClockConfig
                0x2ffe6264      0x3ac build/obj/Drivers/STM32MP13xx_HAL_Driver/Src/stm32mp13xx_hal_rcc.o
                0x2ffe6264                HAL_RCC_ClockConfig
 .text.RCC_MPUConfig
                0x2ffe6610      0x17c build/obj/Drivers/STM32MP13xx_HAL_Driver/Src/stm32mp13xx_hal_rcc.o
                0x2ffe6610                RCC_MPUConfig
 .text.RCC_AXISSConfig
                0x2ffe678c      0x1d0 build/obj/Drivers/STM32MP13xx_HAL_Driver/Src/stm32mp13xx_hal_rcc.o
                0x2ffe678c                RCC_AXISSConfig
 .text.RCC_MLAHBConfig
                0x2ffe695c      0x198 build/obj/Drivers/STM32MP13xx_HAL_Driver/Src/stm32mp13xx_hal_rcc.o
                0x2ffe695c                RCC_MLAHBConfig
 .text.HAL_RCC_GetPLL1ClockFreq
                0x2ffe6af4      0x274 build/obj/Drivers/STM32MP13xx_HAL_Driver/Src/stm32mp13xx_hal_rcc.o
                0x2ffe6af4                HAL_RCC_GetPLL1ClockFreq
 .text.HAL_RCC_GetPLL2ClockFreq
                0x2ffe6d68      0x274 build/obj/Drivers/STM32MP13xx_HAL_Driver/Src/stm32mp13xx_hal_rcc.o
                0x2ffe6d68                HAL_RCC_GetPLL2ClockFreq
 .text.HAL_RCC_GetPLL3ClockFreq
                0x2ffe6fdc      0x280 build/obj/Drivers/STM32MP13xx_HAL_Driver/Src/stm32mp13xx_hal_rcc.o
                0x2ffe6fdc                HAL_RCC_GetPLL3ClockFreq
 .text.HAL_RCC_GetPLL4ClockFreq
                0x2ffe725c      0x29c build/obj/Drivers/STM32MP13xx_HAL_Driver/Src/stm32mp13xx_hal_rcc.o
                0x2ffe725c                HAL_RCC_GetPLL4ClockFreq
 .text.HAL_RCC_GetPCLK1Freq
                0x2ffe74f8       0x4c build/obj/Drivers/STM32MP13xx_HAL_Driver/Src/stm32mp13xx_hal_rcc.o
                0x2ffe74f8                HAL_RCC_GetPCLK1Freq
 .text.HAL_RCC_GetPCLK2Freq
                0x2ffe7544       0x4c build/obj/Drivers/STM32MP13xx_HAL_Driver/Src/stm32mp13xx_hal_rcc.o
                0x2ffe7544                HAL_RCC_GetPCLK2Freq
 .text.HAL_RCC_GetPCLK6Freq
                0x2ffe7590       0x4c build/obj/Drivers/STM32MP13xx_HAL_Driver/Src/stm32mp13xx_hal_rcc.o
                0x2ffe7590                HAL_RCC_GetPCLK6Freq
 .text.HAL_RCC_GetPCLK5Freq
                0x2ffe75dc       0x4c build/obj/Drivers/STM32MP13xx_HAL_Driver/Src/stm32mp13xx_hal_rcc.o
                0x2ffe75dc                HAL_RCC_GetPCLK5Freq
 .text.HAL_RCC_GetACLKFreq
                0x2ffe7628       0x58 build/obj/Drivers/STM32MP13xx_HAL_Driver/Src/stm32mp13xx_hal_rcc.o
                0x2ffe7628                HAL_RCC_GetACLKFreq
 .text.HAL_RCC_GetMLAHBFreq
                0x2ffe7680       0x4c build/obj/Drivers/STM32MP13xx_HAL_Driver/Src/stm32mp13xx_hal_rcc.o
                0x2ffe7680                HAL_RCC_GetMLAHBFreq
 .text.HAL_RCC_GetSystemCoreClockFreq
                0x2ffe76cc       0x18 build/obj/Drivers/STM32MP13xx_HAL_Driver/Src/stm32mp13xx_hal_rcc.o
                0x2ffe76cc                HAL_RCC_GetSystemCoreClockFreq
 .text.HAL_RCC_GetMPUSSFreq
                0x2ffe76e4      0x12c build/obj/Drivers/STM32MP13xx_HAL_Driver/Src/stm32mp13xx_hal_rcc.o
                0x2ffe76e4                HAL_RCC_GetMPUSSFreq
 .text.HAL_RCC_GetAXISSFreq
                0x2ffe7810       0xc4 build/obj/Drivers/STM32MP13xx_HAL_Driver/Src/stm32mp13xx_hal_rcc.o
                0x2ffe7810                HAL_RCC_GetAXISSFreq
 .text.HAL_RCC_GetMLAHBSSFreq
                0x2ffe78d4       0xa8 build/obj/Drivers/STM32MP13xx_HAL_Driver/Src/stm32mp13xx_hal_rcc.o
                0x2ffe78d4                HAL_RCC_GetMLAHBSSFreq
 .text.RCCEx_PLL2_Config
                0x2ffe797c      0x424 build/obj/Drivers/STM32MP13xx_HAL_Driver/Src/stm32mp13xx_hal_rcc_ex.o
                0x2ffe797c                RCCEx_PLL2_Config
 .text.RCCEx_PLL3_Config
                0x2ffe7da0      0x3d8 build/obj/Drivers/STM32MP13xx_HAL_Driver/Src/stm32mp13xx_hal_rcc_ex.o
                0x2ffe7da0                RCCEx_PLL3_Config
 .text.RCCEx_PLL4_Config
                0x2ffe8178      0x3a4 build/obj/Drivers/STM32MP13xx_HAL_Driver/Src/stm32mp13xx_hal_rcc_ex.o
                0x2ffe8178                RCCEx_PLL4_Config
 .text.HAL_RCCEx_PeriphCLKConfig
                0x2ffe851c     0x2184 build/obj/Drivers/STM32MP13xx_HAL_Driver/Src/stm32mp13xx_hal_rcc_ex.o
                0x2ffe851c                HAL_RCCEx_PeriphCLKConfig
 .text.HAL_UART_Init
                0x2ffea6a0      0x110 build/obj/Drivers/STM32MP13xx_HAL_Driver/Src/stm32mp13xx_hal_uart.o
                0x2ffea6a0                HAL_UART_Init
 .text.HAL_UART_Transmit
                0x2ffea7b0      0x228 build/obj/Drivers/STM32MP13xx_HAL_Driver/Src/stm32mp13xx_hal_uart.o
                0x2ffea7b0                HAL_UART_Transmit
 .text.HAL_UART_Receive
                0x2ffea9d8      0x2ec build/obj/Drivers/STM32MP13xx_HAL_Driver/Src/stm32mp13xx_hal_uart.o
                0x2ffea9d8                HAL_UART_Receive
 .text.UART_SetConfig
                0x2ffeacc4      0xa78 build/obj/Drivers/STM32MP13xx_HAL_Driver/Src/stm32mp13xx_hal_uart.o
                0x2ffeacc4                UART_SetConfig
 .text.UART_AdvFeatureConfig
                0x2ffeb73c      0x238 build/obj/Drivers/STM32MP13xx_HAL_Driver/Src/stm32mp13xx_hal_uart.o
                0x2ffeb73c                UART_AdvFeatureConfig
 .text.UART_CheckIdleState
                0x2ffeb974      0x184 build/obj/Drivers/STM32MP13xx_HAL_Driver/Src/stm32mp13xx_hal_uart.o
                0x2ffeb974                UART_CheckIdleState
 .text.UART_WaitOnFlagUntilTimeout
                0x2ffebaf8      0x178 build/obj/Drivers/STM32MP13xx_HAL_Driver/Src/stm32mp13xx_hal_uart.o
                0x2ffebaf8                UART_WaitOnFlagUntilTimeout
 .text.UART_EndRxTransfer
                0x2ffebc70       0xa8 build/obj/Drivers/STM32MP13xx_HAL_Driver/Src/stm32mp13xx_hal_uart.o
 .text.HAL_UARTEx_DisableFifoMode
                0x2ffebd18       0xc0 build/obj/Drivers/STM32MP13xx_HAL_Driver/Src/stm32mp13xx_hal_uart_ex.o
                0x2ffebd18                HAL_UARTEx_DisableFifoMode
 .text.HAL_UARTEx_SetTxFifoThreshold
                0x2ffebdd8       0xd4 build/obj/Drivers/STM32MP13xx_HAL_Driver/Src/stm32mp13xx_hal_uart_ex.o
                0x2ffebdd8                HAL_UARTEx_SetTxFifoThreshold
 .text.HAL_UARTEx_SetRxFifoThreshold
                0x2ffebeac       0xd4 build/obj/Drivers/STM32MP13xx_HAL_Driver/Src/stm32mp13xx_hal_uart_ex.o
                0x2ffebeac                HAL_UARTEx_SetRxFifoThreshold
 .text.UARTEx_SetNbDataToProcess
                0x2ffebf80      0x104 build/obj/Drivers/STM32MP13xx_HAL_Driver/Src/stm32mp13xx_hal_uart_ex.o
 .text.BSP_Error_Handler
                0x2ffec084       0x24 build/obj/Drivers/STM32MP13xx_DISCO/stm32mp13xx_disco.o
                0x2ffec084                BSP_Error_Handler
 .text.BSP_LED_Init
                0x2ffec0a8       0xd8 build/obj/Drivers/STM32MP13xx_DISCO/stm32mp13xx_disco.o
                0x2ffec0a8                BSP_LED_Init
 .text.BSP_LED_Off
                0x2ffec180       0x78 build/obj/Drivers/STM32MP13xx_DISCO/stm32mp13xx_disco.o
                0x2ffec180                BSP_LED_Off
 .text.BSP_LED_Toggle
                0x2ffec1f8       0x74 build/obj/Drivers/STM32MP13xx_DISCO/stm32mp13xx_disco.o
                0x2ffec1f8                BSP_LED_Toggle
 .text.BSP_I2C4_Init
                0x2ffec26c       0x6c build/obj/Drivers/STM32MP13xx_DISCO/stm32mp13xx_disco_bus.o
                0x2ffec26c                BSP_I2C4_Init
 .text.MX_I2C4_Init
                0x2ffec2d8       0x8c build/obj/Drivers/STM32MP13xx_DISCO/stm32mp13xx_disco_bus.o
                0x2ffec2d8                MX_I2C4_Init
 .text.BSP_I2C4_WriteReg
                0x2ffec364       0x9c build/obj/Drivers/STM32MP13xx_DISCO/stm32mp13xx_disco_bus.o
                0x2ffec364                BSP_I2C4_WriteReg
 .text.BSP_I2C4_ReadReg
                0x2ffec400       0x9c build/obj/Drivers/STM32MP13xx_DISCO/stm32mp13xx_disco_bus.o
                0x2ffec400                BSP_I2C4_ReadReg
 .text.BSP_I2C4_IsReady
                0x2ffec49c       0x60 build/obj/Drivers/STM32MP13xx_DISCO/stm32mp13xx_disco_bus.o
                0x2ffec49c                BSP_I2C4_IsReady
 .text.I2C4_MspInit
                0x2ffec4fc       0xe0 build/obj/Drivers/STM32MP13xx_DISCO/stm32mp13xx_disco_bus.o
 .text.I2C4_WriteReg
                0x2ffec5dc       0x80 build/obj/Drivers/STM32MP13xx_DISCO/stm32mp13xx_disco_bus.o
 .text.I2C4_ReadReg
                0x2ffec65c       0x80 build/obj/Drivers/STM32MP13xx_DISCO/stm32mp13xx_disco_bus.o
 .text.STPMU1_Get_Regulator_Data
                0x2ffec6dc       0x80 build/obj/Drivers/STM32MP13xx_DISCO/stm32mp13xx_disco_stpmic1.o
 .text.STPMU1_Voltage_Find_Index
                0x2ffec75c       0x9c build/obj/Drivers/STM32MP13xx_DISCO/stm32mp13xx_disco_stpmic1.o
 .text.STPMU1_Enable_Interrupt
                0x2ffec7f8       0x8c build/obj/Drivers/STM32MP13xx_DISCO/stm32mp13xx_disco_stpmic1.o
                0x2ffec7f8                STPMU1_Enable_Interrupt
 .text.STPMU1_Regulator_Enable
                0x2ffec884       0x48 build/obj/Drivers/STM32MP13xx_DISCO/stm32mp13xx_disco_stpmic1.o
                0x2ffec884                STPMU1_Regulator_Enable
 .text.STPMU1_Regulator_Disable
                0x2ffec8cc       0x48 build/obj/Drivers/STM32MP13xx_DISCO/stm32mp13xx_disco_stpmic1.o
                0x2ffec8cc                STPMU1_Regulator_Disable
 .text.STPMU1_Regulator_Voltage_Set
                0x2ffec914       0x78 build/obj/Drivers/STM32MP13xx_DISCO/stm32mp13xx_disco_stpmic1.o
                0x2ffec914                STPMU1_Regulator_Voltage_Set
 .text.STPMU1_Register_Read
                0x2ffec98c       0x64 build/obj/Drivers/STM32MP13xx_DISCO/stm32mp13xx_disco_stpmic1.o
                0x2ffec98c                STPMU1_Register_Read
 .text.STPMU1_Register_Write
                0x2ffec9f0       0xa8 build/obj/Drivers/STM32MP13xx_DISCO/stm32mp13xx_disco_stpmic1.o
                0x2ffec9f0                STPMU1_Register_Write
 .text.STPMU1_Register_Update
                0x2ffeca98       0x90 build/obj/Drivers/STM32MP13xx_DISCO/stm32mp13xx_disco_stpmic1.o
                0x2ffeca98                STPMU1_Register_Update
 .text.BSP_PMIC_MspInit
                0x2ffecb28       0x88 build/obj/Drivers/STM32MP13xx_DISCO/stm32mp13xx_disco_stpmic1.o
 .text.BSP_PMIC_Is_Device_Ready
                0x2ffecbb0       0x44 build/obj/Drivers/STM32MP13xx_DISCO/stm32mp13xx_disco_stpmic1.o
                0x2ffecbb0                BSP_PMIC_Is_Device_Ready
 .text.BSP_PMIC_Init
                0x2ffecbf4       0x80 build/obj/Drivers/STM32MP13xx_DISCO/stm32mp13xx_disco_stpmic1.o
                0x2ffecbf4                BSP_PMIC_Init
 .text.BSP_PMIC_InitRegulators
                0x2ffecc74       0xfc build/obj/Drivers/STM32MP13xx_DISCO/stm32mp13xx_disco_stpmic1.o
                0x2ffecc74                BSP_PMIC_InitRegulators
 .text          0x2ffecd70       0x30 c:/program files (x86)/arm gnu toolchain arm-none-eabi/12.3 rel1/bin/../lib/gcc/arm-none-eabi/12.3.1/thumb/v7ve+simd/hard\libgcc.a(_aeabi_uldivmod.o)
                0x2ffecd70                __aeabi_uldivmod
 .text.__udivmoddi4
                0x2ffecda0      0x370 c:/program files (x86)/arm gnu toolchain arm-none-eabi/12.3 rel1/bin/../lib/gcc/arm-none-eabi/12.3.1/thumb/v7ve+simd/hard\libgcc.a(_udivmoddi4.o)
                0x2ffecda0                __udivmoddi4
 .text          0x2ffed110        0x4 c:/program files (x86)/arm gnu toolchain arm-none-eabi/12.3 rel1/bin/../lib/gcc/arm-none-eabi/12.3.1/thumb/v7ve+simd/hard\libgcc.a(_dvmd_tls.o)
                0x2ffed110                __aeabi_idiv0
                0x2ffed110                __aeabi_ldiv0
 .text.printf   0x2ffed114       0x24 c:/program files (x86)/arm gnu toolchain arm-none-eabi/12.3 rel1/bin/../lib/gcc/arm-none-eabi/12.3.1/thumb/v7ve+simd/hard\libc_nano.a(libc_a-printf.o)
                0x2ffed114                iprintf
                0x2ffed114                printf
 .text.memset   0x2ffed138       0x10 c:/program files (x86)/arm gnu toolchain arm-none-eabi/12.3 rel1/bin/../lib/gcc/arm-none-eabi/12.3.1/thumb/v7ve+simd/hard\libc_nano.a(libc_a-memset.o)
                0x2ffed138                memset
 .text.__libc_init_array
                0x2ffed148       0x48 c:/program files (x86)/arm gnu toolchain arm-none-eabi/12.3 rel1/bin/../lib/gcc/arm-none-eabi/12.3.1/thumb/v7ve+simd/hard\libc_nano.a(libc_a-init.o)
                0x2ffed148                __libc_init_array
 .text.__sfputc_r
                0x2ffed190       0x2e c:/program files (x86)/arm gnu toolchain arm-none-eabi/12.3 rel1/bin/../lib/gcc/arm-none-eabi/12.3.1/thumb/v7ve+simd/hard\libc_nano.a(libc_a-nano-vfprintf.o)
 .text.__sfputs_r
                0x2ffed1be       0x24 c:/program files (x86)/arm gnu toolchain arm-none-eabi/12.3 rel1/bin/../lib/gcc/arm-none-eabi/12.3.1/thumb/v7ve+simd/hard\libc_nano.a(libc_a-nano-vfprintf.o)
                0x2ffed1be                __sfputs_r
 *fill*         0x2ffed1e2        0x2 
 .text._vfprintf_r
                0x2ffed1e4      0x230 c:/program files (x86)/arm gnu toolchain arm-none-eabi/12.3 rel1/bin/../lib/gcc/arm-none-eabi/12.3.1/thumb/v7ve+simd/hard\libc_nano.a(libc_a-nano-vfprintf.o)
                0x2ffed1e4                _vfprintf_r
                0x2ffed1e4                _vfiprintf_r
 .text._printf_common
                0x2ffed414       0xe4 c:/program files (x86)/arm gnu toolchain arm-none-eabi/12.3 rel1/bin/../lib/gcc/arm-none-eabi/12.3.1/thumb/v7ve+simd/hard\libc_nano.a(libc_a-nano-vfprintf_i.o)
                0x2ffed414                _printf_common
 .text._printf_i
                0x2ffed4f8      0x258 c:/program files (x86)/arm gnu toolchain arm-none-eabi/12.3 rel1/bin/../lib/gcc/arm-none-eabi/12.3.1/thumb/v7ve+simd/hard\libc_nano.a(libc_a-nano-vfprintf_i.o)
                0x2ffed4f8                _printf_i
 .text.std      0x2ffed750       0x6c c:/program files (x86)/arm gnu toolchain arm-none-eabi/12.3 rel1/bin/../lib/gcc/arm-none-eabi/12.3.1/thumb/v7ve+simd/hard\libc_nano.a(libc_a-findfp.o)
 .text.stdio_exit_handler
                0x2ffed7bc       0x18 c:/program files (x86)/arm gnu toolchain arm-none-eabi/12.3 rel1/bin/../lib/gcc/arm-none-eabi/12.3.1/thumb/v7ve+simd/hard\libc_nano.a(libc_a-findfp.o)
 .text.cleanup_stdio
                0x2ffed7d4       0x40 c:/program files (x86)/arm gnu toolchain arm-none-eabi/12.3 rel1/bin/../lib/gcc/arm-none-eabi/12.3.1/thumb/v7ve+simd/hard\libc_nano.a(libc_a-findfp.o)
 .text.global_stdio_init.part.0
                0x2ffed814       0x3c c:/program files (x86)/arm gnu toolchain arm-none-eabi/12.3 rel1/bin/../lib/gcc/arm-none-eabi/12.3.1/thumb/v7ve+simd/hard\libc_nano.a(libc_a-findfp.o)
 .text.__sfp_lock_acquire
                0x2ffed850        0xc c:/program files (x86)/arm gnu toolchain arm-none-eabi/12.3 rel1/bin/../lib/gcc/arm-none-eabi/12.3.1/thumb/v7ve+simd/hard\libc_nano.a(libc_a-findfp.o)
                0x2ffed850                __sfp_lock_acquire
 .text.__sfp_lock_release
                0x2ffed85c        0xc c:/program files (x86)/arm gnu toolchain arm-none-eabi/12.3 rel1/bin/../lib/gcc/arm-none-eabi/12.3.1/thumb/v7ve+simd/hard\libc_nano.a(libc_a-findfp.o)
                0x2ffed85c                __sfp_lock_release
 .text.__sinit  0x2ffed868       0x30 c:/program files (x86)/arm gnu toolchain arm-none-eabi/12.3 rel1/bin/../lib/gcc/arm-none-eabi/12.3.1/thumb/v7ve+simd/hard\libc_nano.a(libc_a-findfp.o)
                0x2ffed868                __sinit
 .text._fwalk_sglue
                0x2ffed898       0x3c c:/program files (x86)/arm gnu toolchain arm-none-eabi/12.3 rel1/bin/../lib/gcc/arm-none-eabi/12.3.1/thumb/v7ve+simd/hard\libc_nano.a(libc_a-fwalk.o)
                0x2ffed898                _fwalk_sglue
 .text.__sread  0x2ffed8d4       0x22 c:/program files (x86)/arm gnu toolchain arm-none-eabi/12.3 rel1/bin/../lib/gcc/arm-none-eabi/12.3.1/thumb/v7ve+simd/hard\libc_nano.a(libc_a-stdio.o)
                0x2ffed8d4                __sread
 .text.__swrite
                0x2ffed8f6       0x38 c:/program files (x86)/arm gnu toolchain arm-none-eabi/12.3 rel1/bin/../lib/gcc/arm-none-eabi/12.3.1/thumb/v7ve+simd/hard\libc_nano.a(libc_a-stdio.o)
                0x2ffed8f6                __swrite
 .text.__sseek  0x2ffed92e       0x24 c:/program files (x86)/arm gnu toolchain arm-none-eabi/12.3 rel1/bin/../lib/gcc/arm-none-eabi/12.3.1/thumb/v7ve+simd/hard\libc_nano.a(libc_a-stdio.o)
                0x2ffed92e                __sseek
 .text.__sclose
                0x2ffed952        0x8 c:/program files (x86)/arm gnu toolchain arm-none-eabi/12.3 rel1/bin/../lib/gcc/arm-none-eabi/12.3.1/thumb/v7ve+simd/hard\libc_nano.a(libc_a-stdio.o)
                0x2ffed952                __sclose
 .text.__swbuf_r
                0x2ffed95a       0x7c c:/program files (x86)/arm gnu toolchain arm-none-eabi/12.3 rel1/bin/../lib/gcc/arm-none-eabi/12.3.1/thumb/v7ve+simd/hard\libc_nano.a(libc_a-wbuf.o)
                0x2ffed95a                __swbuf_r
 *fill*         0x2ffed9d6        0x2 
 .text.__swsetup_r
                0x2ffed9d8       0xac c:/program files (x86)/arm gnu toolchain arm-none-eabi/12.3 rel1/bin/../lib/gcc/arm-none-eabi/12.3.1/thumb/v7ve+simd/hard\libc_nano.a(libc_a-wsetup.o)
                0x2ffed9d8                __swsetup_r
 .text._close_r
                0x2ffeda84       0x20 c:/program files (x86)/arm gnu toolchain arm-none-eabi/12.3 rel1/bin/../lib/gcc/arm-none-eabi/12.3.1/thumb/v7ve+simd/hard\libc_nano.a(libc_a-closer.o)
                0x2ffeda84                _close_r
 .text._lseek_r
                0x2ffedaa4       0x24 c:/program files (x86)/arm gnu toolchain arm-none-eabi/12.3 rel1/bin/../lib/gcc/arm-none-eabi/12.3.1/thumb/v7ve+simd/hard\libc_nano.a(libc_a-lseekr.o)
                0x2ffedaa4                _lseek_r
 .text._read_r  0x2ffedac8       0x24 c:/program files (x86)/arm gnu toolchain arm-none-eabi/12.3 rel1/bin/../lib/gcc/arm-none-eabi/12.3.1/thumb/v7ve+simd/hard\libc_nano.a(libc_a-readr.o)
                0x2ffedac8                _read_r
 .text._write_r
                0x2ffedaec       0x24 c:/program files (x86)/arm gnu toolchain arm-none-eabi/12.3 rel1/bin/../lib/gcc/arm-none-eabi/12.3.1/thumb/v7ve+simd/hard\libc_nano.a(libc_a-writer.o)
                0x2ffedaec                _write_r
 .text.__retarget_lock_init_recursive
                0x2ffedb10        0x2 c:/program files (x86)/arm gnu toolchain arm-none-eabi/12.3 rel1/bin/../lib/gcc/arm-none-eabi/12.3.1/thumb/v7ve+simd/hard\libc_nano.a(libc_a-lock.o)
                0x2ffedb10                __retarget_lock_init_recursive
 .text.__retarget_lock_acquire_recursive
                0x2ffedb12        0x2 c:/program files (x86)/arm gnu toolchain arm-none-eabi/12.3 rel1/bin/../lib/gcc/arm-none-eabi/12.3.1/thumb/v7ve+simd/hard\libc_nano.a(libc_a-lock.o)
                0x2ffedb12                __retarget_lock_acquire_recursive
 .text.__retarget_lock_release_recursive
                0x2ffedb14        0x2 c:/program files (x86)/arm gnu toolchain arm-none-eabi/12.3 rel1/bin/../lib/gcc/arm-none-eabi/12.3.1/thumb/v7ve+simd/hard\libc_nano.a(libc_a-lock.o)
                0x2ffedb14                __retarget_lock_release_recursive
 *fill*         0x2ffedb16        0xa 
 .text          0x2ffedb20       0xe8 c:/program files (x86)/arm gnu toolchain arm-none-eabi/12.3 rel1/bin/../lib/gcc/arm-none-eabi/12.3.1/thumb/v7ve+simd/hard\libc_nano.a(libc_a-memchr.o)
                0x2ffedb20                memchr
 .text._free_r  0x2ffedc08       0x94 c:/program files (x86)/arm gnu toolchain arm-none-eabi/12.3 rel1/bin/../lib/gcc/arm-none-eabi/12.3.1/thumb/v7ve+simd/hard\libc_nano.a(libc_a-freer.o)
                0x2ffedc08                _free_r
 .text.sbrk_aligned
                0x2ffedc9c       0x44 c:/program files (x86)/arm gnu toolchain arm-none-eabi/12.3 rel1/bin/../lib/gcc/arm-none-eabi/12.3.1/thumb/v7ve+simd/hard\libc_nano.a(libc_a-mallocr.o)
 .text._malloc_r
                0x2ffedce0       0xfc c:/program files (x86)/arm gnu toolchain arm-none-eabi/12.3 rel1/bin/../lib/gcc/arm-none-eabi/12.3.1/thumb/v7ve+simd/hard\libc_nano.a(libc_a-mallocr.o)
                0x2ffedce0                _malloc_r
 .text.__malloc_lock
                0x2ffedddc        0xc c:/program files (x86)/arm gnu toolchain arm-none-eabi/12.3 rel1/bin/../lib/gcc/arm-none-eabi/12.3.1/thumb/v7ve+simd/hard\libc_nano.a(libc_a-mlock.o)
                0x2ffedddc                __malloc_lock
 .text.__malloc_unlock
                0x2ffedde8        0xc c:/program files (x86)/arm gnu toolchain arm-none-eabi/12.3 rel1/bin/../lib/gcc/arm-none-eabi/12.3.1/thumb/v7ve+simd/hard\libc_nano.a(libc_a-mlock.o)
                0x2ffedde8                __malloc_unlock
 .text.__sflush_r
                0x2ffeddf4      0x108 c:/program files (x86)/arm gnu toolchain arm-none-eabi/12.3 rel1/bin/../lib/gcc/arm-none-eabi/12.3.1/thumb/v7ve+simd/hard\libc_nano.a(libc_a-fflush.o)
                0x2ffeddf4                __sflush_r
 .text._fflush_r
                0x2ffedefc       0x50 c:/program files (x86)/arm gnu toolchain arm-none-eabi/12.3 rel1/bin/../lib/gcc/arm-none-eabi/12.3.1/thumb/v7ve+simd/hard\libc_nano.a(libc_a-fflush.o)
                0x2ffedefc                _fflush_r
 .text.__swhatbuf_r
                0x2ffedf4c       0x4a c:/program files (x86)/arm gnu toolchain arm-none-eabi/12.3 rel1/bin/../lib/gcc/arm-none-eabi/12.3.1/thumb/v7ve+simd/hard\libc_nano.a(libc_a-makebuf.o)
                0x2ffedf4c                __swhatbuf_r
 .text.__smakebuf_r
                0x2ffedf96       0x78 c:/program files (x86)/arm gnu toolchain arm-none-eabi/12.3 rel1/bin/../lib/gcc/arm-none-eabi/12.3.1/thumb/v7ve+simd/hard\libc_nano.a(libc_a-makebuf.o)
                0x2ffedf96                __smakebuf_r
 *fill*         0x2ffee00e        0x2 
 .text._fstat_r
                0x2ffee010       0x24 c:/program files (x86)/arm gnu toolchain arm-none-eabi/12.3 rel1/bin/../lib/gcc/arm-none-eabi/12.3.1/thumb/v7ve+simd/hard\libc_nano.a(libc_a-fstatr.o)
                0x2ffee010                _fstat_r
 .text._isatty_r
                0x2ffee034       0x20 c:/program files (x86)/arm gnu toolchain arm-none-eabi/12.3 rel1/bin/../lib/gcc/arm-none-eabi/12.3.1/thumb/v7ve+simd/hard\libc_nano.a(libc_a-isattyr.o)
                0x2ffee034                _isatty_r
 .text._sbrk_r  0x2ffee054       0x20 c:/program files (x86)/arm gnu toolchain arm-none-eabi/12.3 rel1/bin/../lib/gcc/arm-none-eabi/12.3.1/thumb/v7ve+simd/hard\libc_nano.a(libc_a-sbrkr.o)
                0x2ffee054                _sbrk_r
 .text._sbrk    0x2ffee074       0x20 c:/program files (x86)/arm gnu toolchain arm-none-eabi/12.3 rel1/bin/../lib/gcc/arm-none-eabi/12.3.1/thumb/v7ve+simd/hard\libnosys.a(sbrk.o)
                0x2ffee074                _sbrk
 *(.init)
 *(.fini)
                0x2ffee094                        __TEXT_END_UNALIGNED__ = .
                0x2ffee094                        __TEXT_END__ = .
                0x2ffef000                        . = NEXT (0x1000)
 *fill*         0x2ffee094      0xf6c 
                0x2ffef000                        __RO_START__ = .
 *(.rodata*)
 .rodata        0x2ffef000       0x11 build/obj/Src/main.o
 *fill*         0x2ffef011        0x3 
 .rodata.UARTPrescTable
                0x2ffef014       0x18 build/obj/Drivers/STM32MP13xx_HAL_Driver/Src/stm32mp13xx_hal_uart.o
                0x2ffef014                UARTPrescTable
 .rodata.numerator.1
                0x2ffef02c        0x8 build/obj/Drivers/STM32MP13xx_HAL_Driver/Src/stm32mp13xx_hal_uart_ex.o
 .rodata.denominator.0
                0x2ffef034        0x8 build/obj/Drivers/STM32MP13xx_HAL_Driver/Src/stm32mp13xx_hal_uart_ex.o
 .rodata.LED_PIN
                0x2ffef03c        0x4 build/obj/Drivers/STM32MP13xx_DISCO/stm32mp13xx_disco.o
 .rodata._vfprintf_r.str1.1
                0x2ffef040       0x11 c:/program files (x86)/arm gnu toolchain arm-none-eabi/12.3 rel1/bin/../lib/gcc/arm-none-eabi/12.3.1/thumb/v7ve+simd/hard\libc_nano.a(libc_a-nano-vfprintf.o)
 .rodata._printf_i.str1.1
                0x2ffef051       0x22 c:/program files (x86)/arm gnu toolchain arm-none-eabi/12.3 rel1/bin/../lib/gcc/arm-none-eabi/12.3.1/thumb/v7ve+simd/hard\libc_nano.a(libc_a-nano-vfprintf_i.o)
                0x2ffef073                        __RO_END_UNALIGNED__ = .
                0x2fff0000                        . = NEXT (0x1000)
 *fill*         0x2ffef073      0xf8d 
                0x2fff0000                        __RO_END__ = .

.glue_7         0x2fff0000        0x0
 .glue_7        0x2fff0000        0x0 linker stubs

.glue_7t        0x2fff0000        0x0
 .glue_7t       0x2fff0000        0x0 linker stubs

.vfp11_veneer   0x2fff0000        0x0
 .vfp11_veneer  0x2fff0000        0x0 linker stubs

.v4_bx          0x2fff0000        0x0
 .v4_bx         0x2fff0000        0x0 linker stubs

.iplt           0x2fff0000        0x0
 .iplt          0x2fff0000        0x0 build/obj/Src/main.o

.ARM.extab      0x2fff0000        0x0
                0x2fff0000                        . = ALIGN (0x4)
 *(.ARM.extab* .gnu.linkonce.armextab.*)
                0x2fff0000                        . = ALIGN (0x4)

.ARM            0x2fff0000        0x8
                0x2fff0000                        . = ALIGN (0x4)
                0x2fff0000                        __exidx_start = .
 *(.ARM.exidx*)
 .ARM.exidx.text.__udivmoddi4
                0x2fff0000        0x8 c:/program files (x86)/arm gnu toolchain arm-none-eabi/12.3 rel1/bin/../lib/gcc/arm-none-eabi/12.3.1/thumb/v7ve+simd/hard\libgcc.a(_udivmoddi4.o)
                0x2fff0008                        __exidx_end = .
                0x2fff0008                        . = ALIGN (0x4)

.rel.dyn        0x2fff0008        0x0
 .rel.iplt      0x2fff0008        0x0 build/obj/Src/main.o

.preinit_array  0x2fff0008        0x0
                0x2fff0008                        . = ALIGN (0x4)
                0x2fff0008                        PROVIDE (__preinit_array_start = .)
 *(.preinit_array*)
                0x2fff0008                        PROVIDE (__preinit_array_end = .)
                0x2fff0008                        . = ALIGN (0x4)

.init_array     0x2fff0008        0x0
                0x2fff0008                        . = ALIGN (0x4)
                0x2fff0008                        PROVIDE (__init_array_start = .)
 *(SORT_BY_NAME(.init_array.*))
 *(.init_array*)
                0x2fff0008                        PROVIDE (__init_array_end = .)
                0x2fff0008                        . = ALIGN (0x4)

.fini_array     0x2fff0008        0x0
                0x2fff0008                        . = ALIGN (0x4)
                [!provide]                        PROVIDE (__fini_array_start = .)
 *(SORT_BY_NAME(.fini_array.*))
 *(.fini_array*)
                [!provide]                        PROVIDE (__fini_array_end = .)
                0x2fff0008                        . = ALIGN (0x4)

.data           0x2fff0008      0x694
                0x2fff0008                        RW_DATA = .
 *(.data*)
 .data.SystemCoreClock
                0x2fff0008        0x4 build/obj/Drivers/system_stm32mp13xx_A7.o
                0x2fff0008                SystemCoreClock
 .data.IRQ_Vector_Table
                0x2fff000c      0x2d8 build/obj/Drivers/startup_stm32mp135fxx_ca7.o
                0x2fff000c                IRQ_Vector_Table
 .data.uwTickPrio
                0x2fff02e4        0x4 build/obj/Drivers/STM32MP13xx_HAL_Driver/Src/stm32mp13xx_hal.o
                0x2fff02e4                uwTickPrio
 .data.uwTickFreq
                0x2fff02e8        0x1 build/obj/Drivers/STM32MP13xx_HAL_Driver/Src/stm32mp13xx_hal.o
                0x2fff02e8                uwTickFreq
 *fill*         0x2fff02e9        0x3 
 .data.LED_PORT
                0x2fff02ec        0x8 build/obj/Drivers/STM32MP13xx_DISCO/stm32mp13xx_disco.o
 .data.buck1_voltage_table
                0x2fff02f4       0x40 build/obj/Drivers/STM32MP13xx_DISCO/stm32mp13xx_disco_stpmic1.o
 .data.buck2_voltage_table
                0x2fff0334       0x4a build/obj/Drivers/STM32MP13xx_DISCO/stm32mp13xx_disco_stpmic1.o
 *fill*         0x2fff037e        0x2 
 .data.buck3_voltage_table
                0x2fff0380       0x70 build/obj/Drivers/STM32MP13xx_DISCO/stm32mp13xx_disco_stpmic1.o
 .data.buck4_voltage_table
                0x2fff03f0       0x7a build/obj/Drivers/STM32MP13xx_DISCO/stm32mp13xx_disco_stpmic1.o
 *fill*         0x2fff046a        0x2 
 .data.ldo1_voltage_table
                0x2fff046c       0x32 build/obj/Drivers/STM32MP13xx_DISCO/stm32mp13xx_disco_stpmic1.o
 *fill*         0x2fff049e        0x2 
 .data.ldo2_voltage_table
                0x2fff04a0       0x32 build/obj/Drivers/STM32MP13xx_DISCO/stm32mp13xx_disco_stpmic1.o
 *fill*         0x2fff04d2        0x2 
 .data.ldo3_voltage_table
                0x2fff04d4       0x40 build/obj/Drivers/STM32MP13xx_DISCO/stm32mp13xx_disco_stpmic1.o
 .data.ldo5_voltage_table
                0x2fff0514       0x3e build/obj/Drivers/STM32MP13xx_DISCO/stm32mp13xx_disco_stpmic1.o
 *fill*         0x2fff0552        0x2 
 .data.ldo6_voltage_table
                0x2fff0554       0x32 build/obj/Drivers/STM32MP13xx_DISCO/stm32mp13xx_disco_stpmic1.o
 *fill*         0x2fff0586        0x2 
 .data.ldo4_voltage_table
                0x2fff0588        0x2 build/obj/Drivers/STM32MP13xx_DISCO/stm32mp13xx_disco_stpmic1.o
 *fill*         0x2fff058a        0x2 
 .data.vref_ddr_voltage_table
                0x2fff058c        0x2 build/obj/Drivers/STM32MP13xx_DISCO/stm32mp13xx_disco_stpmic1.o
 *fill*         0x2fff058e        0x2 
 .data.regulators_table
                0x2fff0590       0xb0 build/obj/Drivers/STM32MP13xx_DISCO/stm32mp13xx_disco_stpmic1.o
 .data._impure_ptr
                0x2fff0640        0x4 c:/program files (x86)/arm gnu toolchain arm-none-eabi/12.3 rel1/bin/../lib/gcc/arm-none-eabi/12.3.1/thumb/v7ve+simd/hard\libc_nano.a(libc_a-impure.o)
                0x2fff0640                _impure_ptr
 .data._impure_data
                0x2fff0644       0x4c c:/program files (x86)/arm gnu toolchain arm-none-eabi/12.3 rel1/bin/../lib/gcc/arm-none-eabi/12.3.1/thumb/v7ve+simd/hard\libc_nano.a(libc_a-impure.o)
                0x2fff0644                _impure_data
 .data.__sglue  0x2fff0690        0xc c:/program files (x86)/arm gnu toolchain arm-none-eabi/12.3 rel1/bin/../lib/gcc/arm-none-eabi/12.3.1/thumb/v7ve+simd/hard\libc_nano.a(libc_a-findfp.o)
                0x2fff0690                __sglue
                0x2fff069c                        __DATA_END__ = .

.igot.plt       0x2fff069c        0x0
 .igot.plt      0x2fff069c        0x0 build/obj/Src/main.o

.bss            0x2fff06a0     0x12a0
                0x2fff06a0                        ZI_DATA = .
 *(SORT_BY_ALIGNMENT(.bss*))
 .bss.huart4    0x2fff06a0       0x94 build/obj/Src/main.o
                0x2fff06a0                huart4
 .bss.IRQTable  0x2fff0734      0xff0 build/obj/Drivers/CMSIS/Core_A/Source/irq_ctrl_gic.o
 .bss.IRQ_ID0   0x2fff1724        0x4 build/obj/Drivers/CMSIS/Core_A/Source/irq_ctrl_gic.o
 .bss.uwTick.0  0x2fff1728        0x4 build/obj/Drivers/STM32MP13xx_HAL_Driver/Src/stm32mp13xx_hal.o
 .bss.hbus_i2c4
                0x2fff172c       0x54 build/obj/Drivers/STM32MP13xx_DISCO/stm32mp13xx_disco_bus.o
 .bss.hpmic_i2c4
                0x2fff1780       0x54 build/obj/Drivers/STM32MP13xx_DISCO/stm32mp13xx_disco_stpmic1.o
 .bss.__sf      0x2fff17d4      0x138 c:/program files (x86)/arm gnu toolchain arm-none-eabi/12.3 rel1/bin/../lib/gcc/arm-none-eabi/12.3.1/thumb/v7ve+simd/hard\libc_nano.a(libc_a-findfp.o)
                0x2fff17d4                __sf
 .bss.__stdio_exit_handler
                0x2fff190c        0x4 c:/program files (x86)/arm gnu toolchain arm-none-eabi/12.3 rel1/bin/../lib/gcc/arm-none-eabi/12.3.1/thumb/v7ve+simd/hard\libc_nano.a(libc_a-findfp.o)
                0x2fff190c                __stdio_exit_handler
 .bss.errno     0x2fff1910        0x4 c:/program files (x86)/arm gnu toolchain arm-none-eabi/12.3 rel1/bin/../lib/gcc/arm-none-eabi/12.3.1/thumb/v7ve+simd/hard\libc_nano.a(libc_a-reent.o)
                0x2fff1910                errno
 .bss.__malloc_sbrk_start
                0x2fff1914        0x4 c:/program files (x86)/arm gnu toolchain arm-none-eabi/12.3 rel1/bin/../lib/gcc/arm-none-eabi/12.3.1/thumb/v7ve+simd/hard\libc_nano.a(libc_a-mallocr.o)
                0x2fff1914                __malloc_sbrk_start
 .bss.__malloc_free_list
                0x2fff1918        0x4 c:/program files (x86)/arm gnu toolchain arm-none-eabi/12.3 rel1/bin/../lib/gcc/arm-none-eabi/12.3.1/thumb/v7ve+simd/hard\libc_nano.a(libc_a-mallocr.o)
                0x2fff1918                __malloc_free_list
 .bss.heap_end.0
                0x2fff191c        0x4 c:/program files (x86)/arm gnu toolchain arm-none-eabi/12.3 rel1/bin/../lib/gcc/arm-none-eabi/12.3.1/thumb/v7ve+simd/hard\libnosys.a(sbrk.o)
 .bss.__lock___malloc_recursive_mutex
                0x2fff1920        0x1 c:/program files (x86)/arm gnu toolchain arm-none-eabi/12.3 rel1/bin/../lib/gcc/arm-none-eabi/12.3.1/thumb/v7ve+simd/hard\libc_nano.a(libc_a-lock.o)
                0x2fff1920                __lock___malloc_recursive_mutex
 .bss.__lock___sfp_recursive_mutex
                0x2fff1921        0x1 c:/program files (x86)/arm gnu toolchain arm-none-eabi/12.3 rel1/bin/../lib/gcc/arm-none-eabi/12.3.1/thumb/v7ve+simd/hard\libc_nano.a(libc_a-lock.o)
                0x2fff1921                __lock___sfp_recursive_mutex
 *(COMMON)
                0x2fff1940                        . = ALIGN (0x20)
 *fill*         0x2fff1922       0x1e 
                0x2fff1940                        __BSS_END__ = .
                0x000012a0                        __BSS_SIZE__ = SIZEOF (.bss)

._TTB           0x2fff4000     0x5000
                0x2fff4000                        TTB = .
                0x2fff8000                        . = (. + TTB_L1_SIZE)
 *fill*         0x2fff4000     0x4000 
                0x2fff9000                        . = (. + (TTB_L2_SIZE * 0x4))
 *fill*         0x2fff8000     0x1000 

._user_heap_stack
                0x2fff9000      0x600
                0x2fff9000                        . = ALIGN (0x8)
                0x2fff9000                        PROVIDE (end = .)
                [!provide]                        PROVIDE (_end = .)
                0x2fff9200                        . = (. + _Min_Heap_Size)
 *fill*         0x2fff9000      0x200 
                0x2fff9600                        . = (. + _Min_Stack_Size)
 *fill*         0x2fff9200      0x400 
                0x2fff9600                        . = ALIGN (0x8)

/DISCARD/
 libc.a(*)
 libm.a(*)
 libgcc.a(*)
OUTPUT(build/main.elf elf32-littlearm)
LOAD linker stubs
LOAD c:/program files (x86)/arm gnu toolchain arm-none-eabi/12.3 rel1/bin/../lib/gcc/arm-none-eabi/12.3.1/thumb/v7ve+simd/hard\libc.a
LOAD c:/program files (x86)/arm gnu toolchain arm-none-eabi/12.3 rel1/bin/../lib/gcc/arm-none-eabi/12.3.1/thumb/v7ve+simd/hard\libm.a
LOAD c:/program files (x86)/arm gnu toolchain arm-none-eabi/12.3 rel1/bin/../lib/gcc/arm-none-eabi/12.3.1/thumb/v7ve+simd/hard\libgcc.a

.debug_info     0x00000000    0x19de3
 .debug_info    0x00000000     0x246f build/obj/Src/main.o
 .debug_info    0x0000246f      0x6b1 build/obj/Drivers/syscalls.o
 .debug_info    0x00002b20     0x182b build/obj/Drivers/stm32mp13xx_hal_msp.o
 .debug_info    0x0000434b     0x1d33 build/obj/Drivers/system_stm32mp13xx_A7.o
 .debug_info    0x0000607e      0xfcb build/obj/Drivers/startup_stm32mp135fxx_ca7.o
 .debug_info    0x00007049     0x1268 build/obj/Drivers/CMSIS/Core_A/Source/irq_ctrl_gic.o
 .debug_info    0x000082b1     0x1c03 build/obj/Drivers/STM32MP13xx_HAL_Driver/Src/stm32mp13xx_hal.o
 .debug_info    0x00009eb4      0x8da build/obj/Drivers/STM32MP13xx_HAL_Driver/Src/stm32mp13xx_hal_gpio.o
 .debug_info    0x0000a78e     0x22de build/obj/Drivers/STM32MP13xx_HAL_Driver/Src/stm32mp13xx_hal_i2c.o
 .debug_info    0x0000ca6c     0x1c35 build/obj/Drivers/STM32MP13xx_HAL_Driver/Src/stm32mp13xx_hal_rcc.o
 .debug_info    0x0000e6a1     0x1538 build/obj/Drivers/STM32MP13xx_HAL_Driver/Src/stm32mp13xx_hal_rcc_ex.o
 .debug_info    0x0000fbd9     0x2c6e build/obj/Drivers/STM32MP13xx_HAL_Driver/Src/stm32mp13xx_hal_uart.o
 .debug_info    0x00012847      0xeba build/obj/Drivers/STM32MP13xx_HAL_Driver/Src/stm32mp13xx_hal_uart_ex.o
 .debug_info    0x00013701     0x19fc build/obj/Drivers/STM32MP13xx_DISCO/stm32mp13xx_disco.o
 .debug_info    0x000150fd     0x2716 build/obj/Drivers/STM32MP13xx_DISCO/stm32mp13xx_disco_bus.o
 .debug_info    0x00017813     0x25d0 build/obj/Drivers/STM32MP13xx_DISCO/stm32mp13xx_disco_stpmic1.o

.debug_abbrev   0x00000000     0x293e
 .debug_abbrev  0x00000000      0x33b build/obj/Src/main.o
 .debug_abbrev  0x0000033b      0x1ca build/obj/Drivers/syscalls.o
 .debug_abbrev  0x00000505      0x1cd build/obj/Drivers/stm32mp13xx_hal_msp.o
 .debug_abbrev  0x000006d2      0x3ca build/obj/Drivers/system_stm32mp13xx_A7.o
 .debug_abbrev  0x00000a9c       0xda build/obj/Drivers/startup_stm32mp135fxx_ca7.o
 .debug_abbrev  0x00000b76      0x2cc build/obj/Drivers/CMSIS/Core_A/Source/irq_ctrl_gic.o
 .debug_abbrev  0x00000e42      0x36c build/obj/Drivers/STM32MP13xx_HAL_Driver/Src/stm32mp13xx_hal.o
 .debug_abbrev  0x000011ae      0x1ea build/obj/Drivers/STM32MP13xx_HAL_Driver/Src/stm32mp13xx_hal_gpio.o
 .debug_abbrev  0x00001398      0x290 build/obj/Drivers/STM32MP13xx_HAL_Driver/Src/stm32mp13xx_hal_i2c.o
 .debug_abbrev  0x00001628      0x2b8 build/obj/Drivers/STM32MP13xx_HAL_Driver/Src/stm32mp13xx_hal_rcc.o
 .debug_abbrev  0x000018e0      0x266 build/obj/Drivers/STM32MP13xx_HAL_Driver/Src/stm32mp13xx_hal_rcc_ex.o
 .debug_abbrev  0x00001b46      0x2fb build/obj/Drivers/STM32MP13xx_HAL_Driver/Src/stm32mp13xx_hal_uart.o
 .debug_abbrev  0x00001e41      0x256 build/obj/Drivers/STM32MP13xx_HAL_Driver/Src/stm32mp13xx_hal_uart_ex.o
 .debug_abbrev  0x00002097      0x2cd build/obj/Drivers/STM32MP13xx_DISCO/stm32mp13xx_disco.o
 .debug_abbrev  0x00002364      0x2ce build/obj/Drivers/STM32MP13xx_DISCO/stm32mp13xx_disco_bus.o
 .debug_abbrev  0x00002632      0x30c build/obj/Drivers/STM32MP13xx_DISCO/stm32mp13xx_disco_stpmic1.o

.debug_aranges  0x00000000     0x14f0
 .debug_aranges
                0x00000000       0x60 build/obj/Src/main.o
 .debug_aranges
                0x00000060       0xb0 build/obj/Drivers/syscalls.o
 .debug_aranges
                0x00000110       0x30 build/obj/Drivers/stm32mp13xx_hal_msp.o
 .debug_aranges
                0x00000140       0x80 build/obj/Drivers/system_stm32mp13xx_A7.o
 .debug_aranges
                0x000001c0      0x590 build/obj/Drivers/startup_stm32mp135fxx_ca7.o
 .debug_aranges
                0x00000750      0x1a0 build/obj/Drivers/CMSIS/Core_A/Source/irq_ctrl_gic.o
 .debug_aranges
                0x000008f0      0x150 build/obj/Drivers/STM32MP13xx_HAL_Driver/Src/stm32mp13xx_hal.o
 .debug_aranges
                0x00000a40       0x68 build/obj/Drivers/STM32MP13xx_HAL_Driver/Src/stm32mp13xx_hal_gpio.o
 .debug_aranges
                0x00000aa8      0x2a0 build/obj/Drivers/STM32MP13xx_HAL_Driver/Src/stm32mp13xx_hal_i2c.o
 .debug_aranges
                0x00000d48      0x168 build/obj/Drivers/STM32MP13xx_HAL_Driver/Src/stm32mp13xx_hal_rcc.o
 .debug_aranges
                0x00000eb0       0x58 build/obj/Drivers/STM32MP13xx_HAL_Driver/Src/stm32mp13xx_hal_rcc_ex.o
 .debug_aranges
                0x00000f08      0x248 build/obj/Drivers/STM32MP13xx_HAL_Driver/Src/stm32mp13xx_hal_uart.o
 .debug_aranges
                0x00001150       0xa8 build/obj/Drivers/STM32MP13xx_HAL_Driver/Src/stm32mp13xx_hal_uart_ex.o
 .debug_aranges
                0x000011f8       0xc0 build/obj/Drivers/STM32MP13xx_DISCO/stm32mp13xx_disco.o
 .debug_aranges
                0x000012b8      0x140 build/obj/Drivers/STM32MP13xx_DISCO/stm32mp13xx_disco_bus.o
 .debug_aranges
                0x000013f8       0xf8 build/obj/Drivers/STM32MP13xx_DISCO/stm32mp13xx_disco_stpmic1.o

.debug_rnglists
                0x00000000     0x1060
 .debug_rnglists
                0x00000000       0x46 build/obj/Src/main.o
 .debug_rnglists
                0x00000046       0x7f build/obj/Drivers/syscalls.o
 .debug_rnglists
                0x000000c5       0x20 build/obj/Drivers/stm32mp13xx_hal_msp.o
 .debug_rnglists
                0x000000e5       0x61 build/obj/Drivers/system_stm32mp13xx_A7.o
 .debug_rnglists
                0x00000146      0x428 build/obj/Drivers/startup_stm32mp135fxx_ca7.o
 .debug_rnglists
                0x0000056e      0x140 build/obj/Drivers/CMSIS/Core_A/Source/irq_ctrl_gic.o
 .debug_rnglists
                0x000006ae       0xff build/obj/Drivers/STM32MP13xx_HAL_Driver/Src/stm32mp13xx_hal.o
 .debug_rnglists
                0x000007ad       0x4d build/obj/Drivers/STM32MP13xx_HAL_Driver/Src/stm32mp13xx_hal_gpio.o
 .debug_rnglists
                0x000007fa      0x22e build/obj/Drivers/STM32MP13xx_HAL_Driver/Src/stm32mp13xx_hal_i2c.o
 .debug_rnglists
                0x00000a28      0x11e build/obj/Drivers/STM32MP13xx_HAL_Driver/Src/stm32mp13xx_hal_rcc.o
 .debug_rnglists
                0x00000b46       0x43 build/obj/Drivers/STM32MP13xx_HAL_Driver/Src/stm32mp13xx_hal_rcc_ex.o
 .debug_rnglists
                0x00000b89      0x1ff build/obj/Drivers/STM32MP13xx_HAL_Driver/Src/stm32mp13xx_hal_uart.o
 .debug_rnglists
                0x00000d88       0x84 build/obj/Drivers/STM32MP13xx_HAL_Driver/Src/stm32mp13xx_hal_uart_ex.o
 .debug_rnglists
                0x00000e0c       0x8e build/obj/Drivers/STM32MP13xx_DISCO/stm32mp13xx_disco.o
 .debug_rnglists
                0x00000e9a      0x106 build/obj/Drivers/STM32MP13xx_DISCO/stm32mp13xx_disco_bus.o
 .debug_rnglists
                0x00000fa0       0xc0 build/obj/Drivers/STM32MP13xx_DISCO/stm32mp13xx_disco_stpmic1.o

.debug_line     0x00000000     0xcf27
 .debug_line    0x00000000      0x50f build/obj/Src/main.o
 .debug_line    0x0000050f      0x38f build/obj/Drivers/syscalls.o
 .debug_line    0x0000089e      0x1f4 build/obj/Drivers/stm32mp13xx_hal_msp.o
 .debug_line    0x00000a92      0x7e9 build/obj/Drivers/system_stm32mp13xx_A7.o
 .debug_line    0x0000127b      0xf39 build/obj/Drivers/startup_stm32mp135fxx_ca7.o
 .debug_line    0x000021b4      0xa3b build/obj/Drivers/CMSIS/Core_A/Source/irq_ctrl_gic.o
 .debug_line    0x00002bef      0x846 build/obj/Drivers/STM32MP13xx_HAL_Driver/Src/stm32mp13xx_hal.o
 .debug_line    0x00003435      0x619 build/obj/Drivers/STM32MP13xx_HAL_Driver/Src/stm32mp13xx_hal_gpio.o
 .debug_line    0x00003a4e     0x34f4 build/obj/Drivers/STM32MP13xx_HAL_Driver/Src/stm32mp13xx_hal_i2c.o
 .debug_line    0x00006f42     0x1538 build/obj/Drivers/STM32MP13xx_HAL_Driver/Src/stm32mp13xx_hal_rcc.o
 .debug_line    0x0000847a     0x143a build/obj/Drivers/STM32MP13xx_HAL_Driver/Src/stm32mp13xx_hal_rcc_ex.o
 .debug_line    0x000098b4     0x1c45 build/obj/Drivers/STM32MP13xx_HAL_Driver/Src/stm32mp13xx_hal_uart.o
 .debug_line    0x0000b4f9      0x735 build/obj/Drivers/STM32MP13xx_HAL_Driver/Src/stm32mp13xx_hal_uart_ex.o
 .debug_line    0x0000bc2e      0x4f1 build/obj/Drivers/STM32MP13xx_DISCO/stm32mp13xx_disco.o
 .debug_line    0x0000c11f      0x791 build/obj/Drivers/STM32MP13xx_DISCO/stm32mp13xx_disco_bus.o
 .debug_line    0x0000c8b0      0x677 build/obj/Drivers/STM32MP13xx_DISCO/stm32mp13xx_disco_stpmic1.o

.debug_str      0x00000000     0x6de4
 .debug_str     0x00000000     0x22a5 build/obj/Src/main.o
                               0x23b4 (size before relaxing)
 .debug_str     0x000022a5      0x1ff build/obj/Drivers/syscalls.o
                                0x40b (size before relaxing)
 .debug_str     0x000024a4       0xa8 build/obj/Drivers/stm32mp13xx_hal_msp.o
                               0x1362 (size before relaxing)
 .debug_str     0x0000254c      0x3fe build/obj/Drivers/system_stm32mp13xx_A7.o
                               0x19f0 (size before relaxing)
 .debug_str     0x0000294a      0xcc9 build/obj/Drivers/startup_stm32mp135fxx_ca7.o
                               0x1828 (size before relaxing)
 .debug_str     0x00003613      0x4d8 build/obj/Drivers/CMSIS/Core_A/Source/irq_ctrl_gic.o
                               0x10e1 (size before relaxing)
 .debug_str     0x00003aeb      0x631 build/obj/Drivers/STM32MP13xx_HAL_Driver/Src/stm32mp13xx_hal.o
                               0x1cdc (size before relaxing)
 .debug_str     0x0000411c      0x1f4 build/obj/Drivers/STM32MP13xx_HAL_Driver/Src/stm32mp13xx_hal_gpio.o
                                0x563 (size before relaxing)
 .debug_str     0x00004310      0xb98 build/obj/Drivers/STM32MP13xx_HAL_Driver/Src/stm32mp13xx_hal_i2c.o
                               0x1177 (size before relaxing)
 .debug_str     0x00004ea8      0x6c6 build/obj/Drivers/STM32MP13xx_HAL_Driver/Src/stm32mp13xx_hal_rcc.o
                               0x1686 (size before relaxing)
 .debug_str     0x0000556e       0xcd build/obj/Drivers/STM32MP13xx_HAL_Driver/Src/stm32mp13xx_hal_rcc_ex.o
                               0x14e1 (size before relaxing)
 .debug_str     0x0000563b      0x86b build/obj/Drivers/STM32MP13xx_HAL_Driver/Src/stm32mp13xx_hal_uart.o
                               0x263b (size before relaxing)
 .debug_str     0x00005ea6      0x253 build/obj/Drivers/STM32MP13xx_HAL_Driver/Src/stm32mp13xx_hal_uart_ex.o
                                0xbc5 (size before relaxing)
 .debug_str     0x000060f9      0x426 build/obj/Drivers/STM32MP13xx_DISCO/stm32mp13xx_disco.o
                               0x1ba2 (size before relaxing)
 .debug_str     0x0000651f      0x250 build/obj/Drivers/STM32MP13xx_DISCO/stm32mp13xx_disco_bus.o
                               0x2023 (size before relaxing)
 .debug_str     0x0000676f      0x675 build/obj/Drivers/STM32MP13xx_DISCO/stm32mp13xx_disco_stpmic1.o
                               0x2476 (size before relaxing)

.comment        0x00000000       0x45
 .comment       0x00000000       0x45 build/obj/Src/main.o
                                 0x46 (size before relaxing)
 .comment       0x00000045       0x46 build/obj/Drivers/syscalls.o
 .comment       0x00000045       0x46 build/obj/Drivers/stm32mp13xx_hal_msp.o
 .comment       0x00000045       0x46 build/obj/Drivers/system_stm32mp13xx_A7.o
 .comment       0x00000045       0x46 build/obj/Drivers/startup_stm32mp135fxx_ca7.o