Archive member included to satisfy reference by file (symbol)

c:/program files (x86)/arm gnu toolchain arm-none-eabi/12.3 rel1/bin/../lib/gcc/arm-none-eabi/12.3.1/thumb/v7ve+simd/hard\libc_nano.a(libc_a-exit.o)
                              c:/program files (x86)/arm gnu toolchain arm-none-eabi/12.3 rel1/bin/../lib/gcc/arm-none-eabi/12.3.1/thumb/v7ve+simd/hard/crt0.o (exit)
c:/program files (x86)/arm gnu toolchain arm-none-eabi/12.3 rel1/bin/../lib/gcc/arm-none-eabi/12.3.1/thumb/v7ve+simd/hard\libc_nano.a(libc_a-findfp.o)
                              c:/program files (x86)/arm gnu toolchain arm-none-eabi/12.3 rel1/bin/../lib/gcc/arm-none-eabi/12.3.1/thumb/v7ve+simd/hard\libc_nano.a(libc_a-exit.o) (__stdio_exit_handler)
c:/program files (x86)/arm gnu toolchain arm-none-eabi/12.3 rel1/bin/../lib/gcc/arm-none-eabi/12.3.1/thumb/v7ve+simd/hard\libc_nano.a(libc_a-fwalk.o)
                              c:/program files (x86)/arm gnu toolchain arm-none-eabi/12.3 rel1/bin/../lib/gcc/arm-none-eabi/12.3.1/thumb/v7ve+simd/hard\libc_nano.a(libc_a-findfp.o) (_fwalk_sglue)
c:/program files (x86)/arm gnu toolchain arm-none-eabi/12.3 rel1/bin/../lib/gcc/arm-none-eabi/12.3.1/thumb/v7ve+simd/hard\libc_nano.a(libc_a-stdio.o)
                              c:/program files (x86)/arm gnu toolchain arm-none-eabi/12.3 rel1/bin/../lib/gcc/arm-none-eabi/12.3.1/thumb/v7ve+simd/hard\libc_nano.a(libc_a-findfp.o) (__sread)
c:/program files (x86)/arm gnu toolchain arm-none-eabi/12.3 rel1/bin/../lib/gcc/arm-none-eabi/12.3.1/thumb/v7ve+simd/hard\libc_nano.a(libc_a-memset.o)
                              c:/program files (x86)/arm gnu toolchain arm-none-eabi/12.3 rel1/bin/../lib/gcc/arm-none-eabi/12.3.1/thumb/v7ve+simd/hard/crt0.o (memset)
c:/program files (x86)/arm gnu toolchain arm-none-eabi/12.3 rel1/bin/../lib/gcc/arm-none-eabi/12.3.1/thumb/v7ve+simd/hard\libc_nano.a(libc_a-closer.o)
                              c:/program files (x86)/arm gnu toolchain arm-none-eabi/12.3 rel1/bin/../lib/gcc/arm-none-eabi/12.3.1/thumb/v7ve+simd/hard\libc_nano.a(libc_a-stdio.o) (_close_r)
c:/program files (x86)/arm gnu toolchain arm-none-eabi/12.3 rel1/bin/../lib/gcc/arm-none-eabi/12.3.1/thumb/v7ve+simd/hard\libc_nano.a(libc_a-reent.o)
                              c:/program files (x86)/arm gnu toolchain arm-none-eabi/12.3 rel1/bin/../lib/gcc/arm-none-eabi/12.3.1/thumb/v7ve+simd/hard\libc_nano.a(libc_a-closer.o) (errno)
c:/program files (x86)/arm gnu toolchain arm-none-eabi/12.3 rel1/bin/../lib/gcc/arm-none-eabi/12.3.1/thumb/v7ve+simd/hard\libc_nano.a(libc_a-impure.o)
                              c:/program files (x86)/arm gnu toolchain arm-none-eabi/12.3 rel1/bin/../lib/gcc/arm-none-eabi/12.3.1/thumb/v7ve+simd/hard\libc_nano.a(libc_a-reent.o) (_impure_ptr)
c:/program files (x86)/arm gnu toolchain arm-none-eabi/12.3 rel1/bin/../lib/gcc/arm-none-eabi/12.3.1/thumb/v7ve+simd/hard\libc_nano.a(libc_a-lseekr.o)
                              c:/program files (x86)/arm gnu toolchain arm-none-eabi/12.3 rel1/bin/../lib/gcc/arm-none-eabi/12.3.1/thumb/v7ve+simd/hard\libc_nano.a(libc_a-stdio.o) (_lseek_r)
c:/program files (x86)/arm gnu toolchain arm-none-eabi/12.3 rel1/bin/../lib/gcc/arm-none-eabi/12.3.1/thumb/v7ve+simd/hard\libc_nano.a(libc_a-readr.o)
                              c:/program files (x86)/arm gnu toolchain arm-none-eabi/12.3 rel1/bin/../lib/gcc/arm-none-eabi/12.3.1/thumb/v7ve+simd/hard\libc_nano.a(libc_a-stdio.o) (_read_r)
c:/program files (x86)/arm gnu toolchain arm-none-eabi/12.3 rel1/bin/../lib/gcc/arm-none-eabi/12.3.1/thumb/v7ve+simd/hard\libc_nano.a(libc_a-writer.o)
                              c:/program files (x86)/arm gnu toolchain arm-none-eabi/12.3 rel1/bin/../lib/gcc/arm-none-eabi/12.3.1/thumb/v7ve+simd/hard\libc_nano.a(libc_a-stdio.o) (_write_r)
c:/program files (x86)/arm gnu toolchain arm-none-eabi/12.3 rel1/bin/../lib/gcc/arm-none-eabi/12.3.1/thumb/v7ve+simd/hard\libc_nano.a(libc_a-init.o)
                              c:/program files (x86)/arm gnu toolchain arm-none-eabi/12.3 rel1/bin/../lib/gcc/arm-none-eabi/12.3.1/thumb/v7ve+simd/hard/crt0.o (__libc_init_array)
c:/program files (x86)/arm gnu toolchain arm-none-eabi/12.3 rel1/bin/../lib/gcc/arm-none-eabi/12.3.1/thumb/v7ve+simd/hard\libc_nano.a(libc_a-lock.o)
                              c:/program files (x86)/arm gnu toolchain arm-none-eabi/12.3 rel1/bin/../lib/gcc/arm-none-eabi/12.3.1/thumb/v7ve+simd/hard\libc_nano.a(libc_a-findfp.o) (__retarget_lock_init_recursive)
c:/program files (x86)/arm gnu toolchain arm-none-eabi/12.3 rel1/bin/../lib/gcc/arm-none-eabi/12.3.1/thumb/v7ve+simd/hard\libc_nano.a(libc_a-freer.o)
                              c:/program files (x86)/arm gnu toolchain arm-none-eabi/12.3 rel1/bin/../lib/gcc/arm-none-eabi/12.3.1/thumb/v7ve+simd/hard\libc_nano.a(libc_a-reent.o) (_free_r)
[...]
Memory Configuration

Name             Origin             Length             Attributes
SYSRAM_BASE      0x2ffe0000         0x00020000         xrw
SRAM1_BASE       0x30000000         0x00004000         xrw
SRAM2_BASE       0x30004000         0x00002000         xrw
SRAM3_BASE       0x30006000         0x00002000         xrw
DDR_BASE         0xc0000000         0x20000000         xrw
*default*        0x00000000         0xffffffff

Linker script and memory map

LOAD c:/program files (x86)/arm gnu toolchain arm-none-eabi/12.3 rel1/bin/../lib/gcc/arm-none-eabi/12.3.1/thumb/v7ve+simd/hard/crti.o
LOAD c:/program files (x86)/arm gnu toolchain arm-none-eabi/12.3 rel1/bin/../lib/gcc/arm-none-eabi/12.3.1/thumb/v7ve+simd/hard/crtbegin.o
LOAD c:/program files (x86)/arm gnu toolchain arm-none-eabi/12.3 rel1/bin/../lib/gcc/arm-none-eabi/12.3.1/thumb/v7ve+simd/hard/crt0.o
START GROUP
LOAD c:/program files (x86)/arm gnu toolchain arm-none-eabi/12.3 rel1/bin/../lib/gcc/arm-none-eabi/12.3.1/thumb/v7ve+simd/hard\libc_nano.a
LOAD c:/program files (x86)/arm gnu toolchain arm-none-eabi/12.3 rel1/bin/../lib/gcc/arm-none-eabi/12.3.1/thumb/v7ve+simd/hard\libm.a
END GROUP
LOAD build/obj/src/ddr_tests.o
LOAD build/obj/src/ddr_tool.o
LOAD build/obj/src/ddr_tool_util.o
LOAD build/obj/src/main.o
LOAD build/obj/src/stm32mp13xx_hal_msp.o
LOAD build/obj/src/stm32mp13xx_it.o
LOAD build/obj/src/system_time.o
LOAD build/obj/Drivers/mmu_stm32mp13xx.o
LOAD build/obj/Drivers/system_stm32mp13xx_A7.o
LOAD build/obj/Drivers/startup_stm32mp135fxx_ca7.o
LOAD build/obj/Drivers/CMSIS/Core_A/Source/irq_ctrl_gic.o
LOAD build/obj/Drivers/STM32MP13xx_HAL_Driver/Src/stm32mp13xx_hal.o
LOAD build/obj/Drivers/STM32MP13xx_HAL_Driver/Src/stm32mp13xx_hal_ddr.o
LOAD build/obj/Drivers/STM32MP13xx_HAL_Driver/Src/stm32mp13xx_hal_dma.o
LOAD build/obj/Drivers/STM32MP13xx_HAL_Driver/Src/stm32mp13xx_hal_dma_ex.o
LOAD build/obj/Drivers/STM32MP13xx_HAL_Driver/Src/stm32mp13xx_hal_gpio.o
LOAD build/obj/Drivers/STM32MP13xx_HAL_Driver/Src/stm32mp13xx_hal_i2c.o
LOAD build/obj/Drivers/STM32MP13xx_HAL_Driver/Src/stm32mp13xx_hal_rcc.o
LOAD build/obj/Drivers/STM32MP13xx_HAL_Driver/Src/stm32mp13xx_hal_rcc_ex.o
LOAD build/obj/Drivers/STM32MP13xx_HAL_Driver/Src/stm32mp13xx_hal_uart.o
LOAD build/obj/Drivers/STM32MP13xx_HAL_Driver/Src/stm32mp13xx_hal_uart_ex.o
LOAD build/obj/Drivers/STM32MP13xx_DISCO/stm32mp13xx_disco.o
LOAD build/obj/Drivers/STM32MP13xx_DISCO/stm32mp13xx_disco_bus.o
LOAD build/obj/Drivers/STM32MP13xx_DISCO/stm32mp13xx_disco_stpmic1.o
LOAD build/obj/Drivers/STM32MP13xx_DISCO/stm32mp13xx_power.o
START GROUP
LOAD c:/program files (x86)/arm gnu toolchain arm-none-eabi/12.3 rel1/bin/../lib/gcc/arm-none-eabi/12.3.1/thumb/v7ve+simd/hard\libgcc.a
LOAD c:/program files (x86)/arm gnu toolchain arm-none-eabi/12.3 rel1/bin/../lib/gcc/arm-none-eabi/12.3.1/thumb/v7ve+simd/hard\libc_nano.a
END GROUP
START GROUP
LOAD c:/program files (x86)/arm gnu toolchain arm-none-eabi/12.3 rel1/bin/../lib/gcc/arm-none-eabi/12.3.1/thumb/v7ve+simd/hard\libgcc.a
LOAD c:/program files (x86)/arm gnu toolchain arm-none-eabi/12.3 rel1/bin/../lib/gcc/arm-none-eabi/12.3.1/thumb/v7ve+simd/hard\libc_nano.a
LOAD c:/program files (x86)/arm gnu toolchain arm-none-eabi/12.3 rel1/bin/../lib/gcc/arm-none-eabi/12.3.1/thumb/v7ve+simd/hard\libnosys.a
END GROUP
START GROUP
LOAD c:/program files (x86)/arm gnu toolchain arm-none-eabi/12.3 rel1/bin/../lib/gcc/arm-none-eabi/12.3.1/thumb/v7ve+simd/hard\libgcc.a
LOAD c:/program files (x86)/arm gnu toolchain arm-none-eabi/12.3 rel1/bin/../lib/gcc/arm-none-eabi/12.3.1/thumb/v7ve+simd/hard\libc_nano.a
LOAD c:/program files (x86)/arm gnu toolchain arm-none-eabi/12.3 rel1/bin/../lib/gcc/arm-none-eabi/12.3.1/thumb/v7ve+simd/hard\libnosys.a
END GROUP
LOAD c:/program files (x86)/arm gnu toolchain arm-none-eabi/12.3 rel1/bin/../lib/gcc/arm-none-eabi/12.3.1/thumb/v7ve+simd/hard/crtend.o
LOAD c:/program files (x86)/arm gnu toolchain arm-none-eabi/12.3 rel1/bin/../lib/gcc/arm-none-eabi/12.3.1/thumb/v7ve+simd/hard/crtn.o
                0x00000200                        _Min_Heap_Size = 0x200
                0x00000400                        _Min_Stack_Size = 0x400
                0x00004000                        TTB_L1_SIZE = 0x4000
                0x00000400                        TTB_L2_SIZE = 0x400
                0x00000000                        START_OFFSET = 0x0
                0x2ffe0000                        __MEM_START__ = (ORIGIN (RAM) + START_OFFSET)
                0x00020000                        __MEM_SIZE__ = (LENGTH (RAM) - START_OFFSET)
                0x00000400                        __FIQ_STACK_SIZE = 0x400
                0x00000400                        __IRQ_STACK_SIZE = 0x400
                0x00000400                        __ABT_STACK_SIZE = 0x400
                0x00000400                        __SVC_STACK_SIZE = 0x400
                0x00000400                        __UND_STACK_SIZE = 0x400
                0x30000000                        FIQ_STACK = (__MEM_START__ + __MEM_SIZE__)
                0x2ffffc00                        IRQ_STACK = (FIQ_STACK - __FIQ_STACK_SIZE)
                0x2ffff800                        ABT_STACK = (IRQ_STACK - __IRQ_STACK_SIZE)
                0x2ffff400                        SVC_STACK = (ABT_STACK - __ABT_STACK_SIZE)
                0x2ffff000                        UND_STACK = (SVC_STACK - __SVC_STACK_SIZE)
                0x2fffec00                        SYS_STACK = (UND_STACK - __UND_STACK_SIZE)
                0x2ffe0000                        . = __MEM_START__

.RESET          0x2ffe0000     0xd000
                0x2ffe0000                        __TEXT_START__ = .
 *(.text.Reset_Handler)
 .text.Reset_Handler
                0x2ffe0000       0xb0 build/obj/Drivers/startup_stm32mp135fxx_ca7.o
                0x2ffe0000                Reset_Handler
 *(RESET)
 *fill*         0x2ffe00b0       0x50 
 RESET          0x2ffe0100       0x40 build/obj/Drivers/startup_stm32mp135fxx_ca7.o
                0x2ffe0100                Vectors
 *(.text*)
 .text.deregister_tm_clones
                0x2ffe0140       0x24 c:/program files (x86)/arm gnu toolchain arm-none-eabi/12.3 rel1/bin/../lib/gcc/arm-none-eabi/12.3.1/thumb/v7ve+simd/hard/crtbegin.o
 .text.register_tm_clones
                0x2ffe0164       0x2c c:/program files (x86)/arm gnu toolchain arm-none-eabi/12.3 rel1/bin/../lib/gcc/arm-none-eabi/12.3.1/thumb/v7ve+simd/hard/crtbegin.o
 .text.__do_global_dtors_aux
                0x2ffe0190       0x30 c:/program files (x86)/arm gnu toolchain arm-none-eabi/12.3 rel1/bin/../lib/gcc/arm-none-eabi/12.3.1/thumb/v7ve+simd/hard/crtbegin.o
 .text.frame_dummy
                0x2ffe01c0       0x28 c:/program files (x86)/arm gnu toolchain arm-none-eabi/12.3 rel1/bin/../lib/gcc/arm-none-eabi/12.3.1/thumb/v7ve+simd/hard/crtbegin.o
 .text.std      0x2ffe01e8       0x6c c:/program files (x86)/arm gnu toolchain arm-none-eabi/12.3 rel1/bin/../lib/gcc/arm-none-eabi/12.3.1/thumb/v7ve+simd/hard\libc_nano.a(libc_a-findfp.o)
 .text.stdio_exit_handler
                0x2ffe0254       0x18 c:/program files (x86)/arm gnu toolchain arm-none-eabi/12.3 rel1/bin/../lib/gcc/arm-none-eabi/12.3.1/thumb/v7ve+simd/hard\libc_nano.a(libc_a-findfp.o)
 .text.cleanup_stdio
                0x2ffe026c       0x40 c:/program files (x86)/arm gnu toolchain arm-none-eabi/12.3 rel1/bin/../lib/gcc/arm-none-eabi/12.3.1/thumb/v7ve+simd/hard\libc_nano.a(libc_a-findfp.o)
 .text.global_stdio_init.part.0
                0x2ffe02ac       0x3c c:/program files (x86)/arm gnu toolchain arm-none-eabi/12.3 rel1/bin/../lib/gcc/arm-none-eabi/12.3.1/thumb/v7ve+simd/hard\libc_nano.a(libc_a-findfp.o)
 .text.__sfp_lock_acquire
                0x2ffe02e8        0xc c:/program files (x86)/arm gnu toolchain arm-none-eabi/12.3 rel1/bin/../lib/gcc/arm-none-eabi/12.3.1/thumb/v7ve+simd/hard\libc_nano.a(libc_a-findfp.o)
                0x2ffe02e8                __sfp_lock_acquire
 .text.__sfp_lock_release
                0x2ffe02f4        0xc c:/program files (x86)/arm gnu toolchain arm-none-eabi/12.3 rel1/bin/../lib/gcc/arm-none-eabi/12.3.1/thumb/v7ve+simd/hard\libc_nano.a(libc_a-findfp.o)
                0x2ffe02f4                __sfp_lock_release
 .text.__sinit  0x2ffe0300       0x30 c:/program files (x86)/arm gnu toolchain arm-none-eabi/12.3 rel1/bin/../lib/gcc/arm-none-eabi/12.3.1/thumb/v7ve+simd/hard\libc_nano.a(libc_a-findfp.o)
                0x2ffe0300                __sinit
 .text._fwalk_sglue
                0x2ffe0330       0x3c c:/program files (x86)/arm gnu toolchain arm-none-eabi/12.3 rel1/bin/../lib/gcc/arm-none-eabi/12.3.1/thumb/v7ve+simd/hard\libc_nano.a(libc_a-fwalk.o)
                0x2ffe0330                _fwalk_sglue
 .text.__sread  0x2ffe036c       0x22 c:/program files (x86)/arm gnu toolchain arm-none-eabi/12.3 rel1/bin/../lib/gcc/arm-none-eabi/12.3.1/thumb/v7ve+simd/hard\libc_nano.a(libc_a-stdio.o)
                0x2ffe036c                __sread
 .text.__swrite
                0x2ffe038e       0x38 c:/program files (x86)/arm gnu toolchain arm-none-eabi/12.3 rel1/bin/../lib/gcc/arm-none-eabi/12.3.1/thumb/v7ve+simd/hard\libc_nano.a(libc_a-stdio.o)
                0x2ffe038e                __swrite
 .text.__sseek  0x2ffe03c6       0x24 c:/program files (x86)/arm gnu toolchain arm-none-eabi/12.3 rel1/bin/../lib/gcc/arm-none-eabi/12.3.1/thumb/v7ve+simd/hard\libc_nano.a(libc_a-stdio.o)
                0x2ffe03c6                __sseek
 .text.__sclose
                0x2ffe03ea        0x8 c:/program files (x86)/arm gnu toolchain arm-none-eabi/12.3 rel1/bin/../lib/gcc/arm-none-eabi/12.3.1/thumb/v7ve+simd/hard\libc_nano.a(libc_a-stdio.o)
                0x2ffe03ea                __sclose
 .text.memset   0x2ffe03f2       0x10 c:/program files (x86)/arm gnu toolchain arm-none-eabi/12.3 rel1/bin/../lib/gcc/arm-none-eabi/12.3.1/thumb/v7ve+simd/hard\libc_nano.a(libc_a-memset.o)
                0x2ffe03f2                memset
 *fill*         0x2ffe0402        0x2 
 .text._close_r
                0x2ffe0404       0x20 c:/program files (x86)/arm gnu toolchain arm-none-eabi/12.3 rel1/bin/../lib/gcc/arm-none-eabi/12.3.1/thumb/v7ve+simd/hard\libc_nano.a(libc_a-closer.o)
                0x2ffe0404                _close_r
 .text._lseek_r
                0x2ffe0424       0x24 c:/program files (x86)/arm gnu toolchain arm-none-eabi/12.3 rel1/bin/../lib/gcc/arm-none-eabi/12.3.1/thumb/v7ve+simd/hard\libc_nano.a(libc_a-lseekr.o)
                0x2ffe0424                _lseek_r
 .text._read_r  0x2ffe0448       0x24 c:/program files (x86)/arm gnu toolchain arm-none-eabi/12.3 rel1/bin/../lib/gcc/arm-none-eabi/12.3.1/thumb/v7ve+simd/hard\libc_nano.a(libc_a-readr.o)
                0x2ffe0448                _read_r
 .text._write_r
                0x2ffe046c       0x24 c:/program files (x86)/arm gnu toolchain arm-none-eabi/12.3 rel1/bin/../lib/gcc/arm-none-eabi/12.3.1/thumb/v7ve+simd/hard\libc_nano.a(libc_a-writer.o)
                0x2ffe046c                _write_r
 .text.__libc_init_array
                0x2ffe0490       0x48 c:/program files (x86)/arm gnu toolchain arm-none-eabi/12.3 rel1/bin/../lib/gcc/arm-none-eabi/12.3.1/thumb/v7ve+simd/hard\libc_nano.a(libc_a-init.o)
                0x2ffe0490                __libc_init_array
 .text.__retarget_lock_init_recursive
                0x2ffe04d8        0x2 c:/program files (x86)/arm gnu toolchain arm-none-eabi/12.3 rel1/bin/../lib/gcc/arm-none-eabi/12.3.1/thumb/v7ve+simd/hard\libc_nano.a(libc_a-lock.o)
                0x2ffe04d8                __retarget_lock_init_recursive
 .text.__retarget_lock_acquire_recursive
                0x2ffe04da        0x2 c:/program files (x86)/arm gnu toolchain arm-none-eabi/12.3 rel1/bin/../lib/gcc/arm-none-eabi/12.3.1/thumb/v7ve+simd/hard\libc_nano.a(libc_a-lock.o)
                0x2ffe04da                __retarget_lock_acquire_recursive
 .text.__retarget_lock_release_recursive
                0x2ffe04dc        0x2 c:/program files (x86)/arm gnu toolchain arm-none-eabi/12.3 rel1/bin/../lib/gcc/arm-none-eabi/12.3.1/thumb/v7ve+simd/hard\libc_nano.a(libc_a-lock.o)
                0x2ffe04dc                __retarget_lock_release_recursive
 *fill*         0x2ffe04de        0x2 
 .text._free_r  0x2ffe04e0       0x94 c:/program files (x86)/arm gnu toolchain arm-none-eabi/12.3 rel1/bin/../lib/gcc/arm-none-eabi/12.3.1/thumb/v7ve+simd/hard\libc_nano.a(libc_a-freer.o)
                0x2ffe04e0                _free_r
 .text.sbrk_aligned
                0x2ffe0574       0x44 c:/program files (x86)/arm gnu toolchain arm-none-eabi/12.3 rel1/bin/../lib/gcc/arm-none-eabi/12.3.1/thumb/v7ve+simd/hard\libc_nano.a(libc_a-mallocr.o)
 .text._malloc_r
                0x2ffe05b8       0xfc c:/program files (x86)/arm gnu toolchain arm-none-eabi/12.3 rel1/bin/../lib/gcc/arm-none-eabi/12.3.1/thumb/v7ve+simd/hard\libc_nano.a(libc_a-mallocr.o)
                0x2ffe05b8                _malloc_r
 .text.__malloc_lock
                0x2ffe06b4        0xc c:/program files (x86)/arm gnu toolchain arm-none-eabi/12.3 rel1/bin/../lib/gcc/arm-none-eabi/12.3.1/thumb/v7ve+simd/hard\libc_nano.a(libc_a-mlock.o)
                0x2ffe06b4                __malloc_lock
 .text.__malloc_unlock
                0x2ffe06c0        0xc c:/program files (x86)/arm gnu toolchain arm-none-eabi/12.3 rel1/bin/../lib/gcc/arm-none-eabi/12.3.1/thumb/v7ve+simd/hard\libc_nano.a(libc_a-mlock.o)
                0x2ffe06c0                __malloc_unlock
 .text.__sflush_r
                0x2ffe06cc      0x108 c:/program files (x86)/arm gnu toolchain arm-none-eabi/12.3 rel1/bin/../lib/gcc/arm-none-eabi/12.3.1/thumb/v7ve+simd/hard\libc_nano.a(libc_a-fflush.o)
                0x2ffe06cc                __sflush_r
 .text._fflush_r
                0x2ffe07d4       0x50 c:/program files (x86)/arm gnu toolchain arm-none-eabi/12.3 rel1/bin/../lib/gcc/arm-none-eabi/12.3.1/thumb/v7ve+simd/hard\libc_nano.a(libc_a-fflush.o)
                0x2ffe07d4                _fflush_r
 .text._sbrk_r  0x2ffe0824       0x20 c:/program files (x86)/arm gnu toolchain arm-none-eabi/12.3 rel1/bin/../lib/gcc/arm-none-eabi/12.3.1/thumb/v7ve+simd/hard\libc_nano.a(libc_a-sbrkr.o)
                0x2ffe0824                _sbrk_r
 .text.is_power_of_2
                0x2ffe0844       0x14 build/obj/src/ddr_tests.o
 .text.get_pattern
                0x2ffe0858        0xa build/obj/src/ddr_tests.o
 .text.test_loop_end
                0x2ffe0862       0x18 build/obj/src/ddr_tests.o
 .text.do_noise
                0x2ffe087a       0x4a build/obj/src/ddr_tests.o
 .text.do_noiseburst
                0x2ffe08c4       0x42 build/obj/src/ddr_tests.o
 .text.get_addr
                0x2ffe0906       0x48 build/obj/src/ddr_tests.o
 .text.get_nb_loop
                0x2ffe094e       0x24 build/obj/src/ddr_tests.o
 .text.test_databuswalk
                0x2ffe0972       0xc2 build/obj/src/ddr_tests.o
 .text.get_buf_size
                0x2ffe0a34       0x68 build/obj/src/ddr_tests.o
 .text.test_loop
                0x2ffe0a9c       0x88 build/obj/src/ddr_tests.o
 .text.test_loop_size
                0x2ffe0b24       0x6c build/obj/src/ddr_tests.o
 .text.DDR_Test_Databus
                0x2ffe0b90       0x38 build/obj/src/ddr_tests.o
                0x2ffe0b90                DDR_Test_Databus
 .text.DDR_Test_DatabusWalk0
                0x2ffe0bc8        0xe build/obj/src/ddr_tests.o
                0x2ffe0bc8                DDR_Test_DatabusWalk0
 .text.DDR_Test_DatabusWalk1
                0x2ffe0bd6        0xe build/obj/src/ddr_tests.o
                0x2ffe0bd6                DDR_Test_DatabusWalk1
 .text.DDR_Test_AddressBus
                0x2ffe0be4      0x136 build/obj/src/ddr_tests.o
                0x2ffe0be4                DDR_Test_AddressBus
 .text.DDR_Test_MemDevice
                0x2ffe0d1a       0x9c build/obj/src/ddr_tests.o
                0x2ffe0d1a                DDR_Test_MemDevice
 *fill*         0x2ffe0db6        0x2 
 .text.DDR_Test_SimultaneousSwitchingOutput
                0x2ffe0db8       0xa8 build/obj/src/ddr_tests.o
                0x2ffe0db8                DDR_Test_SimultaneousSwitchingOutput
 .text.DDR_Test_Noise
                0x2ffe0e60       0x9c build/obj/src/ddr_tests.o
                0x2ffe0e60                DDR_Test_Noise
 .text.DDR_Test_NoiseBurst
                0x2ffe0efc       0xa2 build/obj/src/ddr_tests.o
                0x2ffe0efc                DDR_Test_NoiseBurst
 .text.DDR_Test_Random
                0x2ffe0f9e       0xce build/obj/src/ddr_tests.o
                0x2ffe0f9e                DDR_Test_Random
 .text.DDR_Test_FrequencySelectivePattern
                0x2ffe106c       0xae build/obj/src/ddr_tests.o
                0x2ffe106c                DDR_Test_FrequencySelectivePattern
 .text.DDR_Test_BlockSequential
                0x2ffe111a       0x80 build/obj/src/ddr_tests.o
                0x2ffe111a                DDR_Test_BlockSequential
 *fill*         0x2ffe119a        0x2 
 .text.DDR_Test_Checkerboard
                0x2ffe119c       0x94 build/obj/src/ddr_tests.o
                0x2ffe119c                DDR_Test_Checkerboard
 .text.DDR_Test_BitSpread
                0x2ffe1230       0x92 build/obj/src/ddr_tests.o
                0x2ffe1230                DDR_Test_BitSpread
 .text.DDR_Test_BitFlip
                0x2ffe12c2       0x80 build/obj/src/ddr_tests.o
                0x2ffe12c2                DDR_Test_BitFlip
 .text.DDR_Test_WalkingZeroes
                0x2ffe1342       0x88 build/obj/src/ddr_tests.o
                0x2ffe1342                DDR_Test_WalkingZeroes
 .text.DDR_Test_WalkingOnes
                0x2ffe13ca       0x8c build/obj/src/ddr_tests.o
                0x2ffe13ca                DDR_Test_WalkingOnes
 .text.DDR_Test_All
                0x2ffe1456      0x112 build/obj/src/ddr_tool.o
 .text.print_usage
                0x2ffe1568       0x10 build/obj/src/ddr_tool.o
 .text.print_single_subcmd_usage
                0x2ffe1578       0x28 build/obj/src/ddr_tool.o
 .text.print_subcmd_usage
                0x2ffe15a0       0x26 build/obj/src/ddr_tool.o
 .text.check_step
                0x2ffe15c6       0x36 build/obj/src/ddr_tool.o
 .text.get_entry_string
                0x2ffe15fc       0x56 build/obj/src/ddr_tool.o
 .text.parse_entry_string
                0x2ffe1652      0x1ba build/obj/src/ddr_tool.o
 .text.free_args
                0x2ffe180c       0x20 build/obj/src/ddr_tool.o
 .text.do_step  0x2ffe182c       0xac build/obj/src/ddr_tool.o
 .text.do_info  0x2ffe18d8      0x1e6 build/obj/src/ddr_tool.o
 *fill*         0x2ffe1abe        0x2 
 .text.pll2_set_rate
                0x2ffe1ac0      0x1f0 build/obj/src/ddr_tool.o
 .text.do_freq  0x2ffe1cb0       0x92 build/obj/src/ddr_tool.o
 .text.do_print
                0x2ffe1d42       0x60 build/obj/src/ddr_tool.o
 .text.do_param
                0x2ffe1da2       0xa4 build/obj/src/ddr_tool.o
 .text.string_to_num
                0x2ffe1e46       0x22 build/obj/src/ddr_tool.o
 .text.do_subcmd
                0x2ffe1e68      0x1ac build/obj/src/ddr_tool.o
 .text.HAL_DDR_Interactive
                0x2ffe2014      0x1ec build/obj/src/ddr_tool.o
                0x2ffe2014                HAL_DDR_Interactive
 .text.Serial_Scanf
                0x2ffe2200       0x46 build/obj/src/ddr_tool_util.o
                0x2ffe2200                Serial_Scanf
 .text.Serial_Putchar
                0x2ffe2246       0x24 build/obj/src/ddr_tool_util.o
                0x2ffe2246                Serial_Putchar
 .text.Error_Handler
                0x2ffe226a       0x3e build/obj/src/ddr_tool_util.o
                0x2ffe226a                Error_Handler
 .text.UART_Config
                0x2ffe22a8       0xb4 build/obj/src/ddr_tool_util.o
                0x2ffe22a8                UART_Config
 .text.BSEC_Check_Crypto
                0x2ffe235c       0xa6 build/obj/src/ddr_tool_util.o
                0x2ffe235c                BSEC_Check_Crypto
 .text.SystemTZC_Config
                0x2ffe2402       0x48 build/obj/src/main.o
 .text.SystemClock_Config
                0x2ffe244a       0xce build/obj/src/main.o
 .text.main     0x2ffe2518       0x56 build/obj/src/main.o
                0x2ffe2518                main
 .text.HAL_MspInit
                0x2ffe256e        0x8 build/obj/src/stm32mp13xx_hal_msp.o
                0x2ffe256e                HAL_MspInit
 .text.HAL_UART_MspInit
                0x2ffe2576       0x5e build/obj/src/stm32mp13xx_hal_msp.o
                0x2ffe2576                HAL_UART_MspInit
 .text.HAL_UART_MspDeInit
                0x2ffe25d4       0x2a build/obj/src/stm32mp13xx_hal_msp.o
                0x2ffe25d4                HAL_UART_MspDeInit
 .text.HAL_DDR_MspInit
                0x2ffe25fe       0x6a build/obj/src/stm32mp13xx_hal_msp.o
                0x2ffe25fe                HAL_DDR_MspInit
 .text.SVC_Handler
                0x2ffe2668        0x2 build/obj/src/stm32mp13xx_it.o
                0x2ffe2668                SVC_Handler
 *fill*         0x2ffe266a        0x2 
 .text.__FPU_Enable
                0x2ffe266c       0xb4 build/obj/Drivers/system_stm32mp13xx_A7.o
 .text.SystemInit_IRQ_ErrorHandler
                0x2ffe2720        0x2 build/obj/Drivers/system_stm32mp13xx_A7.o
 .text.SecurePhysicalTimer_IRQHandler
                0x2ffe2722       0x1e build/obj/Drivers/system_stm32mp13xx_A7.o
                0x2ffe2722                SecurePhysicalTimer_IRQHandler
 .text.IRQ_Handler
                0x2ffe2740       0x40 build/obj/Drivers/system_stm32mp13xx_A7.o
                0x2ffe2740                IRQ_Handler
 .text.ZeroBss  0x2ffe2780       0x28 build/obj/Drivers/system_stm32mp13xx_A7.o
                0x2ffe2780                ZeroBss
 .text.SystemInit
                0x2ffe27a8      0x116 build/obj/Drivers/system_stm32mp13xx_A7.o
                0x2ffe27a8                SystemInit
 .text.RESERVED_IRQHandler
                0x2ffe28be        0x2 build/obj/Drivers/startup_stm32mp135fxx_ca7.o
                0x2ffe28be                RESERVED_IRQHandler
 .text.SGI0_IRQHandler
                0x2ffe28c0        0x2 build/obj/Drivers/startup_stm32mp135fxx_ca7.o
                0x2ffe28c0                SGI0_IRQHandler
 .text.SGI1_IRQHandler
                0x2ffe28c2        0x2 build/obj/Drivers/startup_stm32mp135fxx_ca7.o
                0x2ffe28c2                SGI1_IRQHandler
 .text.SGI2_IRQHandler
                0x2ffe28c4        0x2 build/obj/Drivers/startup_stm32mp135fxx_ca7.o
                0x2ffe28c4                SGI2_IRQHandler
 .text.SGI3_IRQHandler
                0x2ffe28c6        0x2 build/obj/Drivers/startup_stm32mp135fxx_ca7.o
                0x2ffe28c6                SGI3_IRQHandler
 .text.SGI4_IRQHandler
                0x2ffe28c8        0x2 build/obj/Drivers/startup_stm32mp135fxx_ca7.o
                0x2ffe28c8                SGI4_IRQHandler
 .text.SGI5_IRQHandler
                0x2ffe28ca        0x2 build/obj/Drivers/startup_stm32mp135fxx_ca7.o
                0x2ffe28ca                SGI5_IRQHandler
 .text.SGI6_IRQHandler
                0x2ffe28cc        0x2 build/obj/Drivers/startup_stm32mp135fxx_ca7.o
                0x2ffe28cc                SGI6_IRQHandler
 .text.SGI7_IRQHandler
                0x2ffe28ce        0x2 build/obj/Drivers/startup_stm32mp135fxx_ca7.o
                0x2ffe28ce                SGI7_IRQHandler
 .text.SGI8_IRQHandler
                0x2ffe28d0        0x2 build/obj/Drivers/startup_stm32mp135fxx_ca7.o
                0x2ffe28d0                SGI8_IRQHandler
 .text.SGI9_IRQHandler
                0x2ffe28d2        0x2 build/obj/Drivers/startup_stm32mp135fxx_ca7.o
                0x2ffe28d2                SGI9_IRQHandler
 .text.SGI10_IRQHandler
                0x2ffe28d4        0x2 build/obj/Drivers/startup_stm32mp135fxx_ca7.o
                0x2ffe28d4                SGI10_IRQHandler
 .text.SGI11_IRQHandler
                0x2ffe28d6        0x2 build/obj/Drivers/startup_stm32mp135fxx_ca7.o
                0x2ffe28d6                SGI11_IRQHandler
 .text.SGI12_IRQHandler
                0x2ffe28d8        0x2 build/obj/Drivers/startup_stm32mp135fxx_ca7.o
                0x2ffe28d8                SGI12_IRQHandler
 .text.SGI13_IRQHandler
                0x2ffe28da        0x2 build/obj/Drivers/startup_stm32mp135fxx_ca7.o
                0x2ffe28da                SGI13_IRQHandler
 .text.SGI14_IRQHandler
                0x2ffe28dc        0x2 build/obj/Drivers/startup_stm32mp135fxx_ca7.o
                0x2ffe28dc                SGI14_IRQHandler
 .text.SGI15_IRQHandler
                0x2ffe28de        0x2 build/obj/Drivers/startup_stm32mp135fxx_ca7.o
                0x2ffe28de                SGI15_IRQHandler
 .text.VirtualMaintenanceInterrupt_IRQHandler
                0x2ffe28e0        0x2 build/obj/Drivers/startup_stm32mp135fxx_ca7.o
                0x2ffe28e0                VirtualMaintenanceInterrupt_IRQHandler
 .text.HypervisorTimer_IRQHandler
                0x2ffe28e2        0x2 build/obj/Drivers/startup_stm32mp135fxx_ca7.o
                0x2ffe28e2                HypervisorTimer_IRQHandler
 .text.VirtualTimer_IRQHandler
                0x2ffe28e4        0x2 build/obj/Drivers/startup_stm32mp135fxx_ca7.o
                0x2ffe28e4                VirtualTimer_IRQHandler
 .text.Legacy_nFIQ_IRQHandler
                0x2ffe28e6        0x2 build/obj/Drivers/startup_stm32mp135fxx_ca7.o
                0x2ffe28e6                Legacy_nFIQ_IRQHandler
 .text.NonSecurePhysicalTimer_IRQHandler
                0x2ffe28e8        0x2 build/obj/Drivers/startup_stm32mp135fxx_ca7.o
                0x2ffe28e8                NonSecurePhysicalTimer_IRQHandler
 .text.Legacy_nIRQ_IRQHandler
                0x2ffe28ea        0x2 build/obj/Drivers/startup_stm32mp135fxx_ca7.o
                0x2ffe28ea                Legacy_nIRQ_IRQHandler
 .text.PVD_AVD_IRQHandler
                0x2ffe28ec        0x2 build/obj/Drivers/startup_stm32mp135fxx_ca7.o
                0x2ffe28ec                PVD_AVD_IRQHandler
 .text.TAMP_IRQHandler
                0x2ffe28ee        0x2 build/obj/Drivers/startup_stm32mp135fxx_ca7.o
                0x2ffe28ee                TAMP_IRQHandler
 .text.RTC_WKUP_ALARM_IRQHandler
                0x2ffe28f0        0x2 build/obj/Drivers/startup_stm32mp135fxx_ca7.o
                0x2ffe28f0                RTC_WKUP_ALARM_IRQHandler
 .text.TZC_IT_IRQHandler
                0x2ffe28f2        0x2 build/obj/Drivers/startup_stm32mp135fxx_ca7.o
                0x2ffe28f2                TZC_IT_IRQHandler
 .text.RCC_IRQHandler
                0x2ffe28f4        0x2 build/obj/Drivers/startup_stm32mp135fxx_ca7.o
                0x2ffe28f4                RCC_IRQHandler
 .text.EXTI0_IRQHandler
                0x2ffe28f6        0x2 build/obj/Drivers/startup_stm32mp135fxx_ca7.o
                0x2ffe28f6                EXTI0_IRQHandler
 .text.EXTI1_IRQHandler
                0x2ffe28f8        0x2 build/obj/Drivers/startup_stm32mp135fxx_ca7.o
                0x2ffe28f8                EXTI1_IRQHandler
 .text.EXTI2_IRQHandler
                0x2ffe28fa        0x2 build/obj/Drivers/startup_stm32mp135fxx_ca7.o
                0x2ffe28fa                EXTI2_IRQHandler
 .text.EXTI3_IRQHandler
                0x2ffe28fc        0x2 build/obj/Drivers/startup_stm32mp135fxx_ca7.o
                0x2ffe28fc                EXTI3_IRQHandler
 .text.EXTI4_IRQHandler
                0x2ffe28fe        0x2 build/obj/Drivers/startup_stm32mp135fxx_ca7.o
                0x2ffe28fe                EXTI4_IRQHandler
 .text.DMA1_Stream0_IRQHandler
                0x2ffe2900        0x2 build/obj/Drivers/startup_stm32mp135fxx_ca7.o
                0x2ffe2900                DMA1_Stream0_IRQHandler
 .text.DMA1_Stream1_IRQHandler
                0x2ffe2902        0x2 build/obj/Drivers/startup_stm32mp135fxx_ca7.o
                0x2ffe2902                DMA1_Stream1_IRQHandler
 .text.DMA1_Stream2_IRQHandler
                0x2ffe2904        0x2 build/obj/Drivers/startup_stm32mp135fxx_ca7.o
                0x2ffe2904                DMA1_Stream2_IRQHandler
 .text.DMA1_Stream3_IRQHandler
                0x2ffe2906        0x2 build/obj/Drivers/startup_stm32mp135fxx_ca7.o
                0x2ffe2906                DMA1_Stream3_IRQHandler
 .text.DMA1_Stream4_IRQHandler
                0x2ffe2908        0x2 build/obj/Drivers/startup_stm32mp135fxx_ca7.o
                0x2ffe2908                DMA1_Stream4_IRQHandler
 .text.DMA1_Stream5_IRQHandler
                0x2ffe290a        0x2 build/obj/Drivers/startup_stm32mp135fxx_ca7.o
                0x2ffe290a                DMA1_Stream5_IRQHandler
 .text.DMA1_Stream6_IRQHandler
                0x2ffe290c        0x2 build/obj/Drivers/startup_stm32mp135fxx_ca7.o
                0x2ffe290c                DMA1_Stream6_IRQHandler
 .text.ADC1_IRQHandler
                0x2ffe290e        0x2 build/obj/Drivers/startup_stm32mp135fxx_ca7.o
                0x2ffe290e                ADC1_IRQHandler
 .text.ADC2_IRQHandler
                0x2ffe2910        0x2 build/obj/Drivers/startup_stm32mp135fxx_ca7.o
                0x2ffe2910                ADC2_IRQHandler
 .text.FDCAN1_IT0_IRQHandler
                0x2ffe2912        0x2 build/obj/Drivers/startup_stm32mp135fxx_ca7.o
                0x2ffe2912                FDCAN1_IT0_IRQHandler
 .text.FDCAN2_IT0_IRQHandler
                0x2ffe2914        0x2 build/obj/Drivers/startup_stm32mp135fxx_ca7.o
                0x2ffe2914                FDCAN2_IT0_IRQHandler
 .text.FDCAN1_IT1_IRQHandler
                0x2ffe2916        0x2 build/obj/Drivers/startup_stm32mp135fxx_ca7.o
                0x2ffe2916                FDCAN1_IT1_IRQHandler
 .text.FDCAN2_IT1_IRQHandler
                0x2ffe2918        0x2 build/obj/Drivers/startup_stm32mp135fxx_ca7.o
                0x2ffe2918                FDCAN2_IT1_IRQHandler
 .text.EXTI5_IRQHandler
                0x2ffe291a        0x2 build/obj/Drivers/startup_stm32mp135fxx_ca7.o
                0x2ffe291a                EXTI5_IRQHandler
 .text.TIM1_BRK_IRQHandler
                0x2ffe291c        0x2 build/obj/Drivers/startup_stm32mp135fxx_ca7.o
                0x2ffe291c                TIM1_BRK_IRQHandler
 .text.TIM1_UP_IRQHandler
                0x2ffe291e        0x2 build/obj/Drivers/startup_stm32mp135fxx_ca7.o
                0x2ffe291e                TIM1_UP_IRQHandler
 .text.TIM1_TRG_COM_IRQHandler
                0x2ffe2920        0x2 build/obj/Drivers/startup_stm32mp135fxx_ca7.o
                0x2ffe2920                TIM1_TRG_COM_IRQHandler
 .text.TIM1_CC_IRQHandler
                0x2ffe2922        0x2 build/obj/Drivers/startup_stm32mp135fxx_ca7.o
                0x2ffe2922                TIM1_CC_IRQHandler
 .text.TIM2_IRQHandler
                0x2ffe2924        0x2 build/obj/Drivers/startup_stm32mp135fxx_ca7.o
                0x2ffe2924                TIM2_IRQHandler
 .text.TIM3_IRQHandler
                0x2ffe2926        0x2 build/obj/Drivers/startup_stm32mp135fxx_ca7.o
                0x2ffe2926                TIM3_IRQHandler
 .text.TIM4_IRQHandler
                0x2ffe2928        0x2 build/obj/Drivers/startup_stm32mp135fxx_ca7.o
                0x2ffe2928                TIM4_IRQHandler
 .text.I2C1_EV_IRQHandler
                0x2ffe292a        0x2 build/obj/Drivers/startup_stm32mp135fxx_ca7.o
                0x2ffe292a                I2C1_EV_IRQHandler
 .text.I2C1_ER_IRQHandler
                0x2ffe292c        0x2 build/obj/Drivers/startup_stm32mp135fxx_ca7.o
                0x2ffe292c                I2C1_ER_IRQHandler
 .text.I2C2_EV_IRQHandler
                0x2ffe292e        0x2 build/obj/Drivers/startup_stm32mp135fxx_ca7.o
                0x2ffe292e                I2C2_EV_IRQHandler
 .text.I2C2_ER_IRQHandler
                0x2ffe2930        0x2 build/obj/Drivers/startup_stm32mp135fxx_ca7.o
                0x2ffe2930                I2C2_ER_IRQHandler
 .text.SPI1_IRQHandler
                0x2ffe2932        0x2 build/obj/Drivers/startup_stm32mp135fxx_ca7.o
                0x2ffe2932                SPI1_IRQHandler
 .text.SPI2_IRQHandler
                0x2ffe2934        0x2 build/obj/Drivers/startup_stm32mp135fxx_ca7.o
                0x2ffe2934                SPI2_IRQHandler
 .text.USART1_IRQHandler
                0x2ffe2936        0x2 build/obj/Drivers/startup_stm32mp135fxx_ca7.o
                0x2ffe2936                USART1_IRQHandler
 .text.USART2_IRQHandler
                0x2ffe2938        0x2 build/obj/Drivers/startup_stm32mp135fxx_ca7.o
                0x2ffe2938                USART2_IRQHandler
 .text.USART3_IRQHandler
                0x2ffe293a        0x2 build/obj/Drivers/startup_stm32mp135fxx_ca7.o
                0x2ffe293a                USART3_IRQHandler
 .text.EXTI10_IRQHandler
                0x2ffe293c        0x2 build/obj/Drivers/startup_stm32mp135fxx_ca7.o
                0x2ffe293c                EXTI10_IRQHandler
 .text.RTC_TIMESTAMP_IRQHandler
                0x2ffe293e        0x2 build/obj/Drivers/startup_stm32mp135fxx_ca7.o
                0x2ffe293e                RTC_TIMESTAMP_IRQHandler
 .text.EXTI11_IRQHandler
                0x2ffe2940        0x2 build/obj/Drivers/startup_stm32mp135fxx_ca7.o
                0x2ffe2940                EXTI11_IRQHandler
 .text.TIM8_BRK_IRQHandler
                0x2ffe2942        0x2 build/obj/Drivers/startup_stm32mp135fxx_ca7.o
                0x2ffe2942                TIM8_BRK_IRQHandler
 .text.TIM8_UP_IRQHandler
                0x2ffe2944        0x2 build/obj/Drivers/startup_stm32mp135fxx_ca7.o
                0x2ffe2944                TIM8_UP_IRQHandler
 .text.TIM8_TRG_COM_IRQHandler
                0x2ffe2946        0x2 build/obj/Drivers/startup_stm32mp135fxx_ca7.o
                0x2ffe2946                TIM8_TRG_COM_IRQHandler
 .text.TIM8_CC_IRQHandler
                0x2ffe2948        0x2 build/obj/Drivers/startup_stm32mp135fxx_ca7.o
                0x2ffe2948                TIM8_CC_IRQHandler
 .text.DMA1_Stream7_IRQHandler
                0x2ffe294a        0x2 build/obj/Drivers/startup_stm32mp135fxx_ca7.o
                0x2ffe294a                DMA1_Stream7_IRQHandler
 .text.FMC_IRQHandler
                0x2ffe294c        0x2 build/obj/Drivers/startup_stm32mp135fxx_ca7.o
                0x2ffe294c                FMC_IRQHandler
 .text.SDMMC1_IRQHandler
                0x2ffe294e        0x2 build/obj/Drivers/startup_stm32mp135fxx_ca7.o
                0x2ffe294e                SDMMC1_IRQHandler
 .text.TIM5_IRQHandler
                0x2ffe2950        0x2 build/obj/Drivers/startup_stm32mp135fxx_ca7.o
                0x2ffe2950                TIM5_IRQHandler
 .text.SPI3_IRQHandler
                0x2ffe2952        0x2 build/obj/Drivers/startup_stm32mp135fxx_ca7.o
                0x2ffe2952                SPI3_IRQHandler
 .text.UART4_IRQHandler
                0x2ffe2954        0x2 build/obj/Drivers/startup_stm32mp135fxx_ca7.o
                0x2ffe2954                UART4_IRQHandler
 .text.UART5_IRQHandler
                0x2ffe2956        0x2 build/obj/Drivers/startup_stm32mp135fxx_ca7.o
                0x2ffe2956                UART5_IRQHandler
 .text.TIM6_IRQHandler
                0x2ffe2958        0x2 build/obj/Drivers/startup_stm32mp135fxx_ca7.o
                0x2ffe2958                TIM6_IRQHandler
 .text.TIM7_IRQHandler
                0x2ffe295a        0x2 build/obj/Drivers/startup_stm32mp135fxx_ca7.o
                0x2ffe295a                TIM7_IRQHandler
 .text.DMA2_Stream0_IRQHandler
                0x2ffe295c        0x2 build/obj/Drivers/startup_stm32mp135fxx_ca7.o
                0x2ffe295c                DMA2_Stream0_IRQHandler
 .text.DMA2_Stream1_IRQHandler
                0x2ffe295e        0x2 build/obj/Drivers/startup_stm32mp135fxx_ca7.o
                0x2ffe295e                DMA2_Stream1_IRQHandler
 .text.DMA2_Stream2_IRQHandler
                0x2ffe2960        0x2 build/obj/Drivers/startup_stm32mp135fxx_ca7.o
                0x2ffe2960                DMA2_Stream2_IRQHandler
 .text.DMA2_Stream3_IRQHandler
                0x2ffe2962        0x2 build/obj/Drivers/startup_stm32mp135fxx_ca7.o
                0x2ffe2962                DMA2_Stream3_IRQHandler
 .text.DMA2_Stream4_IRQHandler
                0x2ffe2964        0x2 build/obj/Drivers/startup_stm32mp135fxx_ca7.o
                0x2ffe2964                DMA2_Stream4_IRQHandler
 .text.ETH1_IRQHandler
                0x2ffe2966        0x2 build/obj/Drivers/startup_stm32mp135fxx_ca7.o
                0x2ffe2966                ETH1_IRQHandler
 .text.ETH1_WKUP_IRQHandler
                0x2ffe2968        0x2 build/obj/Drivers/startup_stm32mp135fxx_ca7.o
                0x2ffe2968                ETH1_WKUP_IRQHandler
 .text.FDCAN_CAL_IRQHandler
                0x2ffe296a        0x2 build/obj/Drivers/startup_stm32mp135fxx_ca7.o
                0x2ffe296a                FDCAN_CAL_IRQHandler
 .text.EXTI6_IRQHandler
                0x2ffe296c        0x2 build/obj/Drivers/startup_stm32mp135fxx_ca7.o
                0x2ffe296c                EXTI6_IRQHandler
 .text.EXTI7_IRQHandler
                0x2ffe296e        0x2 build/obj/Drivers/startup_stm32mp135fxx_ca7.o
                0x2ffe296e                EXTI7_IRQHandler
 .text.EXTI8_IRQHandler
                0x2ffe2970        0x2 build/obj/Drivers/startup_stm32mp135fxx_ca7.o
                0x2ffe2970                EXTI8_IRQHandler
 .text.EXTI9_IRQHandler
                0x2ffe2972        0x2 build/obj/Drivers/startup_stm32mp135fxx_ca7.o
                0x2ffe2972                EXTI9_IRQHandler
 .text.DMA2_Stream5_IRQHandler
                0x2ffe2974        0x2 build/obj/Drivers/startup_stm32mp135fxx_ca7.o
                0x2ffe2974                DMA2_Stream5_IRQHandler
 .text.DMA2_Stream6_IRQHandler
                0x2ffe2976        0x2 build/obj/Drivers/startup_stm32mp135fxx_ca7.o
                0x2ffe2976                DMA2_Stream6_IRQHandler
 .text.DMA2_Stream7_IRQHandler
                0x2ffe2978        0x2 build/obj/Drivers/startup_stm32mp135fxx_ca7.o
                0x2ffe2978                DMA2_Stream7_IRQHandler
 .text.USART6_IRQHandler
                0x2ffe297a        0x2 build/obj/Drivers/startup_stm32mp135fxx_ca7.o
                0x2ffe297a                USART6_IRQHandler
 .text.I2C3_EV_IRQHandler
                0x2ffe297c        0x2 build/obj/Drivers/startup_stm32mp135fxx_ca7.o
                0x2ffe297c                I2C3_EV_IRQHandler
 .text.I2C3_ER_IRQHandler
                0x2ffe297e        0x2 build/obj/Drivers/startup_stm32mp135fxx_ca7.o
                0x2ffe297e                I2C3_ER_IRQHandler
 .text.USBH_PORT1_IRQHandler
                0x2ffe2980        0x2 build/obj/Drivers/startup_stm32mp135fxx_ca7.o
                0x2ffe2980                USBH_PORT1_IRQHandler
 .text.USBH_PORT2_IRQHandler
                0x2ffe2982        0x2 build/obj/Drivers/startup_stm32mp135fxx_ca7.o
                0x2ffe2982                USBH_PORT2_IRQHandler
 .text.EXTI12_IRQHandler
                0x2ffe2984        0x2 build/obj/Drivers/startup_stm32mp135fxx_ca7.o
                0x2ffe2984                EXTI12_IRQHandler
 .text.EXTI13_IRQHandler
                0x2ffe2986        0x2 build/obj/Drivers/startup_stm32mp135fxx_ca7.o
                0x2ffe2986                EXTI13_IRQHandler
 .text.DCMIPP_IRQHandler
                0x2ffe2988        0x2 build/obj/Drivers/startup_stm32mp135fxx_ca7.o
                0x2ffe2988                DCMIPP_IRQHandler
 .text.CRYP1_IRQHandler
                0x2ffe298a        0x2 build/obj/Drivers/startup_stm32mp135fxx_ca7.o
                0x2ffe298a                CRYP1_IRQHandler
 .text.HASH1_IRQHandler
                0x2ffe298c        0x2 build/obj/Drivers/startup_stm32mp135fxx_ca7.o
                0x2ffe298c                HASH1_IRQHandler
 .text.SAES_IRQHandler
                0x2ffe298e        0x2 build/obj/Drivers/startup_stm32mp135fxx_ca7.o
                0x2ffe298e                SAES_IRQHandler
 .text.UART7_IRQHandler
                0x2ffe2990        0x2 build/obj/Drivers/startup_stm32mp135fxx_ca7.o
                0x2ffe2990                UART7_IRQHandler
 .text.UART8_IRQHandler
                0x2ffe2992        0x2 build/obj/Drivers/startup_stm32mp135fxx_ca7.o
                0x2ffe2992                UART8_IRQHandler
 .text.SPI4_IRQHandler
                0x2ffe2994        0x2 build/obj/Drivers/startup_stm32mp135fxx_ca7.o
                0x2ffe2994                SPI4_IRQHandler
 .text.SPI5_IRQHandler
                0x2ffe2996        0x2 build/obj/Drivers/startup_stm32mp135fxx_ca7.o
                0x2ffe2996                SPI5_IRQHandler
 .text.SAI1_IRQHandler
                0x2ffe2998        0x2 build/obj/Drivers/startup_stm32mp135fxx_ca7.o
                0x2ffe2998                SAI1_IRQHandler
 .text.LTDC_IRQHandler
                0x2ffe299a        0x2 build/obj/Drivers/startup_stm32mp135fxx_ca7.o
                0x2ffe299a                LTDC_IRQHandler
 .text.LTDC_ER_IRQHandler
                0x2ffe299c        0x2 build/obj/Drivers/startup_stm32mp135fxx_ca7.o
                0x2ffe299c                LTDC_ER_IRQHandler
 .text.SAI2_IRQHandler
                0x2ffe299e        0x2 build/obj/Drivers/startup_stm32mp135fxx_ca7.o
                0x2ffe299e                SAI2_IRQHandler
 .text.QUADSPI_IRQHandler
                0x2ffe29a0        0x2 build/obj/Drivers/startup_stm32mp135fxx_ca7.o
                0x2ffe29a0                QUADSPI_IRQHandler
 .text.LPTIM1_IRQHandler
                0x2ffe29a2        0x2 build/obj/Drivers/startup_stm32mp135fxx_ca7.o
                0x2ffe29a2                LPTIM1_IRQHandler
 .text.I2C4_EV_IRQHandler
                0x2ffe29a4        0x2 build/obj/Drivers/startup_stm32mp135fxx_ca7.o
                0x2ffe29a4                I2C4_EV_IRQHandler
 .text.I2C4_ER_IRQHandler
                0x2ffe29a6        0x2 build/obj/Drivers/startup_stm32mp135fxx_ca7.o
                0x2ffe29a6                I2C4_ER_IRQHandler
 .text.SPDIF_RX_IRQHandler
                0x2ffe29a8        0x2 build/obj/Drivers/startup_stm32mp135fxx_ca7.o
                0x2ffe29a8                SPDIF_RX_IRQHandler
 .text.OTG_IRQHandler
                0x2ffe29aa        0x2 build/obj/Drivers/startup_stm32mp135fxx_ca7.o
                0x2ffe29aa                OTG_IRQHandler
 .text.ETH2_IRQHandler
                0x2ffe29ac        0x2 build/obj/Drivers/startup_stm32mp135fxx_ca7.o
                0x2ffe29ac                ETH2_IRQHandler
 .text.ETH2_WKUP_IRQHandler
                0x2ffe29ae        0x2 build/obj/Drivers/startup_stm32mp135fxx_ca7.o
                0x2ffe29ae                ETH2_WKUP_IRQHandler
 .text.DMAMUX1_OVR_IRQHandler
                0x2ffe29b0        0x2 build/obj/Drivers/startup_stm32mp135fxx_ca7.o
                0x2ffe29b0                DMAMUX1_OVR_IRQHandler
 .text.DMAMUX2_OVR_IRQHandler
                0x2ffe29b2        0x2 build/obj/Drivers/startup_stm32mp135fxx_ca7.o
                0x2ffe29b2                DMAMUX2_OVR_IRQHandler
 .text.TIM15_IRQHandler
                0x2ffe29b4        0x2 build/obj/Drivers/startup_stm32mp135fxx_ca7.o
                0x2ffe29b4                TIM15_IRQHandler
 .text.TIM16_IRQHandler
                0x2ffe29b6        0x2 build/obj/Drivers/startup_stm32mp135fxx_ca7.o
                0x2ffe29b6                TIM16_IRQHandler
 .text.TIM17_IRQHandler
                0x2ffe29b8        0x2 build/obj/Drivers/startup_stm32mp135fxx_ca7.o
                0x2ffe29b8                TIM17_IRQHandler
 .text.TIM12_IRQHandler
                0x2ffe29ba        0x2 build/obj/Drivers/startup_stm32mp135fxx_ca7.o
                0x2ffe29ba                TIM12_IRQHandler
 .text.PKA_IRQHandler
                0x2ffe29bc        0x2 build/obj/Drivers/startup_stm32mp135fxx_ca7.o
                0x2ffe29bc                PKA_IRQHandler
 .text.EXTI14_IRQHandler
                0x2ffe29be        0x2 build/obj/Drivers/startup_stm32mp135fxx_ca7.o
                0x2ffe29be                EXTI14_IRQHandler
 .text.MDMA_IRQHandler
                0x2ffe29c0        0x2 build/obj/Drivers/startup_stm32mp135fxx_ca7.o
                0x2ffe29c0                MDMA_IRQHandler
 .text.SDMMC2_IRQHandler
                0x2ffe29c2        0x2 build/obj/Drivers/startup_stm32mp135fxx_ca7.o
                0x2ffe29c2                SDMMC2_IRQHandler
 .text.EXTI15_IRQHandler
                0x2ffe29c4        0x2 build/obj/Drivers/startup_stm32mp135fxx_ca7.o
                0x2ffe29c4                EXTI15_IRQHandler
 .text.MDMA_SEC_IT_IRQHandler
                0x2ffe29c6        0x2 build/obj/Drivers/startup_stm32mp135fxx_ca7.o
                0x2ffe29c6                MDMA_SEC_IT_IRQHandler
 .text.TIM13_IRQHandler
                0x2ffe29c8        0x2 build/obj/Drivers/startup_stm32mp135fxx_ca7.o
                0x2ffe29c8                TIM13_IRQHandler
 .text.TIM14_IRQHandler
                0x2ffe29ca        0x2 build/obj/Drivers/startup_stm32mp135fxx_ca7.o
                0x2ffe29ca                TIM14_IRQHandler
 .text.RNG1_IRQHandler
                0x2ffe29cc        0x2 build/obj/Drivers/startup_stm32mp135fxx_ca7.o
                0x2ffe29cc                RNG1_IRQHandler
 .text.I2C5_EV_IRQHandler
                0x2ffe29ce        0x2 build/obj/Drivers/startup_stm32mp135fxx_ca7.o
                0x2ffe29ce                I2C5_EV_IRQHandler
 .text.I2C5_ER_IRQHandler
                0x2ffe29d0        0x2 build/obj/Drivers/startup_stm32mp135fxx_ca7.o
                0x2ffe29d0                I2C5_ER_IRQHandler
 .text.LPTIM2_IRQHandler
                0x2ffe29d2        0x2 build/obj/Drivers/startup_stm32mp135fxx_ca7.o
                0x2ffe29d2                LPTIM2_IRQHandler
 .text.LPTIM3_IRQHandler
                0x2ffe29d4        0x2 build/obj/Drivers/startup_stm32mp135fxx_ca7.o
                0x2ffe29d4                LPTIM3_IRQHandler
 .text.LPTIM4_IRQHandler
                0x2ffe29d6        0x2 build/obj/Drivers/startup_stm32mp135fxx_ca7.o
                0x2ffe29d6                LPTIM4_IRQHandler
 .text.LPTIM5_IRQHandler
                0x2ffe29d8        0x2 build/obj/Drivers/startup_stm32mp135fxx_ca7.o
                0x2ffe29d8                LPTIM5_IRQHandler
 .text.ETH1_LPI_IRQHandler
                0x2ffe29da        0x2 build/obj/Drivers/startup_stm32mp135fxx_ca7.o
                0x2ffe29da                ETH1_LPI_IRQHandler
 .text.ETH2_LPI_IRQHandler
                0x2ffe29dc        0x2 build/obj/Drivers/startup_stm32mp135fxx_ca7.o
                0x2ffe29dc                ETH2_LPI_IRQHandler
 .text.RCC_WAKEUP_IRQHandler
                0x2ffe29de        0x2 build/obj/Drivers/startup_stm32mp135fxx_ca7.o
                0x2ffe29de                RCC_WAKEUP_IRQHandler
 .text.DTS_IRQHandler
                0x2ffe29e0        0x2 build/obj/Drivers/startup_stm32mp135fxx_ca7.o
                0x2ffe29e0                DTS_IRQHandler
 .text.MPU_WAKEUP_PIN_IRQHandler
                0x2ffe29e2        0x2 build/obj/Drivers/startup_stm32mp135fxx_ca7.o
                0x2ffe29e2                MPU_WAKEUP_PIN_IRQHandler
 .text.IWDG1_IRQHandler
                0x2ffe29e4        0x2 build/obj/Drivers/startup_stm32mp135fxx_ca7.o
                0x2ffe29e4                IWDG1_IRQHandler
 .text.IWDG2_IRQHandler
                0x2ffe29e6        0x2 build/obj/Drivers/startup_stm32mp135fxx_ca7.o
                0x2ffe29e6                IWDG2_IRQHandler
 .text.TAMP_SIRQHandler
                0x2ffe29e8        0x2 build/obj/Drivers/startup_stm32mp135fxx_ca7.o
                0x2ffe29e8                TAMP_SIRQHandler
 .text.RTC_WKUP_ALARM_S_IRQHandler
                0x2ffe29ea        0x2 build/obj/Drivers/startup_stm32mp135fxx_ca7.o
                0x2ffe29ea                RTC_WKUP_ALARM_S_IRQHandler
 .text.RTC_TS_S_IRQHandler
                0x2ffe29ec        0x2 build/obj/Drivers/startup_stm32mp135fxx_ca7.o
                0x2ffe29ec                RTC_TS_S_IRQHandler
 .text.LTDC_SEC_IRQHandler
                0x2ffe29ee        0x2 build/obj/Drivers/startup_stm32mp135fxx_ca7.o
                0x2ffe29ee                LTDC_SEC_IRQHandler
 .text.LTDC_SEC_ER_IRQHandler
                0x2ffe29f0        0x2 build/obj/Drivers/startup_stm32mp135fxx_ca7.o
                0x2ffe29f0                LTDC_SEC_ER_IRQHandler
 .text.PMUIRQ0_IRQHandler
                0x2ffe29f2        0x2 build/obj/Drivers/startup_stm32mp135fxx_ca7.o
                0x2ffe29f2                PMUIRQ0_IRQHandler
 .text.COMMRX0_IRQHandler
                0x2ffe29f4        0x2 build/obj/Drivers/startup_stm32mp135fxx_ca7.o
                0x2ffe29f4                COMMRX0_IRQHandler
 .text.COMMTX0_IRQHandler
                0x2ffe29f6        0x2 build/obj/Drivers/startup_stm32mp135fxx_ca7.o
                0x2ffe29f6                COMMTX0_IRQHandler
 .text.AXIERRIRQ_IRQHandler
                0x2ffe29f8        0x2 build/obj/Drivers/startup_stm32mp135fxx_ca7.o
                0x2ffe29f8                AXIERRIRQ_IRQHandler
 .text.DDRPERFM_IRQHandler
                0x2ffe29fa        0x2 build/obj/Drivers/startup_stm32mp135fxx_ca7.o
                0x2ffe29fa                DDRPERFM_IRQHandler
 .text.nCTIIRQ0_IRQHandler
                0x2ffe29fc        0x2 build/obj/Drivers/startup_stm32mp135fxx_ca7.o
                0x2ffe29fc                nCTIIRQ0_IRQHandler
 .text.MCE_IRQHandler
                0x2ffe29fe        0x2 build/obj/Drivers/startup_stm32mp135fxx_ca7.o
                0x2ffe29fe                MCE_IRQHandler
 .text.DFSDM1_IRQHandler
                0x2ffe2a00        0x2 build/obj/Drivers/startup_stm32mp135fxx_ca7.o
                0x2ffe2a00                DFSDM1_IRQHandler
 .text.DFSDM2_IRQHandler
                0x2ffe2a02        0x2 build/obj/Drivers/startup_stm32mp135fxx_ca7.o
                0x2ffe2a02                DFSDM2_IRQHandler
 .text.DMA3_Stream0_IRQHandler
                0x2ffe2a04        0x2 build/obj/Drivers/startup_stm32mp135fxx_ca7.o
                0x2ffe2a04                DMA3_Stream0_IRQHandler
 .text.DMA3_Stream1_IRQHandler
                0x2ffe2a06        0x2 build/obj/Drivers/startup_stm32mp135fxx_ca7.o
                0x2ffe2a06                DMA3_Stream1_IRQHandler
 .text.DMA3_Stream2_IRQHandler
                0x2ffe2a08        0x2 build/obj/Drivers/startup_stm32mp135fxx_ca7.o
                0x2ffe2a08                DMA3_Stream2_IRQHandler
 .text.DMA3_Stream3_IRQHandler
                0x2ffe2a0a        0x2 build/obj/Drivers/startup_stm32mp135fxx_ca7.o
                0x2ffe2a0a                DMA3_Stream3_IRQHandler
 .text.DMA3_Stream4_IRQHandler
                0x2ffe2a0c        0x2 build/obj/Drivers/startup_stm32mp135fxx_ca7.o
                0x2ffe2a0c                DMA3_Stream4_IRQHandler
 .text.DMA3_Stream5_IRQHandler
                0x2ffe2a0e        0x2 build/obj/Drivers/startup_stm32mp135fxx_ca7.o
                0x2ffe2a0e                DMA3_Stream5_IRQHandler
 .text.DMA3_Stream6_IRQHandler
                0x2ffe2a10        0x2 build/obj/Drivers/startup_stm32mp135fxx_ca7.o
                0x2ffe2a10                DMA3_Stream6_IRQHandler
 .text.DMA3_Stream7_IRQHandler
                0x2ffe2a12        0x2 build/obj/Drivers/startup_stm32mp135fxx_ca7.o
                0x2ffe2a12                DMA3_Stream7_IRQHandler
 .text.Default_Handler
                0x2ffe2a14        0x2 build/obj/Drivers/startup_stm32mp135fxx_ca7.o
                0x2ffe2a14                Rsvd_Handler
                0x2ffe2a14                Default_Handler
                0x2ffe2a14                DAbt_Handler
                0x2ffe2a14                FIQ_Handler
                0x2ffe2a14                PAbt_Handler
                0x2ffe2a14                Undef_Handler
 .text.GIC_SetTarget
                0x2ffe2a16       0x38 build/obj/Drivers/CMSIS/Core_A/Source/irq_ctrl_gic.o
 .text.GIC_ClearPendingIRQ
                0x2ffe2a4e       0x3c build/obj/Drivers/CMSIS/Core_A/Source/irq_ctrl_gic.o
 .text.GIC_SetConfiguration
                0x2ffe2a8a       0x36 build/obj/Drivers/CMSIS/Core_A/Source/irq_ctrl_gic.o
 .text.GIC_SetPriority
                0x2ffe2ac0       0x38 build/obj/Drivers/CMSIS/Core_A/Source/irq_ctrl_gic.o
 .text.GIC_GetIRQStatus
                0x2ffe2af8       0x30 build/obj/Drivers/CMSIS/Core_A/Source/irq_ctrl_gic.o
 .text.GIC_DistInit
                0x2ffe2b28       0x86 build/obj/Drivers/CMSIS/Core_A/Source/irq_ctrl_gic.o
 .text.GIC_CPUInterfaceInit
                0x2ffe2bae       0x7e build/obj/Drivers/CMSIS/Core_A/Source/irq_ctrl_gic.o
 .text.IRQ_Initialize
                0x2ffe2c2c       0x28 build/obj/Drivers/CMSIS/Core_A/Source/irq_ctrl_gic.o
                0x2ffe2c2c                IRQ_Initialize
 .text.IRQ_SetHandler
                0x2ffe2c54       0x1c build/obj/Drivers/CMSIS/Core_A/Source/irq_ctrl_gic.o
                0x2ffe2c54                IRQ_SetHandler
 .text.IRQ_GetHandler
                0x2ffe2c70       0x1c build/obj/Drivers/CMSIS/Core_A/Source/irq_ctrl_gic.o
                0x2ffe2c70                IRQ_GetHandler
 .text.IRQ_Enable
                0x2ffe2c8c       0x2a build/obj/Drivers/CMSIS/Core_A/Source/irq_ctrl_gic.o
                0x2ffe2c8c                IRQ_Enable
 .text.IRQ_GetActiveIRQ
                0x2ffe2cb6       0x7c build/obj/Drivers/CMSIS/Core_A/Source/irq_ctrl_gic.o
                0x2ffe2cb6                IRQ_GetActiveIRQ
 .text.IRQ_EndOfInterrupt
                0x2ffe2d32       0x34 build/obj/Drivers/CMSIS/Core_A/Source/irq_ctrl_gic.o
                0x2ffe2d32                IRQ_EndOfInterrupt
 .text.IRQ_ClearPending
                0x2ffe2d66       0x1c build/obj/Drivers/CMSIS/Core_A/Source/irq_ctrl_gic.o
                0x2ffe2d66                IRQ_ClearPending
 .text.IRQ_SetPriority
                0x2ffe2d82       0x18 build/obj/Drivers/CMSIS/Core_A/Source/irq_ctrl_gic.o
                0x2ffe2d82                IRQ_SetPriority
 .text.HAL_InitTick
                0x2ffe2d9a       0x1e build/obj/Drivers/STM32MP13xx_HAL_Driver/Src/stm32mp13xx_hal.o
                0x2ffe2d9a                HAL_InitTick
 .text.HAL_Init
                0x2ffe2db8       0x26 build/obj/Drivers/STM32MP13xx_HAL_Driver/Src/stm32mp13xx_hal.o
                0x2ffe2db8                HAL_Init
 .text.HAL_IncTick
                0x2ffe2dde       0x1a build/obj/Drivers/STM32MP13xx_HAL_Driver/Src/stm32mp13xx_hal.o
                0x2ffe2dde                HAL_IncTick
 .text.HAL_GetTick
                0x2ffe2df8       0x32 build/obj/Drivers/STM32MP13xx_HAL_Driver/Src/stm32mp13xx_hal.o
                0x2ffe2df8                HAL_GetTick
 .text.HAL_Delay
                0x2ffe2e2a       0x28 build/obj/Drivers/STM32MP13xx_HAL_Driver/Src/stm32mp13xx_hal.o
                0x2ffe2e2a                HAL_Delay
 .text.ddr_delay_us
                0x2ffe2e52       0x36 build/obj/Drivers/STM32MP13xx_HAL_Driver/Src/stm32mp13xx_hal_ddr.o
 .text.ddr_timeout_init_us
                0x2ffe2e88       0x2a build/obj/Drivers/STM32MP13xx_HAL_Driver/Src/stm32mp13xx_hal_ddr.o
 .text.ddr_timeout_elapsed
                0x2ffe2eb2       0x12 build/obj/Drivers/STM32MP13xx_HAL_Driver/Src/stm32mp13xx_hal_ddr.o
 .text.ddr_enable_clock
                0x2ffe2ec4       0x16 build/obj/Drivers/STM32MP13xx_HAL_Driver/Src/stm32mp13xx_hal_ddr.o
 .text.get_base_addr
                0x2ffe2eda       0x18 build/obj/Drivers/STM32MP13xx_HAL_Driver/Src/stm32mp13xx_hal_ddr.o
 .text.set_reg  0x2ffe2ef2       0x54 build/obj/Drivers/STM32MP13xx_HAL_Driver/Src/stm32mp13xx_hal_ddr.o
 .text.get_par_addr
                0x2ffe2f46       0x2c build/obj/Drivers/STM32MP13xx_HAL_Driver/Src/stm32mp13xx_hal_ddr.o
 .text.ddrphy_idone_wait
                0x2ffe2f72       0x4a build/obj/Drivers/STM32MP13xx_HAL_Driver/Src/stm32mp13xx_hal_ddr.o
 .text.HAL_DDR_PHY_Init
                0x2ffe2fbc       0x3a build/obj/Drivers/STM32MP13xx_HAL_Driver/Src/stm32mp13xx_hal_ddr.o
 .text.self_refresh_zcal
                0x2ffe2ff6       0x50 build/obj/Drivers/STM32MP13xx_HAL_Driver/Src/stm32mp13xx_hal_ddr.o
 .text.start_sw_done
                0x2ffe3046       0x16 build/obj/Drivers/STM32MP13xx_HAL_Driver/Src/stm32mp13xx_hal_ddr.o
 .text.wait_sw_done_ack
                0x2ffe305c       0x48 build/obj/Drivers/STM32MP13xx_HAL_Driver/Src/stm32mp13xx_hal_ddr.o
 .text.wait_operating_mode
                0x2ffe30a4       0x64 build/obj/Drivers/STM32MP13xx_HAL_Driver/Src/stm32mp13xx_hal_ddr.o
 .text.enable_axi_port
                0x2ffe3108       0x16 build/obj/Drivers/STM32MP13xx_HAL_Driver/Src/stm32mp13xx_hal_ddr.o
 .text.disable_axi_port
                0x2ffe311e       0x52 build/obj/Drivers/STM32MP13xx_HAL_Driver/Src/stm32mp13xx_hal_ddr.o
 .text.enable_host_interface
                0x2ffe3170       0x16 build/obj/Drivers/STM32MP13xx_HAL_Driver/Src/stm32mp13xx_hal_ddr.o
 .text.disable_host_interface
                0x2ffe3186       0x5c build/obj/Drivers/STM32MP13xx_HAL_Driver/Src/stm32mp13xx_hal_ddr.o
 .text.set_qd3_update_conditions
                0x2ffe31e2       0x24 build/obj/Drivers/STM32MP13xx_HAL_Driver/Src/stm32mp13xx_hal_ddr.o
 .text.unset_qd3_update_conditions
                0x2ffe3206       0x18 build/obj/Drivers/STM32MP13xx_HAL_Driver/Src/stm32mp13xx_hal_ddr.o
 .text.wait_refresh_update_done_ack
                0x2ffe321e       0x70 build/obj/Drivers/STM32MP13xx_HAL_Driver/Src/stm32mp13xx_hal_ddr.o
 .text.mode_register_write
                0x2ffe328e       0x90 build/obj/Drivers/STM32MP13xx_HAL_Driver/Src/stm32mp13xx_hal_ddr.o
 .text.ddr3_dll_off
                0x2ffe331e      0x156 build/obj/Drivers/STM32MP13xx_HAL_Driver/Src/stm32mp13xx_hal_ddr.o
 .text.HAL_DDR_Refresh_Disable
                0x2ffe3474       0x58 build/obj/Drivers/STM32MP13xx_HAL_Driver/Src/stm32mp13xx_hal_ddr.o
 .text.HAL_DDR_Refresh_Restore
                0x2ffe34cc       0x88 build/obj/Drivers/STM32MP13xx_HAL_Driver/Src/stm32mp13xx_hal_ddr.o
 .text.get_timer
                0x2ffe3554        0x8 build/obj/Drivers/STM32MP13xx_HAL_Driver/Src/stm32mp13xx_hal_ddr.o
 .text.refresh_cmd
                0x2ffe355c       0x50 build/obj/Drivers/STM32MP13xx_HAL_Driver/Src/stm32mp13xx_hal_ddr.o
 .text.refresh_compensation
                0x2ffe35ac       0x82 build/obj/Drivers/STM32MP13xx_HAL_Driver/Src/stm32mp13xx_hal_ddr.o
 .text.ddr_test_rw_access
                0x2ffe362e       0x22 build/obj/Drivers/STM32MP13xx_HAL_Driver/Src/stm32mp13xx_hal_ddr.o
 .text.ddr_test_data_bus
                0x2ffe3650       0x24 build/obj/Drivers/STM32MP13xx_HAL_Driver/Src/stm32mp13xx_hal_ddr.o
 .text.ddr_test_addr_bus
                0x2ffe3674       0xa8 build/obj/Drivers/STM32MP13xx_HAL_Driver/Src/stm32mp13xx_hal_ddr.o
 .text.ddr_check_size
                0x2ffe371c       0x32 build/obj/Drivers/STM32MP13xx_HAL_Driver/Src/stm32mp13xx_hal_ddr.o
 .text.ddr_supports_ssr_asr
                0x2ffe374e       0x10 build/obj/Drivers/STM32MP13xx_HAL_Driver/Src/stm32mp13xx_hal_ddr.o
 .text.ddr_sr_mode_ssr
                0x2ffe375e       0xc4 build/obj/Drivers/STM32MP13xx_HAL_Driver/Src/stm32mp13xx_hal_ddr.o
 .text.ddr_sr_mode_asr
                0x2ffe3822       0x8c build/obj/Drivers/STM32MP13xx_HAL_Driver/Src/stm32mp13xx_hal_ddr.o
 .text.ddr_sr_mode_hsr
                0x2ffe38ae       0x7a build/obj/Drivers/STM32MP13xx_HAL_Driver/Src/stm32mp13xx_hal_ddr.o
 .text.ddr_sr_read_mode
                0x2ffe3928       0x28 build/obj/Drivers/STM32MP13xx_HAL_Driver/Src/stm32mp13xx_hal_ddr.o
 .text.found_reg
                0x2ffe3950       0x62 build/obj/Drivers/STM32MP13xx_HAL_Driver/Src/stm32mp13xx_hal_ddr.o
 .text.ddr_clk_enable
                0x2ffe39b2       0x40 build/obj/Drivers/STM32MP13xx_HAL_Driver/Src/stm32mp13xx_hal_ddr.o
 .text.restore_ddr_training_area
                0x2ffe39f2       0x54 build/obj/Drivers/STM32MP13xx_HAL_Driver/Src/stm32mp13xx_hal_ddr.o
 .text.HAL_DDR_ASS_Set_Clksrc
                0x2ffe3a46       0x4c build/obj/Drivers/STM32MP13xx_HAL_Driver/Src/stm32mp13xx_hal_ddr.o
                0x2ffe3a46                HAL_DDR_ASS_Set_Clksrc
 *fill*         0x2ffe3a92        0x2 
 .text.HAL_DDR_Convert_Case
                0x2ffe3a94       0x4c build/obj/Drivers/STM32MP13xx_HAL_Driver/Src/stm32mp13xx_hal_ddr.o
                0x2ffe3a94                HAL_DDR_Convert_Case
 .text.dump_reg_desc
                0x2ffe3ae0       0x8c build/obj/Drivers/STM32MP13xx_HAL_Driver/Src/stm32mp13xx_hal_ddr.o
 .text.dump_param_desc
                0x2ffe3b6c       0x3a build/obj/Drivers/STM32MP13xx_HAL_Driver/Src/stm32mp13xx_hal_ddr.o
 .text.HAL_DDR_Dump_Reg
                0x2ffe3ba6      0x19c build/obj/Drivers/STM32MP13xx_HAL_Driver/Src/stm32mp13xx_hal_ddr.o
                0x2ffe3ba6                HAL_DDR_Dump_Reg
 .text.HAL_DDR_Edit_Reg
                0x2ffe3d42       0x9e build/obj/Drivers/STM32MP13xx_HAL_Driver/Src/stm32mp13xx_hal_ddr.o
                0x2ffe3d42                HAL_DDR_Edit_Reg
 .text.HAL_DDR_Dump_Param
                0x2ffe3de0      0x116 build/obj/Drivers/STM32MP13xx_HAL_Driver/Src/stm32mp13xx_hal_ddr.o
                0x2ffe3de0                HAL_DDR_Dump_Param
 .text.HAL_DDR_Edit_Param
                0x2ffe3ef6       0xaa build/obj/Drivers/STM32MP13xx_HAL_Driver/Src/stm32mp13xx_hal_ddr.o
                0x2ffe3ef6                HAL_DDR_Edit_Param
 .text.HAL_DDR_SR_SetMode
                0x2ffe3fa0       0x22 build/obj/Drivers/STM32MP13xx_HAL_Driver/Src/stm32mp13xx_hal_ddr.o
                0x2ffe3fa0                HAL_DDR_SR_SetMode
 *fill*         0x2ffe3fc2        0x2 
 .text.HAL_DDR_Init
                0x2ffe3fc4      0x468 build/obj/Drivers/STM32MP13xx_HAL_Driver/Src/stm32mp13xx_hal_ddr.o
                0x2ffe3fc4                HAL_DDR_Init
 .text.HAL_GPIO_Init
                0x2ffe442c      0x206 build/obj/Drivers/STM32MP13xx_HAL_Driver/Src/stm32mp13xx_hal_gpio.o
                0x2ffe442c                HAL_GPIO_Init
 .text.HAL_GPIO_DeInit
                0x2ffe4632      0x170 build/obj/Drivers/STM32MP13xx_HAL_Driver/Src/stm32mp13xx_hal_gpio.o
                0x2ffe4632                HAL_GPIO_DeInit
 .text.HAL_GPIO_WritePin
                0x2ffe47a2        0xc build/obj/Drivers/STM32MP13xx_HAL_Driver/Src/stm32mp13xx_hal_gpio.o
                0x2ffe47a2                HAL_GPIO_WritePin
 .text.HAL_GPIO_TogglePin
                0x2ffe47ae       0x12 build/obj/Drivers/STM32MP13xx_HAL_Driver/Src/stm32mp13xx_hal_gpio.o
                0x2ffe47ae                HAL_GPIO_TogglePin
 .text.I2C_Flush_TXDR
                0x2ffe47c0       0x22 build/obj/Drivers/STM32MP13xx_HAL_Driver/Src/stm32mp13xx_hal_i2c.o
 .text.I2C_TransferConfig
                0x2ffe47e2       0x36 build/obj/Drivers/STM32MP13xx_HAL_Driver/Src/stm32mp13xx_hal_i2c.o
 .text.I2C_IsErrorOccurred
                0x2ffe4818      0x116 build/obj/Drivers/STM32MP13xx_HAL_Driver/Src/stm32mp13xx_hal_i2c.o
 .text.I2C_WaitOnTXISFlagUntilTimeout
                0x2ffe492e       0x60 build/obj/Drivers/STM32MP13xx_HAL_Driver/Src/stm32mp13xx_hal_i2c.o
 .text.I2C_WaitOnFlagUntilTimeout
                0x2ffe498e       0x7c build/obj/Drivers/STM32MP13xx_HAL_Driver/Src/stm32mp13xx_hal_i2c.o
 .text.I2C_RequestMemoryWrite
                0x2ffe4a0a       0x7c build/obj/Drivers/STM32MP13xx_HAL_Driver/Src/stm32mp13xx_hal_i2c.o
 .text.I2C_RequestMemoryRead
                0x2ffe4a86       0x7a build/obj/Drivers/STM32MP13xx_HAL_Driver/Src/stm32mp13xx_hal_i2c.o
 .text.I2C_WaitOnSTOPFlagUntilTimeout
                0x2ffe4b00       0x5e build/obj/Drivers/STM32MP13xx_HAL_Driver/Src/stm32mp13xx_hal_i2c.o
 .text.HAL_I2C_MspInit
                0x2ffe4b5e        0x2 build/obj/Drivers/STM32MP13xx_HAL_Driver/Src/stm32mp13xx_hal_i2c.o
                0x2ffe4b5e                HAL_I2C_MspInit
 .text.HAL_I2C_Init
                0x2ffe4b60       0xc8 build/obj/Drivers/STM32MP13xx_HAL_Driver/Src/stm32mp13xx_hal_i2c.o
                0x2ffe4b60                HAL_I2C_Init
 .text.HAL_I2C_Mem_Write
                0x2ffe4c28      0x1a4 build/obj/Drivers/STM32MP13xx_HAL_Driver/Src/stm32mp13xx_hal_i2c.o
                0x2ffe4c28                HAL_I2C_Mem_Write
 .text.HAL_I2C_Mem_Read
                0x2ffe4dcc      0x1b2 build/obj/Drivers/STM32MP13xx_HAL_Driver/Src/stm32mp13xx_hal_i2c.o
                0x2ffe4dcc                HAL_I2C_Mem_Read
 .text.HAL_I2C_IsDeviceReady
                0x2ffe4f7e      0x13c build/obj/Drivers/STM32MP13xx_HAL_Driver/Src/stm32mp13xx_hal_i2c.o
                0x2ffe4f7e                HAL_I2C_IsDeviceReady
 .text.HAL_I2C_GetState
                0x2ffe50ba        0x6 build/obj/Drivers/STM32MP13xx_HAL_Driver/Src/stm32mp13xx_hal_i2c.o
                0x2ffe50ba                HAL_I2C_GetState
 .text.HAL_I2C_GetError
                0x2ffe50c0        0x4 build/obj/Drivers/STM32MP13xx_HAL_Driver/Src/stm32mp13xx_hal_i2c.o
                0x2ffe50c0                HAL_I2C_GetError
 .text.HAL_RCC_DeInit
                0x2ffe50c4      0x33c build/obj/Drivers/STM32MP13xx_HAL_Driver/Src/stm32mp13xx_hal_rcc.o
                0x2ffe50c4                HAL_RCC_DeInit
 .text.HAL_RCC_HSEConfig
                0x2ffe5400       0xb4 build/obj/Drivers/STM32MP13xx_HAL_Driver/Src/stm32mp13xx_hal_rcc.o
                0x2ffe5400                HAL_RCC_HSEConfig
 .text.HAL_RCC_LSEConfig
                0x2ffe54b4       0xbe build/obj/Drivers/STM32MP13xx_HAL_Driver/Src/stm32mp13xx_hal_rcc.o
                0x2ffe54b4                HAL_RCC_LSEConfig
 .text.RCC_PLL1_Config
                0x2ffe5572      0x260 build/obj/Drivers/STM32MP13xx_HAL_Driver/Src/stm32mp13xx_hal_rcc.o
                0x2ffe5572                RCC_PLL1_Config
 .text.RCC_AXISSConfig
                0x2ffe57d2       0xdc build/obj/Drivers/STM32MP13xx_HAL_Driver/Src/stm32mp13xx_hal_rcc.o
                0x2ffe57d2                RCC_AXISSConfig
 .text.RCC_MLAHBConfig
                0x2ffe58ae       0xc8 build/obj/Drivers/STM32MP13xx_HAL_Driver/Src/stm32mp13xx_hal_rcc.o
                0x2ffe58ae                RCC_MLAHBConfig
 *fill*         0x2ffe5976        0x2 
 .text.HAL_RCC_GetPLL1ClockFreq
                0x2ffe5978      0x138 build/obj/Drivers/STM32MP13xx_HAL_Driver/Src/stm32mp13xx_hal_rcc.o
                0x2ffe5978                HAL_RCC_GetPLL1ClockFreq
 .text.HAL_RCC_GetPLL2ClockFreq
                0x2ffe5ab0      0x138 build/obj/Drivers/STM32MP13xx_HAL_Driver/Src/stm32mp13xx_hal_rcc.o
                0x2ffe5ab0                HAL_RCC_GetPLL2ClockFreq
 .text.HAL_RCC_GetPLL3ClockFreq
                0x2ffe5be8      0x158 build/obj/Drivers/STM32MP13xx_HAL_Driver/Src/stm32mp13xx_hal_rcc.o
                0x2ffe5be8                HAL_RCC_GetPLL3ClockFreq
 .text.HAL_RCC_GetPLL4ClockFreq
                0x2ffe5d40      0x168 build/obj/Drivers/STM32MP13xx_HAL_Driver/Src/stm32mp13xx_hal_rcc.o
                0x2ffe5d40                HAL_RCC_GetPLL4ClockFreq
 .text.HAL_RCC_GetMPUSSFreq
                0x2ffe5ea8       0x94 build/obj/Drivers/STM32MP13xx_HAL_Driver/Src/stm32mp13xx_hal_rcc.o
                0x2ffe5ea8                HAL_RCC_GetMPUSSFreq
 .text.HAL_RCC_GetSystemCoreClockFreq
                0x2ffe5f3c        0x8 build/obj/Drivers/STM32MP13xx_HAL_Driver/Src/stm32mp13xx_hal_rcc.o
                0x2ffe5f3c                HAL_RCC_GetSystemCoreClockFreq
 .text.HAL_RCC_OscConfig
                0x2ffe5f44      0x53c build/obj/Drivers/STM32MP13xx_HAL_Driver/Src/stm32mp13xx_hal_rcc.o
                0x2ffe5f44                HAL_RCC_OscConfig
 .text.RCC_MPUConfig
                0x2ffe6480       0xc4 build/obj/Drivers/STM32MP13xx_HAL_Driver/Src/stm32mp13xx_hal_rcc.o
                0x2ffe6480                RCC_MPUConfig
 .text.HAL_RCC_ClockConfig
                0x2ffe6544      0x1d2 build/obj/Drivers/STM32MP13xx_HAL_Driver/Src/stm32mp13xx_hal_rcc.o
                0x2ffe6544                HAL_RCC_ClockConfig
 .text.HAL_RCC_GetAXISSFreq
                0x2ffe6716       0x66 build/obj/Drivers/STM32MP13xx_HAL_Driver/Src/stm32mp13xx_hal_rcc.o
                0x2ffe6716                HAL_RCC_GetAXISSFreq
 .text.HAL_RCC_GetACLKFreq
                0x2ffe677c       0x22 build/obj/Drivers/STM32MP13xx_HAL_Driver/Src/stm32mp13xx_hal_rcc.o
                0x2ffe677c                HAL_RCC_GetACLKFreq
 .text.HAL_RCC_GetPCLK5Freq
                0x2ffe679e       0x1c build/obj/Drivers/STM32MP13xx_HAL_Driver/Src/stm32mp13xx_hal_rcc.o
                0x2ffe679e                HAL_RCC_GetPCLK5Freq
 .text.HAL_RCC_GetMLAHBSSFreq
                0x2ffe67ba       0x5a build/obj/Drivers/STM32MP13xx_HAL_Driver/Src/stm32mp13xx_hal_rcc.o
                0x2ffe67ba                HAL_RCC_GetMLAHBSSFreq
 .text.HAL_RCC_GetMLAHBFreq
                0x2ffe6814       0x1c build/obj/Drivers/STM32MP13xx_HAL_Driver/Src/stm32mp13xx_hal_rcc.o
                0x2ffe6814                HAL_RCC_GetMLAHBFreq
 .text.HAL_RCC_GetPCLK1Freq
                0x2ffe6830       0x1c build/obj/Drivers/STM32MP13xx_HAL_Driver/Src/stm32mp13xx_hal_rcc.o
                0x2ffe6830                HAL_RCC_GetPCLK1Freq
 .text.HAL_RCC_GetPCLK2Freq
                0x2ffe684c       0x1c build/obj/Drivers/STM32MP13xx_HAL_Driver/Src/stm32mp13xx_hal_rcc.o
                0x2ffe684c                HAL_RCC_GetPCLK2Freq
 .text.HAL_RCC_GetPCLK6Freq
                0x2ffe6868       0x1c build/obj/Drivers/STM32MP13xx_HAL_Driver/Src/stm32mp13xx_hal_rcc.o
                0x2ffe6868                HAL_RCC_GetPCLK6Freq
 .text.RCCEx_PLL2_Config
                0x2ffe6884      0x26a build/obj/Drivers/STM32MP13xx_HAL_Driver/Src/stm32mp13xx_hal_rcc_ex.o
                0x2ffe6884                RCCEx_PLL2_Config
 .text.RCCEx_PLL3_Config
                0x2ffe6aee      0x222 build/obj/Drivers/STM32MP13xx_HAL_Driver/Src/stm32mp13xx_hal_rcc_ex.o
                0x2ffe6aee                RCCEx_PLL3_Config
 .text.RCCEx_PLL4_Config
                0x2ffe6d10      0x202 build/obj/Drivers/STM32MP13xx_HAL_Driver/Src/stm32mp13xx_hal_rcc_ex.o
                0x2ffe6d10                RCCEx_PLL4_Config
 .text.HAL_RCCEx_PeriphCLKConfig
                0x2ffe6f12      0xfda build/obj/Drivers/STM32MP13xx_HAL_Driver/Src/stm32mp13xx_hal_rcc_ex.o
                0x2ffe6f12                HAL_RCCEx_PeriphCLKConfig
 .text.UART_EndRxTransfer
                0x2ffe7eec       0x38 build/obj/Drivers/STM32MP13xx_HAL_Driver/Src/stm32mp13xx_hal_uart.o
 .text.HAL_UART_DeInit
                0x2ffe7f24       0x44 build/obj/Drivers/STM32MP13xx_HAL_Driver/Src/stm32mp13xx_hal_uart.o
                0x2ffe7f24                HAL_UART_DeInit
 .text.UART_SetConfig
                0x2ffe7f68      0x45c build/obj/Drivers/STM32MP13xx_HAL_Driver/Src/stm32mp13xx_hal_uart.o
                0x2ffe7f68                UART_SetConfig
 .text.UART_AdvFeatureConfig
                0x2ffe83c4       0xca build/obj/Drivers/STM32MP13xx_HAL_Driver/Src/stm32mp13xx_hal_uart.o
                0x2ffe83c4                UART_AdvFeatureConfig
 .text.UART_WaitOnFlagUntilTimeout
                0x2ffe848e       0x9e build/obj/Drivers/STM32MP13xx_HAL_Driver/Src/stm32mp13xx_hal_uart.o
                0x2ffe848e                UART_WaitOnFlagUntilTimeout
 .text.HAL_UART_Transmit
                0x2ffe852c       0xe2 build/obj/Drivers/STM32MP13xx_HAL_Driver/Src/stm32mp13xx_hal_uart.o
                0x2ffe852c                HAL_UART_Transmit
 .text.HAL_UART_Receive
                0x2ffe860e      0x12c build/obj/Drivers/STM32MP13xx_HAL_Driver/Src/stm32mp13xx_hal_uart.o
                0x2ffe860e                HAL_UART_Receive
 .text.UART_CheckIdleState
                0x2ffe873a       0xac build/obj/Drivers/STM32MP13xx_HAL_Driver/Src/stm32mp13xx_hal_uart.o
                0x2ffe873a                UART_CheckIdleState
 .text.HAL_UART_Init
                0x2ffe87e6       0x66 build/obj/Drivers/STM32MP13xx_HAL_Driver/Src/stm32mp13xx_hal_uart.o
                0x2ffe87e6                HAL_UART_Init
 .text.UARTEx_SetNbDataToProcess
                0x2ffe884c       0x48 build/obj/Drivers/STM32MP13xx_HAL_Driver/Src/stm32mp13xx_hal_uart_ex.o
 .text.HAL_UARTEx_EnableFifoMode
                0x2ffe8894       0x48 build/obj/Drivers/STM32MP13xx_HAL_Driver/Src/stm32mp13xx_hal_uart_ex.o
                0x2ffe8894                HAL_UARTEx_EnableFifoMode
 .text.HAL_UARTEx_SetTxFifoThreshold
                0x2ffe88dc       0x4a build/obj/Drivers/STM32MP13xx_HAL_Driver/Src/stm32mp13xx_hal_uart_ex.o
                0x2ffe88dc                HAL_UARTEx_SetTxFifoThreshold
 .text.HAL_UARTEx_SetRxFifoThreshold
                0x2ffe8926       0x4a build/obj/Drivers/STM32MP13xx_HAL_Driver/Src/stm32mp13xx_hal_uart_ex.o
                0x2ffe8926                HAL_UARTEx_SetRxFifoThreshold
 .text.BSP_LED_Off
                0x2ffe8970       0x28 build/obj/Drivers/STM32MP13xx_DISCO/stm32mp13xx_disco.o
                0x2ffe8970                BSP_LED_Off
 .text.BSP_LED_Init
                0x2ffe8998       0x58 build/obj/Drivers/STM32MP13xx_DISCO/stm32mp13xx_disco.o
                0x2ffe8998                BSP_LED_Init
 .text.BSP_LED_Toggle
                0x2ffe89f0       0x24 build/obj/Drivers/STM32MP13xx_DISCO/stm32mp13xx_disco.o
                0x2ffe89f0                BSP_LED_Toggle
 .text.BSP_Error_Handler
                0x2ffe8a14       0x18 build/obj/Drivers/STM32MP13xx_DISCO/stm32mp13xx_disco.o
                0x2ffe8a14                BSP_Error_Handler
 .text.I2C_MspInit
                0x2ffe8a2c       0x7a build/obj/Drivers/STM32MP13xx_DISCO/stm32mp13xx_disco_bus.o
 .text.I2C_WriteReg
                0x2ffe8aa6       0x32 build/obj/Drivers/STM32MP13xx_DISCO/stm32mp13xx_disco_bus.o
 .text.I2C_ReadReg
                0x2ffe8ad8       0x32 build/obj/Drivers/STM32MP13xx_DISCO/stm32mp13xx_disco_bus.o
 .text.MX_I2C_Init
                0x2ffe8b0a       0x26 build/obj/Drivers/STM32MP13xx_DISCO/stm32mp13xx_disco_bus.o
                0x2ffe8b0a                MX_I2C_Init
 .text.BSP_I2C_Init
                0x2ffe8b30       0x3c build/obj/Drivers/STM32MP13xx_DISCO/stm32mp13xx_disco_bus.o
                0x2ffe8b30                BSP_I2C_Init
 .text.BSP_I2C_WriteReg
                0x2ffe8b6c       0x32 build/obj/Drivers/STM32MP13xx_DISCO/stm32mp13xx_disco_bus.o
                0x2ffe8b6c                BSP_I2C_WriteReg
 .text.BSP_I2C_ReadReg
                0x2ffe8b9e       0x32 build/obj/Drivers/STM32MP13xx_DISCO/stm32mp13xx_disco_bus.o
                0x2ffe8b9e                BSP_I2C_ReadReg
 .text.BSP_I2C_IsReady
                0x2ffe8bd0       0x22 build/obj/Drivers/STM32MP13xx_DISCO/stm32mp13xx_disco_bus.o
                0x2ffe8bd0                BSP_I2C_IsReady
 .text.STPMU1_Get_Regulator_Data
                0x2ffe8bf2       0x34 build/obj/Drivers/STM32MP13xx_DISCO/stm32mp13xx_disco_stpmic1.o
 .text.STPMU1_Voltage_Find_Index
                0x2ffe8c26       0x2c build/obj/Drivers/STM32MP13xx_DISCO/stm32mp13xx_disco_stpmic1.o
 .text.BSP_PMIC_MspInit
                0x2ffe8c52       0x4c build/obj/Drivers/STM32MP13xx_DISCO/stm32mp13xx_disco_stpmic1.o
 .text.STPMU1_Register_Read
                0x2ffe8c9e       0x2a build/obj/Drivers/STM32MP13xx_DISCO/stm32mp13xx_disco_stpmic1.o
                0x2ffe8c9e                STPMU1_Register_Read
 .text.STPMU1_Register_Write
                0x2ffe8cc8       0x48 build/obj/Drivers/STM32MP13xx_DISCO/stm32mp13xx_disco_stpmic1.o
                0x2ffe8cc8                STPMU1_Register_Write
 .text.STPMU1_Enable_Interrupt
                0x2ffe8d10       0x2e build/obj/Drivers/STM32MP13xx_DISCO/stm32mp13xx_disco_stpmic1.o
                0x2ffe8d10                STPMU1_Enable_Interrupt
 .text.STPMU1_Register_Update
                0x2ffe8d3e       0x22 build/obj/Drivers/STM32MP13xx_DISCO/stm32mp13xx_disco_stpmic1.o
                0x2ffe8d3e                STPMU1_Register_Update
 .text.STPMU1_Regulator_Enable
                0x2ffe8d60       0x18 build/obj/Drivers/STM32MP13xx_DISCO/stm32mp13xx_disco_stpmic1.o
                0x2ffe8d60                STPMU1_Regulator_Enable
 .text.STPMU1_Regulator_Disable
                0x2ffe8d78       0x18 build/obj/Drivers/STM32MP13xx_DISCO/stm32mp13xx_disco_stpmic1.o
                0x2ffe8d78                STPMU1_Regulator_Disable
 .text.STPMU1_Regulator_Voltage_Set
                0x2ffe8d90       0x1e build/obj/Drivers/STM32MP13xx_DISCO/stm32mp13xx_disco_stpmic1.o
                0x2ffe8d90                STPMU1_Regulator_Voltage_Set
 .text.BSP_PMIC_Is_Device_Ready
                0x2ffe8dae       0x14 build/obj/Drivers/STM32MP13xx_DISCO/stm32mp13xx_disco_stpmic1.o
                0x2ffe8dae                BSP_PMIC_Is_Device_Ready
 .text.BSP_PMIC_Init
                0x2ffe8dc2       0x38 build/obj/Drivers/STM32MP13xx_DISCO/stm32mp13xx_disco_stpmic1.o
                0x2ffe8dc2                BSP_PMIC_Init
 .text.BSP_PMIC_InitRegulators
                0x2ffe8dfa       0xac build/obj/Drivers/STM32MP13xx_DISCO/stm32mp13xx_disco_stpmic1.o
                0x2ffe8dfa                BSP_PMIC_InitRegulators
 .text.SystemPower_Config
                0x2ffe8ea6        0xc build/obj/Drivers/STM32MP13xx_DISCO/stm32mp13xx_power.o
                0x2ffe8ea6                SystemPower_Config
 *fill*         0x2ffe8eb2        0x2 
 .text          0x2ffe8eb4       0x30 c:/program files (x86)/arm gnu toolchain arm-none-eabi/12.3 rel1/bin/../lib/gcc/arm-none-eabi/12.3.1/thumb/v7ve+simd/hard\libgcc.a(_aeabi_uldivmod.o)
                0x2ffe8eb4                __aeabi_uldivmod
 .text.__udivmoddi4
                0x2ffe8ee4      0x370 c:/program files (x86)/arm gnu toolchain arm-none-eabi/12.3 rel1/bin/../lib/gcc/arm-none-eabi/12.3.1/thumb/v7ve+simd/hard\libgcc.a(_udivmoddi4.o)
                0x2ffe8ee4                __udivmoddi4
 .text          0x2ffe9254        0x4 c:/program files (x86)/arm gnu toolchain arm-none-eabi/12.3 rel1/bin/../lib/gcc/arm-none-eabi/12.3.1/thumb/v7ve+simd/hard\libgcc.a(_dvmd_tls.o)
                0x2ffe9254                __aeabi_idiv0
                0x2ffe9254                __aeabi_ldiv0
 .text.malloc   0x2ffe9258       0x10 c:/program files (x86)/arm gnu toolchain arm-none-eabi/12.3 rel1/bin/../lib/gcc/arm-none-eabi/12.3.1/thumb/v7ve+simd/hard\libc_nano.a(libc_a-malloc.o)
                0x2ffe9258                malloc
 .text.free     0x2ffe9268       0x10 c:/program files (x86)/arm gnu toolchain arm-none-eabi/12.3 rel1/bin/../lib/gcc/arm-none-eabi/12.3.1/thumb/v7ve+simd/hard\libc_nano.a(libc_a-malloc.o)
                0x2ffe9268                free
 .text.srand    0x2ffe9278       0x5c c:/program files (x86)/arm gnu toolchain arm-none-eabi/12.3 rel1/bin/../lib/gcc/arm-none-eabi/12.3.1/thumb/v7ve+simd/hard\libc_nano.a(libc_a-rand.o)
                0x2ffe9278                srand
 .text.rand     0x2ffe92d4       0x7c c:/program files (x86)/arm gnu toolchain arm-none-eabi/12.3 rel1/bin/../lib/gcc/arm-none-eabi/12.3.1/thumb/v7ve+simd/hard\libc_nano.a(libc_a-rand.o)
                0x2ffe92d4                rand
 .text._strtoul_l.constprop.0
                0x2ffe9350       0xe4 c:/program files (x86)/arm gnu toolchain arm-none-eabi/12.3 rel1/bin/../lib/gcc/arm-none-eabi/12.3.1/thumb/v7ve+simd/hard\libc_nano.a(libc_a-strtoul.o)
 .text.strtoul  0x2ffe9434       0x14 c:/program files (x86)/arm gnu toolchain arm-none-eabi/12.3 rel1/bin/../lib/gcc/arm-none-eabi/12.3.1/thumb/v7ve+simd/hard\libc_nano.a(libc_a-strtoul.o)
                0x2ffe9434                strtoul
 .text._strtoll_l.constprop.0
                0x2ffe9448      0x128 c:/program files (x86)/arm gnu toolchain arm-none-eabi/12.3 rel1/bin/../lib/gcc/arm-none-eabi/12.3.1/thumb/v7ve+simd/hard\libc_nano.a(libc_a-strtoll.o)
 .text.strtoll  0x2ffe9570       0x14 c:/program files (x86)/arm gnu toolchain arm-none-eabi/12.3 rel1/bin/../lib/gcc/arm-none-eabi/12.3.1/thumb/v7ve+simd/hard\libc_nano.a(libc_a-strtoll.o)
                0x2ffe9570                strtoll
 .text.lldiv    0x2ffe9584       0x1c c:/program files (x86)/arm gnu toolchain arm-none-eabi/12.3 rel1/bin/../lib/gcc/arm-none-eabi/12.3.1/thumb/v7ve+simd/hard\libc_nano.a(libc_a-lldiv.o)
                0x2ffe9584                lldiv
 .text.printf   0x2ffe95a0       0x24 c:/program files (x86)/arm gnu toolchain arm-none-eabi/12.3 rel1/bin/../lib/gcc/arm-none-eabi/12.3.1/thumb/v7ve+simd/hard\libc_nano.a(libc_a-printf.o)
                0x2ffe95a0                iprintf
                0x2ffe95a0                printf
 .text._puts_r  0x2ffe95c4       0xaa c:/program files (x86)/arm gnu toolchain arm-none-eabi/12.3 rel1/bin/../lib/gcc/arm-none-eabi/12.3.1/thumb/v7ve+simd/hard\libc_nano.a(libc_a-puts.o)
                0x2ffe95c4                _puts_r
 *fill*         0x2ffe966e        0x2 
 .text.puts     0x2ffe9670       0x10 c:/program files (x86)/arm gnu toolchain arm-none-eabi/12.3 rel1/bin/../lib/gcc/arm-none-eabi/12.3.1/thumb/v7ve+simd/hard\libc_nano.a(libc_a-puts.o)
                0x2ffe9670                puts
 .text.sprintf  0x2ffe9680       0x40 c:/program files (x86)/arm gnu toolchain arm-none-eabi/12.3 rel1/bin/../lib/gcc/arm-none-eabi/12.3.1/thumb/v7ve+simd/hard\libc_nano.a(libc_a-sprintf.o)
                0x2ffe9680                siprintf
                0x2ffe9680                sprintf
 .text.__swbuf_r
                0x2ffe96c0       0x7c c:/program files (x86)/arm gnu toolchain arm-none-eabi/12.3 rel1/bin/../lib/gcc/arm-none-eabi/12.3.1/thumb/v7ve+simd/hard\libc_nano.a(libc_a-wbuf.o)
                0x2ffe96c0                __swbuf_r
 .text.__swsetup_r
                0x2ffe973c       0xac c:/program files (x86)/arm gnu toolchain arm-none-eabi/12.3 rel1/bin/../lib/gcc/arm-none-eabi/12.3.1/thumb/v7ve+simd/hard\libc_nano.a(libc_a-wsetup.o)
                0x2ffe973c                __swsetup_r
 .text.strcat   0x2ffe97e8       0x1e c:/program files (x86)/arm gnu toolchain arm-none-eabi/12.3 rel1/bin/../lib/gcc/arm-none-eabi/12.3.1/thumb/v7ve+simd/hard\libc_nano.a(libc_a-strcat.o)
                0x2ffe97e8                strcat
 .text.strncmp  0x2ffe9806       0x24 c:/program files (x86)/arm gnu toolchain arm-none-eabi/12.3 rel1/bin/../lib/gcc/arm-none-eabi/12.3.1/thumb/v7ve+simd/hard\libc_nano.a(libc_a-strncmp.o)
                0x2ffe9806                strncmp
 .text.strncpy  0x2ffe982a       0x26 c:/program files (x86)/arm gnu toolchain arm-none-eabi/12.3 rel1/bin/../lib/gcc/arm-none-eabi/12.3.1/thumb/v7ve+simd/hard\libc_nano.a(libc_a-strncpy.o)
                0x2ffe982a                strncpy
 .text          0x2ffe9850       0x1c c:/program files (x86)/arm gnu toolchain arm-none-eabi/12.3 rel1/bin/../lib/gcc/arm-none-eabi/12.3.1/thumb/v7ve+simd/hard\libc_nano.a(libc_a-strcmp.o)
                0x2ffe9850                strcmp
 .text.strcpy   0x2ffe986c       0x10 c:/program files (x86)/arm gnu toolchain arm-none-eabi/12.3 rel1/bin/../lib/gcc/arm-none-eabi/12.3.1/thumb/v7ve+simd/hard\libc_nano.a(libc_a-strcpy.o)
                0x2ffe986c                strcpy
 .text.memcpy   0x2ffe987c       0x1a c:/program files (x86)/arm gnu toolchain arm-none-eabi/12.3 rel1/bin/../lib/gcc/arm-none-eabi/12.3.1/thumb/v7ve+simd/hard\libc_nano.a(libc_a-memcpy-stub.o)
                0x2ffe987c                memcpy
 .text          0x2ffe9896       0x10 c:/program files (x86)/arm gnu toolchain arm-none-eabi/12.3 rel1/bin/../lib/gcc/arm-none-eabi/12.3.1/thumb/v7ve+simd/hard\libc_nano.a(libc_a-strlen.o)
                0x2ffe9896                strlen
 *fill*         0x2ffe98a6        0x2 
 .text.__assert_func
                0x2ffe98a8       0x3c c:/program files (x86)/arm gnu toolchain arm-none-eabi/12.3 rel1/bin/../lib/gcc/arm-none-eabi/12.3.1/thumb/v7ve+simd/hard\libc_nano.a(libc_a-assert.o)
                0x2ffe98a8                __assert_func
 .text.__ssputs_r
                0x2ffe98e4       0xb6 c:/program files (x86)/arm gnu toolchain arm-none-eabi/12.3 rel1/bin/../lib/gcc/arm-none-eabi/12.3.1/thumb/v7ve+simd/hard\libc_nano.a(libc_a-nano-svfprintf.o)
                0x2ffe98e4                __ssputs_r
 *fill*         0x2ffe999a        0x2 
 .text._svfprintf_r
                0x2ffe999c      0x1f8 c:/program files (x86)/arm gnu toolchain arm-none-eabi/12.3 rel1/bin/../lib/gcc/arm-none-eabi/12.3.1/thumb/v7ve+simd/hard\libc_nano.a(libc_a-nano-svfprintf.o)
                0x2ffe999c                _svfiprintf_r
                0x2ffe999c                _svfprintf_r
 .text.__sfputc_r
                0x2ffe9b94       0x2e c:/program files (x86)/arm gnu toolchain arm-none-eabi/12.3 rel1/bin/../lib/gcc/arm-none-eabi/12.3.1/thumb/v7ve+simd/hard\libc_nano.a(libc_a-nano-vfprintf.o)
 .text.__sfputs_r
                0x2ffe9bc2       0x24 c:/program files (x86)/arm gnu toolchain arm-none-eabi/12.3 rel1/bin/../lib/gcc/arm-none-eabi/12.3.1/thumb/v7ve+simd/hard\libc_nano.a(libc_a-nano-vfprintf.o)
                0x2ffe9bc2                __sfputs_r
 *fill*         0x2ffe9be6        0x2 
 .text._vfprintf_r
                0x2ffe9be8      0x230 c:/program files (x86)/arm gnu toolchain arm-none-eabi/12.3 rel1/bin/../lib/gcc/arm-none-eabi/12.3.1/thumb/v7ve+simd/hard\libc_nano.a(libc_a-nano-vfprintf.o)
                0x2ffe9be8                _vfprintf_r
                0x2ffe9be8                _vfiprintf_r
 .text._printf_common
                0x2ffe9e18       0xe4 c:/program files (x86)/arm gnu toolchain arm-none-eabi/12.3 rel1/bin/../lib/gcc/arm-none-eabi/12.3.1/thumb/v7ve+simd/hard\libc_nano.a(libc_a-nano-vfprintf_i.o)
                0x2ffe9e18                _printf_common
 .text._printf_i
                0x2ffe9efc      0x258 c:/program files (x86)/arm gnu toolchain arm-none-eabi/12.3 rel1/bin/../lib/gcc/arm-none-eabi/12.3.1/thumb/v7ve+simd/hard\libc_nano.a(libc_a-nano-vfprintf_i.o)
                0x2ffe9efc                _printf_i
 .text.fprintf  0x2ffea154       0x24 c:/program files (x86)/arm gnu toolchain arm-none-eabi/12.3 rel1/bin/../lib/gcc/arm-none-eabi/12.3.1/thumb/v7ve+simd/hard\libc_nano.a(libc_a-fprintf.o)
                0x2ffea154                fiprintf
                0x2ffea154                fprintf
 .text.__swhatbuf_r
                0x2ffea178       0x4a c:/program files (x86)/arm gnu toolchain arm-none-eabi/12.3 rel1/bin/../lib/gcc/arm-none-eabi/12.3.1/thumb/v7ve+simd/hard\libc_nano.a(libc_a-makebuf.o)
                0x2ffea178                __swhatbuf_r
 .text.__smakebuf_r
                0x2ffea1c2       0x78 c:/program files (x86)/arm gnu toolchain arm-none-eabi/12.3 rel1/bin/../lib/gcc/arm-none-eabi/12.3.1/thumb/v7ve+simd/hard\libc_nano.a(libc_a-makebuf.o)
                0x2ffea1c2                __smakebuf_r
 .text.memmove  0x2ffea23a       0x34 c:/program files (x86)/arm gnu toolchain arm-none-eabi/12.3 rel1/bin/../lib/gcc/arm-none-eabi/12.3.1/thumb/v7ve+simd/hard\libc_nano.a(libc_a-memmove.o)
                0x2ffea23a                memmove
 *fill*         0x2ffea26e        0x2 
 .text._fstat_r
                0x2ffea270       0x24 c:/program files (x86)/arm gnu toolchain arm-none-eabi/12.3 rel1/bin/../lib/gcc/arm-none-eabi/12.3.1/thumb/v7ve+simd/hard\libc_nano.a(libc_a-fstatr.o)
                0x2ffea270                _fstat_r
 .text._isatty_r
                0x2ffea294       0x20 c:/program files (x86)/arm gnu toolchain arm-none-eabi/12.3 rel1/bin/../lib/gcc/arm-none-eabi/12.3.1/thumb/v7ve+simd/hard\libc_nano.a(libc_a-isattyr.o)
                0x2ffea294                _isatty_r
 *fill*         0x2ffea2b4        0xc 
 .text          0x2ffea2c0       0xe8 c:/program files (x86)/arm gnu toolchain arm-none-eabi/12.3 rel1/bin/../lib/gcc/arm-none-eabi/12.3.1/thumb/v7ve+simd/hard\libc_nano.a(libc_a-memchr.o)
                0x2ffea2c0                memchr
 .text.abort    0x2ffea3a8        0xe c:/program files (x86)/arm gnu toolchain arm-none-eabi/12.3 rel1/bin/../lib/gcc/arm-none-eabi/12.3.1/thumb/v7ve+simd/hard\libc_nano.a(libc_a-abort.o)
                0x2ffea3a8                abort
 .text._realloc_r
                0x2ffea3b6       0x5c c:/program files (x86)/arm gnu toolchain arm-none-eabi/12.3 rel1/bin/../lib/gcc/arm-none-eabi/12.3.1/thumb/v7ve+simd/hard\libc_nano.a(libc_a-reallocr.o)
                0x2ffea3b6                _realloc_r
 .text._raise_r
                0x2ffea412       0x50 c:/program files (x86)/arm gnu toolchain arm-none-eabi/12.3 rel1/bin/../lib/gcc/arm-none-eabi/12.3.1/thumb/v7ve+simd/hard\libc_nano.a(libc_a-signal.o)
                0x2ffea412                _raise_r
 *fill*         0x2ffea462        0x2 
 .text.raise    0x2ffea464       0x10 c:/program files (x86)/arm gnu toolchain arm-none-eabi/12.3 rel1/bin/../lib/gcc/arm-none-eabi/12.3.1/thumb/v7ve+simd/hard\libc_nano.a(libc_a-signal.o)
                0x2ffea464                raise
 .text._kill_r  0x2ffea474       0x24 c:/program files (x86)/arm gnu toolchain arm-none-eabi/12.3 rel1/bin/../lib/gcc/arm-none-eabi/12.3.1/thumb/v7ve+simd/hard\libc_nano.a(libc_a-signalr.o)
                0x2ffea474                _kill_r
 .text._getpid_r
                0x2ffea498        0x4 c:/program files (x86)/arm gnu toolchain arm-none-eabi/12.3 rel1/bin/../lib/gcc/arm-none-eabi/12.3.1/thumb/v7ve+simd/hard\libc_nano.a(libc_a-signalr.o)
                0x2ffea498                _getpid_r
 .text._malloc_usable_size_r
                0x2ffea49c       0x10 c:/program files (x86)/arm gnu toolchain arm-none-eabi/12.3 rel1/bin/../lib/gcc/arm-none-eabi/12.3.1/thumb/v7ve+simd/hard\libc_nano.a(libc_a-msizer.o)
                0x2ffea49c                _malloc_usable_size_r
 .text          0x2ffea4ac       0xa0 c:/program files (x86)/arm gnu toolchain arm-none-eabi/12.3 rel1/bin/../lib/gcc/arm-none-eabi/12.3.1/thumb/v7ve+simd/hard\libgcc.a(_aeabi_ldivmod.o)
                0x2ffea4ac                __aeabi_ldivmod
 .text._close   0x2ffea54c       0x14 c:/program files (x86)/arm gnu toolchain arm-none-eabi/12.3 rel1/bin/../lib/gcc/arm-none-eabi/12.3.1/thumb/v7ve+simd/hard\libnosys.a(close.o)
                0x2ffea54c                _close
 .text._fstat   0x2ffea560       0x14 c:/program files (x86)/arm gnu toolchain arm-none-eabi/12.3 rel1/bin/../lib/gcc/arm-none-eabi/12.3.1/thumb/v7ve+simd/hard\libnosys.a(fstat.o)
                0x2ffea560                _fstat
 .text._getpid  0x2ffea574       0x14 c:/program files (x86)/arm gnu toolchain arm-none-eabi/12.3 rel1/bin/../lib/gcc/arm-none-eabi/12.3.1/thumb/v7ve+simd/hard\libnosys.a(getpid.o)
                0x2ffea574                _getpid
 .text._isatty  0x2ffea588       0x10 c:/program files (x86)/arm gnu toolchain arm-none-eabi/12.3 rel1/bin/../lib/gcc/arm-none-eabi/12.3.1/thumb/v7ve+simd/hard\libnosys.a(isatty.o)
                0x2ffea588                _isatty
 .text._kill    0x2ffea598       0x14 c:/program files (x86)/arm gnu toolchain arm-none-eabi/12.3 rel1/bin/../lib/gcc/arm-none-eabi/12.3.1/thumb/v7ve+simd/hard\libnosys.a(kill.o)
                0x2ffea598                _kill
 .text._lseek   0x2ffea5ac       0x14 c:/program files (x86)/arm gnu toolchain arm-none-eabi/12.3 rel1/bin/../lib/gcc/arm-none-eabi/12.3.1/thumb/v7ve+simd/hard\libnosys.a(lseek.o)
                0x2ffea5ac                _lseek
 .text._read    0x2ffea5c0       0x14 c:/program files (x86)/arm gnu toolchain arm-none-eabi/12.3 rel1/bin/../lib/gcc/arm-none-eabi/12.3.1/thumb/v7ve+simd/hard\libnosys.a(read.o)
                0x2ffea5c0                _read
 .text._sbrk    0x2ffea5d4       0x20 c:/program files (x86)/arm gnu toolchain arm-none-eabi/12.3 rel1/bin/../lib/gcc/arm-none-eabi/12.3.1/thumb/v7ve+simd/hard\libnosys.a(sbrk.o)
                0x2ffea5d4                _sbrk
 .text._write   0x2ffea5f4       0x14 c:/program files (x86)/arm gnu toolchain arm-none-eabi/12.3 rel1/bin/../lib/gcc/arm-none-eabi/12.3.1/thumb/v7ve+simd/hard\libnosys.a(write.o)
                0x2ffea5f4                _write
 .text._exit    0x2ffea608        0x4 c:/program files (x86)/arm gnu toolchain arm-none-eabi/12.3 rel1/bin/../lib/gcc/arm-none-eabi/12.3.1/thumb/v7ve+simd/hard\libnosys.a(_exit.o)
                0x2ffea608                _exit
 *(.init)
 .init          0x2ffea60c        0x4 c:/program files (x86)/arm gnu toolchain arm-none-eabi/12.3 rel1/bin/../lib/gcc/arm-none-eabi/12.3.1/thumb/v7ve+simd/hard/crti.o
                0x2ffea60c                _init
 .init          0x2ffea610        0x8 c:/program files (x86)/arm gnu toolchain arm-none-eabi/12.3 rel1/bin/../lib/gcc/arm-none-eabi/12.3.1/thumb/v7ve+simd/hard/crtn.o
 *(.fini)
 .fini          0x2ffea618        0x4 c:/program files (x86)/arm gnu toolchain arm-none-eabi/12.3 rel1/bin/../lib/gcc/arm-none-eabi/12.3.1/thumb/v7ve+simd/hard/crti.o
                0x2ffea618                _fini
 .fini          0x2ffea61c        0x8 c:/program files (x86)/arm gnu toolchain arm-none-eabi/12.3 rel1/bin/../lib/gcc/arm-none-eabi/12.3.1/thumb/v7ve+simd/hard/crtn.o
                0x2ffea624                        __TEXT_END_UNALIGNED__ = .
                0x2ffea624                        __TEXT_END__ = .
                0x2ffeb000                        . = NEXT (0x1000)
 *fill*         0x2ffea624      0x9dc 
                0x2ffeb000                        __RO_START__ = .
 *(.rodata*)
 .rodata.str1.4
                0x2ffeb000      0x2f9 build/obj/src/ddr_tests.o
 *fill*         0x2ffeb2f9        0x3 
 .rodata        0x2ffeb2fc      0x130 build/obj/src/ddr_tests.o
                0x2ffeb32c                pattern_mostly_one_x32
                0x2ffeb34c                pattern_mostly_one_x16
                0x2ffeb36c                pattern_mostly_zero_x32
                0x2ffeb38c                pattern_mostly_zero_x16
                0x2ffeb3ac                pattern_div4_x32
                0x2ffeb3cc                pattern_div4_x16
                0x2ffeb3ec                pattern_div2_x16